arm=gemma-e2b model=gemma4 E2B Q4_K - Medium file=models/google_gemma-4-E2B-it-Q4_K_M.gguf
system_info=MTL : EMBED_LIBRARY = 1 | CPU : NEON = 1 | ARM_FMA = 1 | FP16_VA = 1 | DOTPROD = 1 | LLAMAFILE = 1 | ACCELERATE = 1 | REPACK = 1 | 
settings: ctx=2500 batch=2500 ubatch=256 threads=2 gpu_layers=99 flash_attn=off max_new_tokens=200 stop=<turn|> seed=1
[1/986] item=0 arm=gemma-e2b stop=stop_string tokens=28 prompt=837
[2/986] item=1 arm=gemma-e2b stop=stop_string tokens=17 prompt=859
[3/986] item=2 arm=gemma-e2b stop=stop_string tokens=21 prompt=1048
[4/986] item=3 arm=gemma-e2b stop=stop_string tokens=18 prompt=1000
[5/986] item=4 arm=gemma-e2b stop=stop_string tokens=42 prompt=933
[6/986] item=5 arm=gemma-e2b stop=stop_string tokens=16 prompt=1066
[7/986] item=6 arm=gemma-e2b stop=stop_string tokens=17 prompt=926
[8/986] item=7 arm=gemma-e2b stop=stop_string tokens=65 prompt=929
[9/986] item=8 arm=gemma-e2b stop=stop_string tokens=11 prompt=898
[10/986] item=9 arm=gemma-e2b stop=stop_string tokens=46 prompt=853
[11/986] item=10 arm=gemma-e2b stop=stop_string tokens=23 prompt=961
[12/986] item=11 arm=gemma-e2b stop=stop_string tokens=12 prompt=899
[13/986] item=12 arm=gemma-e2b stop=stop_string tokens=78 prompt=971
[14/986] item=13 arm=gemma-e2b stop=stop_string tokens=29 prompt=904
[15/986] item=14 arm=gemma-e2b stop=stop_string tokens=9 prompt=870
[16/986] item=15 arm=gemma-e2b stop=stop_string tokens=2 prompt=885
[17/986] item=16 arm=gemma-e2b stop=stop_string tokens=29 prompt=890
[18/986] item=17 arm=gemma-e2b stop=stop_string tokens=21 prompt=832
[19/986] item=18 arm=gemma-e2b stop=stop_string tokens=66 prompt=866
[20/986] item=19 arm=gemma-e2b stop=stop_string tokens=19 prompt=1121
[21/986] item=20 arm=gemma-e2b stop=stop_string tokens=11 prompt=864
[22/986] item=21 arm=gemma-e2b stop=stop_string tokens=14 prompt=853
[23/986] item=22 arm=gemma-e2b stop=stop_string tokens=52 prompt=821
[24/986] item=23 arm=gemma-e2b stop=stop_string tokens=32 prompt=963
[25/986] item=24 arm=gemma-e2b stop=stop_string tokens=38 prompt=897
[26/986] item=25 arm=gemma-e2b stop=stop_string tokens=18 prompt=915
[27/986] item=26 arm=gemma-e2b stop=stop_string tokens=64 prompt=1109
[28/986] item=27 arm=gemma-e2b stop=stop_string tokens=21 prompt=908
[29/986] item=28 arm=gemma-e2b stop=stop_string tokens=12 prompt=1013
[30/986] item=29 arm=gemma-e2b stop=stop_string tokens=32 prompt=833
[31/986] item=30 arm=gemma-e2b stop=stop_string tokens=12 prompt=899
[32/986] item=31 arm=gemma-e2b stop=stop_string tokens=2 prompt=851
[33/986] item=32 arm=gemma-e2b stop=stop_string tokens=77 prompt=909
[34/986] item=33 arm=gemma-e2b stop=stop_string tokens=11 prompt=824
[35/986] item=34 arm=gemma-e2b stop=stop_string tokens=39 prompt=844
[36/986] item=35 arm=gemma-e2b stop=stop_string tokens=10 prompt=948
[37/986] item=36 arm=gemma-e2b stop=stop_string tokens=49 prompt=885
[38/986] item=37 arm=gemma-e2b stop=stop_string tokens=22 prompt=952
[39/986] item=38 arm=gemma-e2b stop=stop_string tokens=19 prompt=883
[40/986] item=39 arm=gemma-e2b stop=stop_string tokens=28 prompt=923
[41/986] item=40 arm=gemma-e2b stop=stop_string tokens=31 prompt=866
[42/986] item=41 arm=gemma-e2b stop=stop_string tokens=24 prompt=894
[43/986] item=42 arm=gemma-e2b stop=stop_string tokens=17 prompt=905
[44/986] item=43 arm=gemma-e2b stop=stop_string tokens=17 prompt=903
[45/986] item=44 arm=gemma-e2b stop=stop_string tokens=15 prompt=863
[46/986] item=45 arm=gemma-e2b stop=stop_string tokens=17 prompt=939
[47/986] item=46 arm=gemma-e2b stop=stop_string tokens=17 prompt=938
[48/986] item=47 arm=gemma-e2b stop=stop_string tokens=21 prompt=661
[49/986] item=48 arm=gemma-e2b stop=stop_string tokens=28 prompt=967
[50/986] item=49 arm=gemma-e2b stop=stop_string tokens=33 prompt=831
[51/986] item=50 arm=gemma-e2b stop=stop_string tokens=21 prompt=856
[52/986] item=51 arm=gemma-e2b stop=stop_string tokens=36 prompt=946
[53/986] item=52 arm=gemma-e2b stop=stop_string tokens=163 prompt=925
[54/986] item=53 arm=gemma-e2b stop=stop_string tokens=17 prompt=843
[55/986] item=54 arm=gemma-e2b stop=stop_string tokens=28 prompt=855
[56/986] item=55 arm=gemma-e2b stop=stop_string tokens=9 prompt=903
[57/986] item=56 arm=gemma-e2b stop=stop_string tokens=32 prompt=959
[58/986] item=57 arm=gemma-e2b stop=stop_string tokens=17 prompt=948
[59/986] item=58 arm=gemma-e2b stop=stop_string tokens=99 prompt=840
[60/986] item=59 arm=gemma-e2b stop=stop_string tokens=89 prompt=986
[61/986] item=60 arm=gemma-e2b stop=stop_string tokens=21 prompt=913
[62/986] item=61 arm=gemma-e2b stop=stop_string tokens=15 prompt=840
[63/986] item=62 arm=gemma-e2b stop=stop_string tokens=14 prompt=940
[64/986] item=63 arm=gemma-e2b stop=stop_string tokens=51 prompt=749
[65/986] item=64 arm=gemma-e2b stop=stop_string tokens=18 prompt=860
[66/986] item=65 arm=gemma-e2b stop=stop_string tokens=19 prompt=1005
[67/986] item=66 arm=gemma-e2b stop=stop_string tokens=55 prompt=871
[68/986] item=67 arm=gemma-e2b stop=stop_string tokens=55 prompt=880
[69/986] item=68 arm=gemma-e2b stop=stop_string tokens=76 prompt=854
[70/986] item=69 arm=gemma-e2b stop=stop_string tokens=23 prompt=863
[71/986] item=70 arm=gemma-e2b stop=stop_string tokens=2 prompt=922
[72/986] item=71 arm=gemma-e2b stop=stop_string tokens=64 prompt=957
[73/986] item=72 arm=gemma-e2b stop=stop_string tokens=28 prompt=849
[74/986] item=73 arm=gemma-e2b stop=stop_string tokens=69 prompt=873
[75/986] item=74 arm=gemma-e2b stop=stop_string tokens=12 prompt=963
[76/986] item=75 arm=gemma-e2b stop=stop_string tokens=19 prompt=875
[77/986] item=76 arm=gemma-e2b stop=stop_string tokens=39 prompt=973
[78/986] item=77 arm=gemma-e2b stop=stop_string tokens=21 prompt=928
[79/986] item=78 arm=gemma-e2b stop=stop_string tokens=2 prompt=872
[80/986] item=79 arm=gemma-e2b stop=stop_string tokens=17 prompt=981
[81/986] item=80 arm=gemma-e2b stop=stop_string tokens=22 prompt=881
[82/986] item=81 arm=gemma-e2b stop=stop_string tokens=16 prompt=839
[83/986] item=82 arm=gemma-e2b stop=stop_string tokens=112 prompt=918
[84/986] item=83 arm=gemma-e2b stop=stop_string tokens=29 prompt=897
[85/986] item=84 arm=gemma-e2b stop=stop_string tokens=37 prompt=950
[86/986] item=85 arm=gemma-e2b stop=stop_string tokens=17 prompt=859
[87/986] item=86 arm=gemma-e2b stop=stop_string tokens=20 prompt=941
[88/986] item=87 arm=gemma-e2b stop=stop_string tokens=18 prompt=924
[89/986] item=88 arm=gemma-e2b stop=stop_string tokens=19 prompt=882
[90/986] item=89 arm=gemma-e2b stop=stop_string tokens=41 prompt=930
[91/986] item=90 arm=gemma-e2b stop=stop_string tokens=162 prompt=991
[92/986] item=91 arm=gemma-e2b stop=stop_string tokens=14 prompt=870
[93/986] item=92 arm=gemma-e2b stop=stop_string tokens=19 prompt=855
[94/986] item=93 arm=gemma-e2b stop=stop_string tokens=42 prompt=924
[95/986] item=94 arm=gemma-e2b stop=stop_string tokens=19 prompt=868
[96/986] item=95 arm=gemma-e2b stop=stop_string tokens=32 prompt=801
[97/986] item=96 arm=gemma-e2b stop=stop_string tokens=81 prompt=870
[98/986] item=97 arm=gemma-e2b stop=stop_string tokens=18 prompt=869
[99/986] item=98 arm=gemma-e2b stop=stop_string tokens=21 prompt=1015
[100/986] item=99 arm=gemma-e2b stop=stop_string tokens=19 prompt=942
[101/986] item=100 arm=gemma-e2b stop=stop_string tokens=17 prompt=867
[102/986] item=101 arm=gemma-e2b stop=stop_string tokens=55 prompt=857
[103/986] item=102 arm=gemma-e2b stop=stop_string tokens=2 prompt=866
[104/986] item=103 arm=gemma-e2b stop=stop_string tokens=11 prompt=909
[105/986] item=104 arm=gemma-e2b stop=stop_string tokens=60 prompt=853
[106/986] item=105 arm=gemma-e2b stop=stop_string tokens=22 prompt=945
[107/986] item=106 arm=gemma-e2b stop=stop_string tokens=117 prompt=1049
[108/986] item=107 arm=gemma-e2b stop=stop_string tokens=92 prompt=845
[109/986] item=108 arm=gemma-e2b stop=stop_string tokens=14 prompt=718
[110/986] item=109 arm=gemma-e2b stop=stop_string tokens=2 prompt=837
[111/986] item=110 arm=gemma-e2b stop=stop_string tokens=29 prompt=945
[112/986] item=111 arm=gemma-e2b stop=stop_string tokens=28 prompt=871
[113/986] item=112 arm=gemma-e2b stop=stop_string tokens=23 prompt=910
[114/986] item=113 arm=gemma-e2b stop=stop_string tokens=35 prompt=873
[115/986] item=114 arm=gemma-e2b stop=stop_string tokens=18 prompt=946
[116/986] item=115 arm=gemma-e2b stop=stop_string tokens=14 prompt=874
[117/986] item=116 arm=gemma-e2b stop=stop_string tokens=6 prompt=966
[118/986] item=117 arm=gemma-e2b stop=stop_string tokens=11 prompt=844
[119/986] item=118 arm=gemma-e2b stop=stop_string tokens=18 prompt=704
[120/986] item=119 arm=gemma-e2b stop=stop_string tokens=169 prompt=923
[121/986] item=120 arm=gemma-e2b stop=stop_string tokens=62 prompt=832
[122/986] item=121 arm=gemma-e2b stop=stop_string tokens=11 prompt=777
[123/986] item=122 arm=gemma-e2b stop=stop_string tokens=17 prompt=851
[124/986] item=123 arm=gemma-e2b stop=stop_string tokens=29 prompt=843
[125/986] item=124 arm=gemma-e2b stop=stop_string tokens=37 prompt=932
[126/986] item=125 arm=gemma-e2b stop=stop_string tokens=2 prompt=963
[127/986] item=126 arm=gemma-e2b stop=stop_string tokens=12 prompt=946
[128/986] item=127 arm=gemma-e2b stop=stop_string tokens=74 prompt=885
[129/986] item=128 arm=gemma-e2b stop=stop_string tokens=39 prompt=952
[130/986] item=129 arm=gemma-e2b stop=stop_string tokens=85 prompt=910
[131/986] item=130 arm=gemma-e2b stop=stop_string tokens=19 prompt=864
[132/986] item=131 arm=gemma-e2b stop=stop_string tokens=53 prompt=918
[133/986] item=132 arm=gemma-e2b stop=stop_string tokens=19 prompt=805
[134/986] item=133 arm=gemma-e2b stop=stop_string tokens=28 prompt=910
[135/986] item=134 arm=gemma-e2b stop=stop_string tokens=41 prompt=844
[136/986] item=135 arm=gemma-e2b stop=stop_string tokens=17 prompt=865
[137/986] item=136 arm=gemma-e2b stop=stop_string tokens=2 prompt=893
[138/986] item=137 arm=gemma-e2b stop=stop_string tokens=20 prompt=978
[139/986] item=138 arm=gemma-e2b stop=stop_string tokens=12 prompt=927
[140/986] item=139 arm=gemma-e2b stop=stop_string tokens=65 prompt=890
[141/986] item=140 arm=gemma-e2b stop=stop_string tokens=16 prompt=936
[142/986] item=141 arm=gemma-e2b stop=stop_string tokens=22 prompt=853
[143/986] item=142 arm=gemma-e2b stop=stop_string tokens=21 prompt=921
[144/986] item=143 arm=gemma-e2b stop=stop_string tokens=2 prompt=1105
[145/986] item=144 arm=gemma-e2b stop=stop_string tokens=82 prompt=866
[146/986] item=145 arm=gemma-e2b stop=stop_string tokens=17 prompt=867
[147/986] item=146 arm=gemma-e2b stop=stop_string tokens=48 prompt=849
[148/986] item=147 arm=gemma-e2b stop=stop_string tokens=42 prompt=945
[149/986] item=148 arm=gemma-e2b stop=stop_string tokens=24 prompt=849
[150/986] item=149 arm=gemma-e2b stop=stop_string tokens=24 prompt=813
[151/986] item=150 arm=gemma-e2b stop=stop_string tokens=40 prompt=917
[152/986] item=151 arm=gemma-e2b stop=stop_string tokens=14 prompt=848
[153/986] item=152 arm=gemma-e2b stop=stop_string tokens=16 prompt=877
[154/986] item=153 arm=gemma-e2b stop=stop_string tokens=42 prompt=929
[155/986] item=154 arm=gemma-e2b stop=stop_string tokens=15 prompt=835
[156/986] item=155 arm=gemma-e2b stop=stop_string tokens=37 prompt=900
[157/986] item=156 arm=gemma-e2b stop=stop_string tokens=17 prompt=851
[158/986] item=157 arm=gemma-e2b stop=stop_string tokens=33 prompt=920
[159/986] item=158 arm=gemma-e2b stop=stop_string tokens=33 prompt=1013
[160/986] item=159 arm=gemma-e2b stop=stop_string tokens=22 prompt=925
[161/986] item=160 arm=gemma-e2b stop=stop_string tokens=16 prompt=913
[162/986] item=161 arm=gemma-e2b stop=stop_string tokens=22 prompt=859
[163/986] item=162 arm=gemma-e2b stop=stop_string tokens=80 prompt=916
[164/986] item=163 arm=gemma-e2b stop=stop_string tokens=10 prompt=843
[165/986] item=164 arm=gemma-e2b stop=stop_string tokens=24 prompt=922
[166/986] item=165 arm=gemma-e2b stop=stop_string tokens=20 prompt=929
[167/986] item=166 arm=gemma-e2b stop=stop_string tokens=49 prompt=860
[168/986] item=167 arm=gemma-e2b stop=stop_string tokens=30 prompt=784
[169/986] item=168 arm=gemma-e2b stop=stop_string tokens=54 prompt=862
[170/986] item=169 arm=gemma-e2b stop=stop_string tokens=26 prompt=867
[171/986] item=170 arm=gemma-e2b stop=stop_string tokens=60 prompt=924
[172/986] item=171 arm=gemma-e2b stop=stop_string tokens=12 prompt=861
[173/986] item=172 arm=gemma-e2b stop=stop_string tokens=18 prompt=995
[174/986] item=173 arm=gemma-e2b stop=stop_string tokens=22 prompt=895
[175/986] item=174 arm=gemma-e2b stop=stop_string tokens=16 prompt=879
[176/986] item=175 arm=gemma-e2b stop=stop_string tokens=18 prompt=1045
[177/986] item=176 arm=gemma-e2b stop=stop_string tokens=59 prompt=906
[178/986] item=177 arm=gemma-e2b stop=stop_string tokens=20 prompt=893
[179/986] item=178 arm=gemma-e2b stop=stop_string tokens=43 prompt=924
[180/986] item=179 arm=gemma-e2b stop=stop_string tokens=28 prompt=899
[181/986] item=180 arm=gemma-e2b stop=stop_string tokens=140 prompt=938
[182/986] item=181 arm=gemma-e2b stop=stop_string tokens=60 prompt=827
[183/986] item=182 arm=gemma-e2b stop=stop_string tokens=22 prompt=997
[184/986] item=183 arm=gemma-e2b stop=stop_string tokens=26 prompt=930
[185/986] item=184 arm=gemma-e2b stop=stop_string tokens=12 prompt=951
[186/986] item=185 arm=gemma-e2b stop=stop_string tokens=2 prompt=1016
[187/986] item=186 arm=gemma-e2b stop=stop_string tokens=17 prompt=808
[188/986] item=187 arm=gemma-e2b stop=stop_string tokens=23 prompt=854
[189/986] item=188 arm=gemma-e2b stop=stop_string tokens=24 prompt=822
[190/986] item=189 arm=gemma-e2b stop=stop_string tokens=23 prompt=959
[191/986] item=190 arm=gemma-e2b stop=stop_string tokens=47 prompt=1031
[192/986] item=191 arm=gemma-e2b stop=stop_string tokens=32 prompt=953
[193/986] item=192 arm=gemma-e2b stop=stop_string tokens=78 prompt=967
[194/986] item=193 arm=gemma-e2b stop=stop_string tokens=24 prompt=868
[195/986] item=194 arm=gemma-e2b stop=stop_string tokens=26 prompt=974
[196/986] item=195 arm=gemma-e2b stop=stop_string tokens=26 prompt=852
[197/986] item=196 arm=gemma-e2b stop=stop_string tokens=138 prompt=1626
[198/986] item=197 arm=gemma-e2b stop=stop_string tokens=16 prompt=843
[199/986] item=198 arm=gemma-e2b stop=stop_string tokens=21 prompt=772
[200/986] item=199 arm=gemma-e2b stop=stop_string tokens=16 prompt=928
[201/986] item=200 arm=gemma-e2b stop=stop_string tokens=19 prompt=855
[202/986] item=201 arm=gemma-e2b stop=stop_string tokens=24 prompt=1147
[203/986] item=202 arm=gemma-e2b stop=stop_string tokens=20 prompt=1027
[204/986] item=203 arm=gemma-e2b stop=stop_string tokens=16 prompt=927
[205/986] item=204 arm=gemma-e2b stop=stop_string tokens=15 prompt=931
[206/986] item=205 arm=gemma-e2b stop=stop_string tokens=136 prompt=942
[207/986] item=206 arm=gemma-e2b stop=stop_string tokens=22 prompt=854
[208/986] item=207 arm=gemma-e2b stop=stop_string tokens=24 prompt=943
[209/986] item=208 arm=gemma-e2b stop=stop_string tokens=39 prompt=878
[210/986] item=209 arm=gemma-e2b stop=stop_string tokens=18 prompt=1057
[211/986] item=210 arm=gemma-e2b stop=stop_string tokens=2 prompt=941
[212/986] item=211 arm=gemma-e2b stop=stop_string tokens=22 prompt=868
[213/986] item=212 arm=gemma-e2b stop=stop_string tokens=2 prompt=860
[214/986] item=213 arm=gemma-e2b stop=stop_string tokens=15 prompt=861
[215/986] item=214 arm=gemma-e2b stop=stop_string tokens=156 prompt=865
[216/986] item=215 arm=gemma-e2b stop=stop_string tokens=14 prompt=881
[217/986] item=216 arm=gemma-e2b stop=stop_string tokens=78 prompt=894
[218/986] item=217 arm=gemma-e2b stop=stop_string tokens=11 prompt=872
[219/986] item=218 arm=gemma-e2b stop=stop_string tokens=35 prompt=851
[220/986] item=219 arm=gemma-e2b stop=stop_string tokens=18 prompt=881
[221/986] item=220 arm=gemma-e2b stop=stop_string tokens=64 prompt=830
[222/986] item=221 arm=gemma-e2b stop=stop_string tokens=55 prompt=955
[223/986] item=222 arm=gemma-e2b stop=stop_string tokens=61 prompt=971
[224/986] item=223 arm=gemma-e2b stop=stop_string tokens=63 prompt=849
[225/986] item=224 arm=gemma-e2b stop=stop_string tokens=22 prompt=829
[226/986] item=225 arm=gemma-e2b stop=stop_string tokens=48 prompt=864
[227/986] item=226 arm=gemma-e2b stop=stop_string tokens=17 prompt=924
[228/986] item=227 arm=gemma-e2b stop=stop_string tokens=19 prompt=852
[229/986] item=228 arm=gemma-e2b stop=stop_string tokens=13 prompt=981
[230/986] item=229 arm=gemma-e2b stop=stop_string tokens=71 prompt=975
[231/986] item=230 arm=gemma-e2b stop=stop_string tokens=28 prompt=885
[232/986] item=231 arm=gemma-e2b stop=stop_string tokens=13 prompt=829
[233/986] item=232 arm=gemma-e2b stop=stop_string tokens=23 prompt=833
[234/986] item=233 arm=gemma-e2b stop=stop_string tokens=2 prompt=913
[235/986] item=234 arm=gemma-e2b stop=stop_string tokens=24 prompt=910
[236/986] item=235 arm=gemma-e2b stop=stop_string tokens=122 prompt=831
[237/986] item=236 arm=gemma-e2b stop=stop_string tokens=46 prompt=881
[238/986] item=237 arm=gemma-e2b stop=stop_string tokens=21 prompt=902
[239/986] item=238 arm=gemma-e2b stop=stop_string tokens=23 prompt=873
[240/986] item=239 arm=gemma-e2b stop=stop_string tokens=17 prompt=820
[241/986] item=240 arm=gemma-e2b stop=stop_string tokens=19 prompt=843
[242/986] item=241 arm=gemma-e2b stop=stop_string tokens=96 prompt=932
[243/986] item=242 arm=gemma-e2b stop=stop_string tokens=27 prompt=965
[244/986] item=243 arm=gemma-e2b stop=stop_string tokens=33 prompt=864
[245/986] item=244 arm=gemma-e2b stop=stop_string tokens=10 prompt=903
[246/986] item=245 arm=gemma-e2b stop=stop_string tokens=18 prompt=1025
[247/986] item=246 arm=gemma-e2b stop=stop_string tokens=19 prompt=857
[248/986] item=247 arm=gemma-e2b stop=stop_string tokens=34 prompt=873
[249/986] item=248 arm=gemma-e2b stop=stop_string tokens=20 prompt=941
[250/986] item=249 arm=gemma-e2b stop=stop_string tokens=28 prompt=929
[251/986] item=250 arm=gemma-e2b stop=stop_string tokens=43 prompt=889
[252/986] item=251 arm=gemma-e2b stop=stop_string tokens=111 prompt=866
[253/986] item=252 arm=gemma-e2b stop=stop_string tokens=19 prompt=879
[254/986] item=253 arm=gemma-e2b stop=stop_string tokens=64 prompt=849
[255/986] item=254 arm=gemma-e2b stop=stop_string tokens=28 prompt=660
[256/986] item=255 arm=gemma-e2b stop=stop_string tokens=65 prompt=937
[257/986] item=256 arm=gemma-e2b stop=stop_string tokens=21 prompt=872
[258/986] item=257 arm=gemma-e2b stop=stop_string tokens=13 prompt=872
[259/986] item=258 arm=gemma-e2b stop=stop_string tokens=116 prompt=866
[260/986] item=259 arm=gemma-e2b stop=stop_string tokens=32 prompt=941
[261/986] item=260 arm=gemma-e2b stop=stop_string tokens=41 prompt=863
[262/986] item=261 arm=gemma-e2b stop=stop_string tokens=68 prompt=913
[263/986] item=262 arm=gemma-e2b stop=stop_string tokens=19 prompt=809
[264/986] item=263 arm=gemma-e2b stop=stop_string tokens=19 prompt=867
[265/986] item=264 arm=gemma-e2b stop=stop_string tokens=16 prompt=874
[266/986] item=265 arm=gemma-e2b stop=stop_string tokens=42 prompt=993
[267/986] item=266 arm=gemma-e2b stop=stop_string tokens=20 prompt=1052
[268/986] item=267 arm=gemma-e2b stop=stop_string tokens=58 prompt=945
[269/986] item=268 arm=gemma-e2b stop=stop_string tokens=12 prompt=839
[270/986] item=269 arm=gemma-e2b stop=stop_string tokens=66 prompt=1042
[271/986] item=270 arm=gemma-e2b stop=stop_string tokens=53 prompt=928
[272/986] item=271 arm=gemma-e2b stop=stop_string tokens=2 prompt=841
[273/986] item=272 arm=gemma-e2b stop=stop_string tokens=71 prompt=832
[274/986] item=273 arm=gemma-e2b stop=stop_string tokens=69 prompt=903
[275/986] item=274 arm=gemma-e2b stop=stop_string tokens=34 prompt=945
[276/986] item=275 arm=gemma-e2b stop=stop_string tokens=21 prompt=870
[277/986] item=276 arm=gemma-e2b stop=stop_string tokens=75 prompt=851
[278/986] item=277 arm=gemma-e2b stop=stop_string tokens=13 prompt=867
[279/986] item=278 arm=gemma-e2b stop=stop_string tokens=17 prompt=896
[280/986] item=279 arm=gemma-e2b stop=stop_string tokens=50 prompt=889
[281/986] item=280 arm=gemma-e2b stop=stop_string tokens=23 prompt=917
[282/986] item=281 arm=gemma-e2b stop=stop_string tokens=14 prompt=837
[283/986] item=282 arm=gemma-e2b stop=stop_string tokens=22 prompt=957
[284/986] item=283 arm=gemma-e2b stop=stop_string tokens=46 prompt=851
[285/986] item=284 arm=gemma-e2b stop=stop_string tokens=34 prompt=916
[286/986] item=285 arm=gemma-e2b stop=stop_string tokens=13 prompt=846
[287/986] item=286 arm=gemma-e2b stop=stop_string tokens=15 prompt=906
[288/986] item=287 arm=gemma-e2b stop=stop_string tokens=15 prompt=852
[289/986] item=288 arm=gemma-e2b stop=stop_string tokens=19 prompt=855
[290/986] item=289 arm=gemma-e2b stop=stop_string tokens=19 prompt=1002
[291/986] item=290 arm=gemma-e2b stop=stop_string tokens=9 prompt=917
[292/986] item=291 arm=gemma-e2b stop=stop_string tokens=12 prompt=883
[293/986] item=292 arm=gemma-e2b stop=stop_string tokens=21 prompt=903
[294/986] item=293 arm=gemma-e2b stop=stop_string tokens=65 prompt=913
[295/986] item=294 arm=gemma-e2b stop=stop_string tokens=18 prompt=1103
[296/986] item=295 arm=gemma-e2b stop=stop_string tokens=164 prompt=877
[297/986] item=296 arm=gemma-e2b stop=stop_string tokens=57 prompt=855
[298/986] item=297 arm=gemma-e2b stop=stop_string tokens=97 prompt=860
[299/986] item=298 arm=gemma-e2b stop=stop_string tokens=21 prompt=969
[300/986] item=299 arm=gemma-e2b stop=stop_string tokens=34 prompt=889
[301/986] item=300 arm=gemma-e2b stop=stop_string tokens=2 prompt=873
[302/986] item=301 arm=gemma-e2b stop=stop_string tokens=12 prompt=874
[303/986] item=302 arm=gemma-e2b stop=stop_string tokens=82 prompt=942
[304/986] item=303 arm=gemma-e2b stop=stop_string tokens=34 prompt=891
[305/986] item=304 arm=gemma-e2b stop=stop_string tokens=58 prompt=916
[306/986] item=305 arm=gemma-e2b stop=stop_string tokens=13 prompt=888
[307/986] item=306 arm=gemma-e2b stop=stop_string tokens=83 prompt=888
[308/986] item=307 arm=gemma-e2b stop=stop_string tokens=15 prompt=863
[309/986] item=308 arm=gemma-e2b stop=stop_string tokens=67 prompt=886
[310/986] item=309 arm=gemma-e2b stop=stop_string tokens=44 prompt=1014
[311/986] item=310 arm=gemma-e2b stop=stop_string tokens=10 prompt=944
[312/986] item=311 arm=gemma-e2b stop=stop_string tokens=34 prompt=920
[313/986] item=312 arm=gemma-e2b stop=stop_string tokens=67 prompt=845
[314/986] item=313 arm=gemma-e2b stop=stop_string tokens=22 prompt=877
[315/986] item=314 arm=gemma-e2b stop=stop_string tokens=17 prompt=878
[316/986] item=315 arm=gemma-e2b stop=stop_string tokens=32 prompt=915
[317/986] item=316 arm=gemma-e2b stop=stop_string tokens=28 prompt=876
[318/986] item=317 arm=gemma-e2b stop=stop_string tokens=25 prompt=875
[319/986] item=318 arm=gemma-e2b stop=stop_string tokens=20 prompt=1004
[320/986] item=319 arm=gemma-e2b stop=stop_string tokens=39 prompt=903
[321/986] item=320 arm=gemma-e2b stop=stop_string tokens=17 prompt=850
[322/986] item=321 arm=gemma-e2b stop=stop_string tokens=22 prompt=861
[323/986] item=322 arm=gemma-e2b stop=stop_string tokens=21 prompt=929
[324/986] item=323 arm=gemma-e2b stop=stop_string tokens=14 prompt=884
[325/986] item=324 arm=gemma-e2b stop=stop_string tokens=13 prompt=831
[326/986] item=325 arm=gemma-e2b stop=stop_string tokens=73 prompt=851
[327/986] item=326 arm=gemma-e2b stop=stop_string tokens=87 prompt=891
[328/986] item=327 arm=gemma-e2b stop=stop_string tokens=33 prompt=845
[329/986] item=328 arm=gemma-e2b stop=stop_string tokens=16 prompt=893
[330/986] item=329 arm=gemma-e2b stop=stop_string tokens=12 prompt=847
[331/986] item=330 arm=gemma-e2b stop=stop_string tokens=12 prompt=889
[332/986] item=331 arm=gemma-e2b stop=stop_string tokens=125 prompt=923
[333/986] item=332 arm=gemma-e2b stop=stop_string tokens=29 prompt=827
[334/986] item=333 arm=gemma-e2b stop=stop_string tokens=116 prompt=889
[335/986] item=334 arm=gemma-e2b stop=stop_string tokens=22 prompt=828
[336/986] item=335 arm=gemma-e2b stop=stop_string tokens=16 prompt=874
[337/986] item=336 arm=gemma-e2b stop=stop_string tokens=46 prompt=870
[338/986] item=337 arm=gemma-e2b stop=stop_string tokens=19 prompt=858
[339/986] item=338 arm=gemma-e2b stop=stop_string tokens=29 prompt=904
[340/986] item=339 arm=gemma-e2b stop=stop_string tokens=38 prompt=822
[341/986] item=340 arm=gemma-e2b stop=stop_string tokens=2 prompt=888
[342/986] item=341 arm=gemma-e2b stop=stop_string tokens=17 prompt=970
[343/986] item=342 arm=gemma-e2b stop=stop_string tokens=199 prompt=867
[344/986] item=343 arm=gemma-e2b stop=stop_string tokens=14 prompt=888
[345/986] item=344 arm=gemma-e2b stop=stop_string tokens=12 prompt=842
[346/986] item=345 arm=gemma-e2b stop=stop_string tokens=16 prompt=891
[347/986] item=346 arm=gemma-e2b stop=stop_string tokens=16 prompt=881
[348/986] item=347 arm=gemma-e2b stop=stop_string tokens=31 prompt=1042
[349/986] item=348 arm=gemma-e2b stop=stop_string tokens=2 prompt=891
[350/986] item=349 arm=gemma-e2b stop=stop_string tokens=12 prompt=862
[351/986] item=350 arm=gemma-e2b stop=stop_string tokens=16 prompt=853
[352/986] item=351 arm=gemma-e2b stop=stop_string tokens=46 prompt=901
[353/986] item=352 arm=gemma-e2b stop=stop_string tokens=78 prompt=868
[354/986] item=353 arm=gemma-e2b stop=stop_string tokens=20 prompt=1293
[355/986] item=354 arm=gemma-e2b stop=stop_string tokens=9 prompt=910
[356/986] item=355 arm=gemma-e2b stop=stop_string tokens=53 prompt=862
[357/986] item=356 arm=gemma-e2b stop=stop_string tokens=32 prompt=873
[358/986] item=357 arm=gemma-e2b stop=stop_string tokens=30 prompt=917
[359/986] item=358 arm=gemma-e2b stop=stop_string tokens=24 prompt=900
[360/986] item=359 arm=gemma-e2b stop=stop_string tokens=19 prompt=892
[361/986] item=360 arm=gemma-e2b stop=stop_string tokens=41 prompt=984
[362/986] item=361 arm=gemma-e2b stop=stop_string tokens=18 prompt=764
[363/986] item=362 arm=gemma-e2b stop=stop_string tokens=16 prompt=921
[364/986] item=363 arm=gemma-e2b stop=stop_string tokens=14 prompt=854
[365/986] item=364 arm=gemma-e2b stop=stop_string tokens=12 prompt=864
[366/986] item=365 arm=gemma-e2b stop=stop_string tokens=17 prompt=903
[367/986] item=366 arm=gemma-e2b stop=stop_string tokens=13 prompt=911
[368/986] item=367 arm=gemma-e2b stop=stop_string tokens=19 prompt=826
[369/986] item=368 arm=gemma-e2b stop=stop_string tokens=11 prompt=905
[370/986] item=369 arm=gemma-e2b stop=stop_string tokens=30 prompt=885
[371/986] item=370 arm=gemma-e2b stop=stop_string tokens=2 prompt=1146
[372/986] item=371 arm=gemma-e2b stop=stop_string tokens=33 prompt=911
[373/986] item=372 arm=gemma-e2b stop=stop_string tokens=81 prompt=916
[374/986] item=373 arm=gemma-e2b stop=stop_string tokens=21 prompt=884
[375/986] item=374 arm=gemma-e2b stop=stop_string tokens=2 prompt=891
[376/986] item=375 arm=gemma-e2b stop=stop_string tokens=18 prompt=914
[377/986] item=376 arm=gemma-e2b stop=stop_string tokens=9 prompt=924
[378/986] item=377 arm=gemma-e2b stop=stop_string tokens=35 prompt=886
[379/986] item=378 arm=gemma-e2b stop=stop_string tokens=114 prompt=929
[380/986] item=379 arm=gemma-e2b stop=stop_string tokens=65 prompt=854
[381/986] item=380 arm=gemma-e2b stop=stop_string tokens=15 prompt=855
[382/986] item=381 arm=gemma-e2b stop=stop_string tokens=72 prompt=959
[383/986] item=382 arm=gemma-e2b stop=stop_string tokens=17 prompt=847
[384/986] item=383 arm=gemma-e2b stop=stop_string tokens=52 prompt=855
[385/986] item=384 arm=gemma-e2b stop=stop_string tokens=27 prompt=862
[386/986] item=385 arm=gemma-e2b stop=stop_string tokens=57 prompt=888
[387/986] item=386 arm=gemma-e2b stop=stop_string tokens=18 prompt=956
[388/986] item=387 arm=gemma-e2b stop=stop_string tokens=19 prompt=884
[389/986] item=388 arm=gemma-e2b stop=stop_string tokens=17 prompt=1215
[390/986] item=389 arm=gemma-e2b stop=stop_string tokens=144 prompt=871
[391/986] item=390 arm=gemma-e2b stop=stop_string tokens=13 prompt=893
[392/986] item=391 arm=gemma-e2b stop=stop_string tokens=20 prompt=822
[393/986] item=392 arm=gemma-e2b stop=stop_string tokens=9 prompt=855
[394/986] item=393 arm=gemma-e2b stop=stop_string tokens=19 prompt=834
[395/986] item=394 arm=gemma-e2b stop=stop_string tokens=16 prompt=959
[396/986] item=395 arm=gemma-e2b stop=stop_string tokens=2 prompt=943
[397/986] item=396 arm=gemma-e2b stop=stop_string tokens=21 prompt=882
[398/986] item=397 arm=gemma-e2b stop=stop_string tokens=47 prompt=920
[399/986] item=398 arm=gemma-e2b stop=stop_string tokens=20 prompt=893
[400/986] item=399 arm=gemma-e2b stop=stop_string tokens=27 prompt=842
[401/986] item=400 arm=gemma-e2b stop=stop_string tokens=29 prompt=858
[402/986] item=401 arm=gemma-e2b stop=stop_string tokens=18 prompt=954
[403/986] item=402 arm=gemma-e2b stop=stop_string tokens=12 prompt=843
[404/986] item=403 arm=gemma-e2b stop=stop_string tokens=17 prompt=898
[405/986] item=404 arm=gemma-e2b stop=stop_string tokens=29 prompt=798
[406/986] item=405 arm=gemma-e2b stop=stop_string tokens=43 prompt=873
[407/986] item=406 arm=gemma-e2b stop=stop_string tokens=46 prompt=862
[408/986] item=407 arm=gemma-e2b stop=stop_string tokens=131 prompt=870
[409/986] item=408 arm=gemma-e2b stop=stop_string tokens=113 prompt=899
[410/986] item=409 arm=gemma-e2b stop=stop_string tokens=15 prompt=856
[411/986] item=410 arm=gemma-e2b stop=stop_string tokens=22 prompt=903
[412/986] item=411 arm=gemma-e2b stop=stop_string tokens=21 prompt=906
[413/986] item=412 arm=gemma-e2b stop=stop_string tokens=34 prompt=859
[414/986] item=413 arm=gemma-e2b stop=stop_string tokens=17 prompt=1007
[415/986] item=414 arm=gemma-e2b stop=stop_string tokens=11 prompt=893
[416/986] item=415 arm=gemma-e2b stop=stop_string tokens=14 prompt=925
[417/986] item=416 arm=gemma-e2b stop=stop_string tokens=19 prompt=896
[418/986] item=417 arm=gemma-e2b stop=stop_string tokens=12 prompt=907
[419/986] item=418 arm=gemma-e2b stop=stop_string tokens=111 prompt=925
[420/986] item=419 arm=gemma-e2b stop=stop_string tokens=26 prompt=944
[421/986] item=420 arm=gemma-e2b stop=stop_string tokens=14 prompt=1041
[422/986] item=421 arm=gemma-e2b stop=stop_string tokens=9 prompt=930
[423/986] item=422 arm=gemma-e2b stop=stop_string tokens=17 prompt=766
[424/986] item=423 arm=gemma-e2b stop=stop_string tokens=26 prompt=990
[425/986] item=424 arm=gemma-e2b stop=stop_string tokens=30 prompt=921
[426/986] item=425 arm=gemma-e2b stop=stop_string tokens=93 prompt=877
[427/986] item=426 arm=gemma-e2b stop=stop_string tokens=77 prompt=901
[428/986] item=427 arm=gemma-e2b stop=stop_string tokens=23 prompt=938
[429/986] item=428 arm=gemma-e2b stop=stop_string tokens=30 prompt=832
[430/986] item=429 arm=gemma-e2b stop=stop_string tokens=61 prompt=931
[431/986] item=430 arm=gemma-e2b stop=stop_string tokens=47 prompt=929
[432/986] item=431 arm=gemma-e2b stop=stop_string tokens=11 prompt=847
[433/986] item=432 arm=gemma-e2b stop=stop_string tokens=2 prompt=897
[434/986] item=433 arm=gemma-e2b stop=stop_string tokens=29 prompt=961
[435/986] item=434 arm=gemma-e2b stop=stop_string tokens=15 prompt=797
[436/986] item=435 arm=gemma-e2b stop=stop_string tokens=63 prompt=876
[437/986] item=436 arm=gemma-e2b stop=stop_string tokens=44 prompt=854
[438/986] item=437 arm=gemma-e2b stop=stop_string tokens=14 prompt=930
[439/986] item=438 arm=gemma-e2b stop=stop_string tokens=36 prompt=866
[440/986] item=439 arm=gemma-e2b stop=stop_string tokens=21 prompt=989
[441/986] item=440 arm=gemma-e2b stop=stop_string tokens=2 prompt=822
[442/986] item=441 arm=gemma-e2b stop=stop_string tokens=2 prompt=960
[443/986] item=442 arm=gemma-e2b stop=stop_string tokens=39 prompt=880
[444/986] item=443 arm=gemma-e2b stop=stop_string tokens=2 prompt=926
[445/986] item=444 arm=gemma-e2b stop=stop_string tokens=26 prompt=826
[446/986] item=445 arm=gemma-e2b stop=stop_string tokens=138 prompt=938
[447/986] item=446 arm=gemma-e2b stop=stop_string tokens=74 prompt=855
[448/986] item=447 arm=gemma-e2b stop=stop_string tokens=27 prompt=892
[449/986] item=448 arm=gemma-e2b stop=stop_string tokens=14 prompt=774
[450/986] item=449 arm=gemma-e2b stop=stop_string tokens=18 prompt=909
[451/986] item=450 arm=gemma-e2b stop=stop_string tokens=48 prompt=956
[452/986] item=451 arm=gemma-e2b stop=stop_string tokens=33 prompt=869
[453/986] item=452 arm=gemma-e2b stop=stop_string tokens=58 prompt=850
[454/986] item=453 arm=gemma-e2b stop=stop_string tokens=60 prompt=832
[455/986] item=454 arm=gemma-e2b stop=stop_string tokens=15 prompt=882
[456/986] item=455 arm=gemma-e2b stop=stop_string tokens=17 prompt=892
[457/986] item=456 arm=gemma-e2b stop=stop_string tokens=33 prompt=916
[458/986] item=457 arm=gemma-e2b stop=stop_string tokens=10 prompt=948
[459/986] item=458 arm=gemma-e2b stop=stop_string tokens=34 prompt=1056
[460/986] item=459 arm=gemma-e2b stop=stop_string tokens=17 prompt=827
[461/986] item=460 arm=gemma-e2b stop=stop_string tokens=52 prompt=926
[462/986] item=461 arm=gemma-e2b stop=stop_string tokens=13 prompt=874
[463/986] item=462 arm=gemma-e2b stop=stop_string tokens=32 prompt=880
[464/986] item=463 arm=gemma-e2b stop=stop_string tokens=16 prompt=818
[465/986] item=464 arm=gemma-e2b stop=stop_string tokens=25 prompt=865
[466/986] item=465 arm=gemma-e2b stop=stop_string tokens=42 prompt=904
[467/986] item=466 arm=gemma-e2b stop=stop_string tokens=23 prompt=844
[468/986] item=467 arm=gemma-e2b stop=stop_string tokens=14 prompt=997
[469/986] item=468 arm=gemma-e2b stop=stop_string tokens=16 prompt=917
[470/986] item=469 arm=gemma-e2b stop=stop_string tokens=17 prompt=949
[471/986] item=470 arm=gemma-e2b stop=stop_string tokens=35 prompt=868
[472/986] item=471 arm=gemma-e2b stop=stop_string tokens=11 prompt=982
[473/986] item=472 arm=gemma-e2b stop=stop_string tokens=28 prompt=827
[474/986] item=473 arm=gemma-e2b stop=stop_string tokens=45 prompt=952
[475/986] item=474 arm=gemma-e2b stop=stop_string tokens=37 prompt=939
[476/986] item=475 arm=gemma-e2b stop=stop_string tokens=17 prompt=936
[477/986] item=476 arm=gemma-e2b stop=stop_string tokens=16 prompt=813
[478/986] item=477 arm=gemma-e2b stop=stop_string tokens=33 prompt=895
[479/986] item=478 arm=gemma-e2b stop=stop_string tokens=2 prompt=874
[480/986] item=479 arm=gemma-e2b stop=stop_string tokens=33 prompt=931
[481/986] item=480 arm=gemma-e2b stop=stop_string tokens=17 prompt=954
[482/986] item=481 arm=gemma-e2b stop=stop_string tokens=17 prompt=915
[483/986] item=482 arm=gemma-e2b stop=stop_string tokens=32 prompt=897
[484/986] item=483 arm=gemma-e2b stop=stop_string tokens=66 prompt=949
[485/986] item=484 arm=gemma-e2b stop=stop_string tokens=10 prompt=1065
[486/986] item=485 arm=gemma-e2b stop=stop_string tokens=29 prompt=919
[487/986] item=486 arm=gemma-e2b stop=stop_string tokens=14 prompt=911
[488/986] item=487 arm=gemma-e2b stop=stop_string tokens=37 prompt=880
[489/986] item=488 arm=gemma-e2b stop=stop_string tokens=27 prompt=876
[490/986] item=489 arm=gemma-e2b stop=stop_string tokens=14 prompt=908
[491/986] item=490 arm=gemma-e2b stop=stop_string tokens=72 prompt=867
[492/986] item=491 arm=gemma-e2b stop=stop_string tokens=16 prompt=934
[493/986] item=492 arm=gemma-e2b stop=stop_string tokens=2 prompt=918
[494/986] item=493 arm=gemma-e2b stop=stop_string tokens=36 prompt=949
[495/986] item=494 arm=gemma-e2b stop=stop_string tokens=30 prompt=872
[496/986] item=495 arm=gemma-e2b stop=stop_string tokens=133 prompt=994
[497/986] item=496 arm=gemma-e2b stop=stop_string tokens=19 prompt=984
[498/986] item=497 arm=gemma-e2b stop=stop_string tokens=45 prompt=870
[499/986] item=498 arm=gemma-e2b stop=stop_string tokens=60 prompt=850
[500/986] item=499 arm=gemma-e2b stop=stop_string tokens=19 prompt=787
[501/986] item=500 arm=gemma-e2b stop=stop_string tokens=69 prompt=914
[502/986] item=501 arm=gemma-e2b stop=stop_string tokens=31 prompt=819
[503/986] item=502 arm=gemma-e2b stop=stop_string tokens=68 prompt=869
[504/986] item=503 arm=gemma-e2b stop=stop_string tokens=43 prompt=840
[505/986] item=504 arm=gemma-e2b stop=stop_string tokens=19 prompt=893
[506/986] item=505 arm=gemma-e2b stop=stop_string tokens=14 prompt=1229
[507/986] item=506 arm=gemma-e2b stop=stop_string tokens=17 prompt=918
[508/986] item=507 arm=gemma-e2b stop=stop_string tokens=6 prompt=841
[509/986] item=508 arm=gemma-e2b stop=stop_string tokens=40 prompt=947
[510/986] item=509 arm=gemma-e2b stop=stop_string tokens=43 prompt=886
[511/986] item=510 arm=gemma-e2b stop=stop_string tokens=101 prompt=835
[512/986] item=511 arm=gemma-e2b stop=stop_string tokens=16 prompt=955
[513/986] item=512 arm=gemma-e2b stop=stop_string tokens=31 prompt=915
[514/986] item=513 arm=gemma-e2b stop=stop_string tokens=19 prompt=959
[515/986] item=514 arm=gemma-e2b stop=stop_string tokens=2 prompt=882
[516/986] item=515 arm=gemma-e2b stop=stop_string tokens=22 prompt=923
[517/986] item=516 arm=gemma-e2b stop=stop_string tokens=11 prompt=863
[518/986] item=517 arm=gemma-e2b stop=stop_string tokens=76 prompt=895
[519/986] item=518 arm=gemma-e2b stop=stop_string tokens=20 prompt=838
[520/986] item=519 arm=gemma-e2b stop=stop_string tokens=20 prompt=1014
[521/986] item=520 arm=gemma-e2b stop=stop_string tokens=54 prompt=901
[522/986] item=521 arm=gemma-e2b stop=stop_string tokens=39 prompt=884
[523/986] item=522 arm=gemma-e2b stop=stop_string tokens=22 prompt=916
[524/986] item=523 arm=gemma-e2b stop=stop_string tokens=25 prompt=853
[525/986] item=524 arm=gemma-e2b stop=stop_string tokens=16 prompt=905
[526/986] item=525 arm=gemma-e2b stop=stop_string tokens=12 prompt=998
[527/986] item=526 arm=gemma-e2b stop=stop_string tokens=14 prompt=934
[528/986] item=527 arm=gemma-e2b stop=stop_string tokens=22 prompt=859
[529/986] item=528 arm=gemma-e2b stop=stop_string tokens=45 prompt=884
[530/986] item=529 arm=gemma-e2b stop=stop_string tokens=23 prompt=836
[531/986] item=530 arm=gemma-e2b stop=stop_string tokens=12 prompt=878
[532/986] item=531 arm=gemma-e2b stop=stop_string tokens=33 prompt=868
[533/986] item=532 arm=gemma-e2b stop=stop_string tokens=44 prompt=883
[534/986] item=533 arm=gemma-e2b stop=stop_string tokens=19 prompt=994
[535/986] item=534 arm=gemma-e2b stop=stop_string tokens=20 prompt=1006
[536/986] item=535 arm=gemma-e2b stop=stop_string tokens=91 prompt=851
[537/986] item=536 arm=gemma-e2b stop=stop_string tokens=12 prompt=883
[538/986] item=537 arm=gemma-e2b stop=stop_string tokens=29 prompt=936
[539/986] item=538 arm=gemma-e2b stop=stop_string tokens=127 prompt=960
[540/986] item=539 arm=gemma-e2b stop=stop_string tokens=17 prompt=842
[541/986] item=540 arm=gemma-e2b stop=stop_string tokens=17 prompt=917
[542/986] item=541 arm=gemma-e2b stop=stop_string tokens=27 prompt=932
[543/986] item=542 arm=gemma-e2b stop=stop_string tokens=14 prompt=918
[544/986] item=543 arm=gemma-e2b stop=stop_string tokens=12 prompt=881
[545/986] item=544 arm=gemma-e2b stop=stop_string tokens=21 prompt=983
[546/986] item=545 arm=gemma-e2b stop=stop_string tokens=35 prompt=904
[547/986] item=546 arm=gemma-e2b stop=stop_string tokens=16 prompt=910
[548/986] item=547 arm=gemma-e2b stop=stop_string tokens=19 prompt=883
[549/986] item=548 arm=gemma-e2b stop=stop_string tokens=73 prompt=908
[550/986] item=549 arm=gemma-e2b stop=stop_string tokens=21 prompt=904
[551/986] item=550 arm=gemma-e2b stop=stop_string tokens=23 prompt=930
[552/986] item=551 arm=gemma-e2b stop=stop_string tokens=2 prompt=1061
[553/986] item=552 arm=gemma-e2b stop=stop_string tokens=66 prompt=931
[554/986] item=553 arm=gemma-e2b stop=stop_string tokens=10 prompt=819
[555/986] item=554 arm=gemma-e2b stop=stop_string tokens=14 prompt=1012
[556/986] item=555 arm=gemma-e2b stop=stop_string tokens=14 prompt=821
[557/986] item=556 arm=gemma-e2b stop=stop_string tokens=14 prompt=861
[558/986] item=557 arm=gemma-e2b stop=stop_string tokens=52 prompt=888
[559/986] item=558 arm=gemma-e2b stop=stop_string tokens=29 prompt=869
[560/986] item=559 arm=gemma-e2b stop=stop_string tokens=18 prompt=850
[561/986] item=560 arm=gemma-e2b stop=stop_string tokens=40 prompt=876
[562/986] item=561 arm=gemma-e2b stop=stop_string tokens=7 prompt=912
[563/986] item=562 arm=gemma-e2b stop=stop_string tokens=26 prompt=868
[564/986] item=563 arm=gemma-e2b stop=stop_string tokens=12 prompt=893
[565/986] item=564 arm=gemma-e2b stop=stop_string tokens=10 prompt=964
[566/986] item=565 arm=gemma-e2b stop=stop_string tokens=32 prompt=857
[567/986] item=566 arm=gemma-e2b stop=stop_string tokens=36 prompt=892
[568/986] item=567 arm=gemma-e2b stop=stop_string tokens=17 prompt=1119
[569/986] item=568 arm=gemma-e2b stop=stop_string tokens=31 prompt=869
[570/986] item=569 arm=gemma-e2b stop=stop_string tokens=118 prompt=860
[571/986] item=570 arm=gemma-e2b stop=stop_string tokens=34 prompt=914
[572/986] item=571 arm=gemma-e2b stop=stop_string tokens=79 prompt=905
[573/986] item=572 arm=gemma-e2b stop=stop_string tokens=12 prompt=923
[574/986] item=573 arm=gemma-e2b stop=stop_string tokens=17 prompt=848
[575/986] item=574 arm=gemma-e2b stop=stop_string tokens=97 prompt=889
[576/986] item=575 arm=gemma-e2b stop=stop_string tokens=22 prompt=952
[577/986] item=576 arm=gemma-e2b stop=stop_string tokens=60 prompt=840
[578/986] item=577 arm=gemma-e2b stop=stop_string tokens=14 prompt=1240
[579/986] item=578 arm=gemma-e2b stop=stop_string tokens=22 prompt=1001
[580/986] item=579 arm=gemma-e2b stop=stop_string tokens=12 prompt=891
[581/986] item=580 arm=gemma-e2b stop=stop_string tokens=21 prompt=912
[582/986] item=581 arm=gemma-e2b stop=stop_string tokens=103 prompt=879
[583/986] item=582 arm=gemma-e2b stop=stop_string tokens=2 prompt=839
[584/986] item=583 arm=gemma-e2b stop=stop_string tokens=22 prompt=877
[585/986] item=584 arm=gemma-e2b stop=stop_string tokens=37 prompt=847
[586/986] item=585 arm=gemma-e2b stop=stop_string tokens=22 prompt=915
[587/986] item=586 arm=gemma-e2b stop=cap tokens=200 prompt=979
[588/986] item=587 arm=gemma-e2b stop=stop_string tokens=83 prompt=838
[589/986] item=588 arm=gemma-e2b stop=stop_string tokens=35 prompt=909
[590/986] item=589 arm=gemma-e2b stop=stop_string tokens=31 prompt=892
[591/986] item=590 arm=gemma-e2b stop=stop_string tokens=37 prompt=821
[592/986] item=591 arm=gemma-e2b stop=stop_string tokens=29 prompt=974
[593/986] item=592 arm=gemma-e2b stop=stop_string tokens=18 prompt=903
[594/986] item=593 arm=gemma-e2b stop=stop_string tokens=60 prompt=877
[595/986] item=594 arm=gemma-e2b stop=stop_string tokens=17 prompt=880
[596/986] item=595 arm=gemma-e2b stop=stop_string tokens=16 prompt=834
[597/986] item=596 arm=gemma-e2b stop=stop_string tokens=27 prompt=851
[598/986] item=597 arm=gemma-e2b stop=stop_string tokens=34 prompt=873
[599/986] item=598 arm=gemma-e2b stop=stop_string tokens=26 prompt=841
[600/986] item=599 arm=gemma-e2b stop=stop_string tokens=24 prompt=1013
[601/986] item=600 arm=gemma-e2b stop=stop_string tokens=25 prompt=887
[602/986] item=601 arm=gemma-e2b stop=stop_string tokens=34 prompt=860
[603/986] item=602 arm=gemma-e2b stop=stop_string tokens=13 prompt=925
[604/986] item=603 arm=gemma-e2b stop=stop_string tokens=66 prompt=880
[605/986] item=604 arm=gemma-e2b stop=stop_string tokens=15 prompt=854
[606/986] item=605 arm=gemma-e2b stop=stop_string tokens=75 prompt=936
[607/986] item=606 arm=gemma-e2b stop=stop_string tokens=79 prompt=864
[608/986] item=607 arm=gemma-e2b stop=stop_string tokens=43 prompt=832
[609/986] item=608 arm=gemma-e2b stop=stop_string tokens=38 prompt=938
[610/986] item=609 arm=gemma-e2b stop=stop_string tokens=20 prompt=911
[611/986] item=610 arm=gemma-e2b stop=stop_string tokens=115 prompt=902
[612/986] item=611 arm=gemma-e2b stop=stop_string tokens=130 prompt=920
[613/986] item=612 arm=gemma-e2b stop=stop_string tokens=10 prompt=868
[614/986] item=613 arm=gemma-e2b stop=stop_string tokens=10 prompt=899
[615/986] item=614 arm=gemma-e2b stop=stop_string tokens=29 prompt=873
[616/986] item=615 arm=gemma-e2b stop=stop_string tokens=57 prompt=934
[617/986] item=616 arm=gemma-e2b stop=stop_string tokens=40 prompt=871
[618/986] item=617 arm=gemma-e2b stop=stop_string tokens=2 prompt=964
[619/986] item=618 arm=gemma-e2b stop=stop_string tokens=123 prompt=872
[620/986] item=619 arm=gemma-e2b stop=stop_string tokens=16 prompt=918
[621/986] item=620 arm=gemma-e2b stop=stop_string tokens=44 prompt=931
[622/986] item=621 arm=gemma-e2b stop=stop_string tokens=16 prompt=1018
[623/986] item=622 arm=gemma-e2b stop=stop_string tokens=18 prompt=916
[624/986] item=623 arm=gemma-e2b stop=stop_string tokens=14 prompt=898
[625/986] item=624 arm=gemma-e2b stop=stop_string tokens=29 prompt=786
[626/986] item=625 arm=gemma-e2b stop=stop_string tokens=29 prompt=900
[627/986] item=626 arm=gemma-e2b stop=stop_string tokens=55 prompt=920
[628/986] item=627 arm=gemma-e2b stop=stop_string tokens=26 prompt=859
[629/986] item=628 arm=gemma-e2b stop=stop_string tokens=140 prompt=909
[630/986] item=629 arm=gemma-e2b stop=stop_string tokens=32 prompt=850
[631/986] item=630 arm=gemma-e2b stop=stop_string tokens=44 prompt=861
[632/986] item=631 arm=gemma-e2b stop=stop_string tokens=30 prompt=867
[633/986] item=632 arm=gemma-e2b stop=stop_string tokens=25 prompt=870
[634/986] item=633 arm=gemma-e2b stop=stop_string tokens=16 prompt=840
[635/986] item=634 arm=gemma-e2b stop=stop_string tokens=60 prompt=830
[636/986] item=635 arm=gemma-e2b stop=stop_string tokens=15 prompt=943
[637/986] item=636 arm=gemma-e2b stop=stop_string tokens=18 prompt=880
[638/986] item=637 arm=gemma-e2b stop=stop_string tokens=39 prompt=859
[639/986] item=638 arm=gemma-e2b stop=stop_string tokens=71 prompt=965
[640/986] item=639 arm=gemma-e2b stop=stop_string tokens=11 prompt=878
[641/986] item=640 arm=gemma-e2b stop=stop_string tokens=14 prompt=883
[642/986] item=641 arm=gemma-e2b stop=stop_string tokens=21 prompt=899
[643/986] item=642 arm=gemma-e2b stop=stop_string tokens=23 prompt=950
[644/986] item=643 arm=gemma-e2b stop=stop_string tokens=28 prompt=967
[645/986] item=644 arm=gemma-e2b stop=stop_string tokens=19 prompt=1017
[646/986] item=645 arm=gemma-e2b stop=stop_string tokens=32 prompt=886
[647/986] item=646 arm=gemma-e2b stop=stop_string tokens=46 prompt=946
[648/986] item=647 arm=gemma-e2b stop=stop_string tokens=17 prompt=886
[649/986] item=648 arm=gemma-e2b stop=stop_string tokens=51 prompt=878
[650/986] item=649 arm=gemma-e2b stop=stop_string tokens=19 prompt=1021
[651/986] item=650 arm=gemma-e2b stop=stop_string tokens=13 prompt=842
[652/986] item=651 arm=gemma-e2b stop=stop_string tokens=19 prompt=915
[653/986] item=652 arm=gemma-e2b stop=stop_string tokens=21 prompt=937
[654/986] item=653 arm=gemma-e2b stop=stop_string tokens=58 prompt=933
[655/986] item=654 arm=gemma-e2b stop=stop_string tokens=119 prompt=857
[656/986] item=655 arm=gemma-e2b stop=stop_string tokens=45 prompt=899
[657/986] item=656 arm=gemma-e2b stop=stop_string tokens=86 prompt=844
[658/986] item=657 arm=gemma-e2b stop=stop_string tokens=21 prompt=880
[659/986] item=658 arm=gemma-e2b stop=stop_string tokens=139 prompt=914
[660/986] item=659 arm=gemma-e2b stop=stop_string tokens=44 prompt=862
[661/986] item=660 arm=gemma-e2b stop=stop_string tokens=2 prompt=879
[662/986] item=661 arm=gemma-e2b stop=stop_string tokens=22 prompt=911
[663/986] item=662 arm=gemma-e2b stop=stop_string tokens=19 prompt=957
[664/986] item=663 arm=gemma-e2b stop=stop_string tokens=32 prompt=862
[665/986] item=664 arm=gemma-e2b stop=stop_string tokens=40 prompt=909
[666/986] item=665 arm=gemma-e2b stop=stop_string tokens=21 prompt=860
[667/986] item=666 arm=gemma-e2b stop=stop_string tokens=12 prompt=792
[668/986] item=667 arm=gemma-e2b stop=stop_string tokens=26 prompt=921
[669/986] item=668 arm=gemma-e2b stop=stop_string tokens=22 prompt=941
[670/986] item=669 arm=gemma-e2b stop=stop_string tokens=125 prompt=898
[671/986] item=670 arm=gemma-e2b stop=stop_string tokens=96 prompt=922
[672/986] item=671 arm=gemma-e2b stop=stop_string tokens=18 prompt=878
[673/986] item=672 arm=gemma-e2b stop=stop_string tokens=93 prompt=888
[674/986] item=673 arm=gemma-e2b stop=stop_string tokens=21 prompt=759
[675/986] item=674 arm=gemma-e2b stop=stop_string tokens=20 prompt=962
[676/986] item=675 arm=gemma-e2b stop=stop_string tokens=16 prompt=953
[677/986] item=676 arm=gemma-e2b stop=stop_string tokens=24 prompt=876
[678/986] item=677 arm=gemma-e2b stop=stop_string tokens=18 prompt=894
[679/986] item=678 arm=gemma-e2b stop=stop_string tokens=14 prompt=875
[680/986] item=679 arm=gemma-e2b stop=stop_string tokens=38 prompt=838
[681/986] item=680 arm=gemma-e2b stop=stop_string tokens=30 prompt=920
[682/986] item=681 arm=gemma-e2b stop=stop_string tokens=20 prompt=912
[683/986] item=682 arm=gemma-e2b stop=stop_string tokens=29 prompt=883
[684/986] item=683 arm=gemma-e2b stop=stop_string tokens=21 prompt=913
[685/986] item=684 arm=gemma-e2b stop=stop_string tokens=22 prompt=896
[686/986] item=685 arm=gemma-e2b stop=stop_string tokens=18 prompt=940
[687/986] item=686 arm=gemma-e2b stop=stop_string tokens=34 prompt=865
[688/986] item=687 arm=gemma-e2b stop=stop_string tokens=54 prompt=844
[689/986] item=688 arm=gemma-e2b stop=stop_string tokens=21 prompt=848
[690/986] item=689 arm=gemma-e2b stop=stop_string tokens=12 prompt=943
[691/986] item=690 arm=gemma-e2b stop=stop_string tokens=21 prompt=896
[692/986] item=691 arm=gemma-e2b stop=stop_string tokens=89 prompt=905
[693/986] item=692 arm=gemma-e2b stop=stop_string tokens=20 prompt=1063
[694/986] item=693 arm=gemma-e2b stop=stop_string tokens=56 prompt=927
[695/986] item=694 arm=gemma-e2b stop=stop_string tokens=30 prompt=886
[696/986] item=695 arm=gemma-e2b stop=stop_string tokens=43 prompt=902
[697/986] item=696 arm=gemma-e2b stop=stop_string tokens=69 prompt=855
[698/986] item=697 arm=gemma-e2b stop=stop_string tokens=16 prompt=957
[699/986] item=698 arm=gemma-e2b stop=stop_string tokens=52 prompt=871
[700/986] item=699 arm=gemma-e2b stop=stop_string tokens=21 prompt=820
[701/986] item=700 arm=gemma-e2b stop=stop_string tokens=43 prompt=901
[702/986] item=701 arm=gemma-e2b stop=stop_string tokens=58 prompt=858
[703/986] item=702 arm=gemma-e2b stop=stop_string tokens=107 prompt=996
[704/986] item=703 arm=gemma-e2b stop=stop_string tokens=16 prompt=1090
[705/986] item=704 arm=gemma-e2b stop=stop_string tokens=119 prompt=839
[706/986] item=705 arm=gemma-e2b stop=stop_string tokens=14 prompt=885
[707/986] item=706 arm=gemma-e2b stop=stop_string tokens=14 prompt=1408
[708/986] item=707 arm=gemma-e2b stop=stop_string tokens=15 prompt=925
[709/986] item=708 arm=gemma-e2b stop=stop_string tokens=69 prompt=874
[710/986] item=709 arm=gemma-e2b stop=stop_string tokens=19 prompt=967
[711/986] item=710 arm=gemma-e2b stop=stop_string tokens=55 prompt=814
[712/986] item=711 arm=gemma-e2b stop=stop_string tokens=26 prompt=913
[713/986] item=712 arm=gemma-e2b stop=stop_string tokens=16 prompt=1014
[714/986] item=713 arm=gemma-e2b stop=stop_string tokens=23 prompt=864
[715/986] item=714 arm=gemma-e2b stop=stop_string tokens=14 prompt=863
[716/986] item=715 arm=gemma-e2b stop=stop_string tokens=16 prompt=915
[717/986] item=716 arm=gemma-e2b stop=stop_string tokens=22 prompt=887
[718/986] item=717 arm=gemma-e2b stop=stop_string tokens=69 prompt=874
[719/986] item=718 arm=gemma-e2b stop=stop_string tokens=62 prompt=821
[720/986] item=719 arm=gemma-e2b stop=stop_string tokens=41 prompt=942
[721/986] item=720 arm=gemma-e2b stop=stop_string tokens=64 prompt=913
[722/986] item=721 arm=gemma-e2b stop=stop_string tokens=15 prompt=877
[723/986] item=722 arm=gemma-e2b stop=stop_string tokens=19 prompt=881
[724/986] item=723 arm=gemma-e2b stop=stop_string tokens=17 prompt=903
[725/986] item=724 arm=gemma-e2b stop=stop_string tokens=12 prompt=893
[726/986] item=725 arm=gemma-e2b stop=stop_string tokens=40 prompt=885
[727/986] item=726 arm=gemma-e2b stop=stop_string tokens=57 prompt=843
[728/986] item=727 arm=gemma-e2b stop=stop_string tokens=19 prompt=845
[729/986] item=728 arm=gemma-e2b stop=stop_string tokens=31 prompt=867
[730/986] item=729 arm=gemma-e2b stop=stop_string tokens=32 prompt=899
[731/986] item=730 arm=gemma-e2b stop=stop_string tokens=80 prompt=911
[732/986] item=731 arm=gemma-e2b stop=stop_string tokens=23 prompt=799
[733/986] item=732 arm=gemma-e2b stop=stop_string tokens=49 prompt=989
[734/986] item=733 arm=gemma-e2b stop=stop_string tokens=23 prompt=874
[735/986] item=734 arm=gemma-e2b stop=stop_string tokens=24 prompt=944
[736/986] item=735 arm=gemma-e2b stop=stop_string tokens=56 prompt=902
[737/986] item=736 arm=gemma-e2b stop=stop_string tokens=39 prompt=800
[738/986] item=737 arm=gemma-e2b stop=stop_string tokens=16 prompt=921
[739/986] item=738 arm=gemma-e2b stop=stop_string tokens=33 prompt=899
[740/986] item=739 arm=gemma-e2b stop=stop_string tokens=21 prompt=1087
[741/986] item=740 arm=gemma-e2b stop=stop_string tokens=26 prompt=900
[742/986] item=741 arm=gemma-e2b stop=stop_string tokens=14 prompt=945
[743/986] item=742 arm=gemma-e2b stop=stop_string tokens=21 prompt=938
[744/986] item=743 arm=gemma-e2b stop=stop_string tokens=11 prompt=861
[745/986] item=744 arm=gemma-e2b stop=stop_string tokens=106 prompt=913
[746/986] item=745 arm=gemma-e2b stop=stop_string tokens=69 prompt=832
[747/986] item=746 arm=gemma-e2b stop=stop_string tokens=65 prompt=929
[748/986] item=747 arm=gemma-e2b stop=stop_string tokens=17 prompt=856
[749/986] item=748 arm=gemma-e2b stop=stop_string tokens=14 prompt=854
[750/986] item=749 arm=gemma-e2b stop=stop_string tokens=35 prompt=898
[751/986] item=750 arm=gemma-e2b stop=stop_string tokens=46 prompt=851
[752/986] item=751 arm=gemma-e2b stop=stop_string tokens=20 prompt=851
[753/986] item=752 arm=gemma-e2b stop=stop_string tokens=91 prompt=948
[754/986] item=753 arm=gemma-e2b stop=stop_string tokens=18 prompt=837
[755/986] item=754 arm=gemma-e2b stop=stop_string tokens=15 prompt=1157
[756/986] item=755 arm=gemma-e2b stop=stop_string tokens=40 prompt=954
[757/986] item=756 arm=gemma-e2b stop=stop_string tokens=29 prompt=841
[758/986] item=757 arm=gemma-e2b stop=stop_string tokens=13 prompt=907
[759/986] item=758 arm=gemma-e2b stop=stop_string tokens=33 prompt=907
[760/986] item=759 arm=gemma-e2b stop=stop_string tokens=22 prompt=989
[761/986] item=760 arm=gemma-e2b stop=stop_string tokens=9 prompt=914
[762/986] item=761 arm=gemma-e2b stop=stop_string tokens=112 prompt=923
[763/986] item=762 arm=gemma-e2b stop=stop_string tokens=49 prompt=919
[764/986] item=763 arm=gemma-e2b stop=stop_string tokens=30 prompt=914
[765/986] item=764 arm=gemma-e2b stop=stop_string tokens=14 prompt=1022
[766/986] item=765 arm=gemma-e2b stop=stop_string tokens=21 prompt=846
[767/986] item=766 arm=gemma-e2b stop=stop_string tokens=32 prompt=884
[768/986] item=767 arm=gemma-e2b stop=stop_string tokens=14 prompt=975
[769/986] item=768 arm=gemma-e2b stop=stop_string tokens=41 prompt=880
[770/986] item=769 arm=gemma-e2b stop=stop_string tokens=15 prompt=901
[771/986] item=770 arm=gemma-e2b stop=stop_string tokens=27 prompt=849
[772/986] item=771 arm=gemma-e2b stop=stop_string tokens=12 prompt=841
[773/986] item=772 arm=gemma-e2b stop=stop_string tokens=31 prompt=991
[774/986] item=773 arm=gemma-e2b stop=stop_string tokens=34 prompt=930
[775/986] item=774 arm=gemma-e2b stop=stop_string tokens=16 prompt=920
[776/986] item=775 arm=gemma-e2b stop=stop_string tokens=2 prompt=821
[777/986] item=776 arm=gemma-e2b stop=stop_string tokens=53 prompt=1019
[778/986] item=777 arm=gemma-e2b stop=stop_string tokens=45 prompt=873
[779/986] item=778 arm=gemma-e2b stop=stop_string tokens=41 prompt=849
[780/986] item=779 arm=gemma-e2b stop=stop_string tokens=13 prompt=824
[781/986] item=780 arm=gemma-e2b stop=stop_string tokens=17 prompt=946
[782/986] item=781 arm=gemma-e2b stop=stop_string tokens=2 prompt=830
[783/986] item=782 arm=gemma-e2b stop=stop_string tokens=31 prompt=892
[784/986] item=783 arm=gemma-e2b stop=stop_string tokens=79 prompt=875
[785/986] item=784 arm=gemma-e2b stop=stop_string tokens=24 prompt=906
[786/986] item=785 arm=gemma-e2b stop=stop_string tokens=94 prompt=960
[787/986] item=786 arm=gemma-e2b stop=stop_string tokens=9 prompt=818
[788/986] item=787 arm=gemma-e2b stop=stop_string tokens=25 prompt=887
[789/986] item=788 arm=gemma-e2b stop=stop_string tokens=28 prompt=828
[790/986] item=789 arm=gemma-e2b stop=stop_string tokens=67 prompt=883
[791/986] item=790 arm=gemma-e2b stop=stop_string tokens=19 prompt=832
[792/986] item=791 arm=gemma-e2b stop=stop_string tokens=20 prompt=889
[793/986] item=792 arm=gemma-e2b stop=stop_string tokens=36 prompt=900
[794/986] item=793 arm=gemma-e2b stop=stop_string tokens=27 prompt=856
[795/986] item=794 arm=gemma-e2b stop=stop_string tokens=22 prompt=865
[796/986] item=795 arm=gemma-e2b stop=stop_string tokens=17 prompt=1281
[797/986] item=796 arm=gemma-e2b stop=stop_string tokens=28 prompt=906
[798/986] item=797 arm=gemma-e2b stop=stop_string tokens=64 prompt=900
[799/986] item=798 arm=gemma-e2b stop=stop_string tokens=14 prompt=883
[800/986] item=799 arm=gemma-e2b stop=stop_string tokens=40 prompt=869
[801/986] item=800 arm=gemma-e2b stop=stop_string tokens=49 prompt=895
[802/986] item=801 arm=gemma-e2b stop=stop_string tokens=19 prompt=870
[803/986] item=802 arm=gemma-e2b stop=stop_string tokens=16 prompt=908
[804/986] item=803 arm=gemma-e2b stop=stop_string tokens=27 prompt=918
[805/986] item=804 arm=gemma-e2b stop=stop_string tokens=21 prompt=881
[806/986] item=805 arm=gemma-e2b stop=stop_string tokens=113 prompt=819
[807/986] item=806 arm=gemma-e2b stop=stop_string tokens=9 prompt=874
[808/986] item=807 arm=gemma-e2b stop=stop_string tokens=2 prompt=827
[809/986] item=808 arm=gemma-e2b stop=stop_string tokens=14 prompt=934
[810/986] item=809 arm=gemma-e2b stop=stop_string tokens=17 prompt=851
[811/986] item=810 arm=gemma-e2b stop=stop_string tokens=32 prompt=837
[812/986] item=811 arm=gemma-e2b stop=stop_string tokens=62 prompt=897
[813/986] item=812 arm=gemma-e2b stop=stop_string tokens=133 prompt=924
[814/986] item=813 arm=gemma-e2b stop=stop_string tokens=44 prompt=848
[815/986] item=814 arm=gemma-e2b stop=stop_string tokens=29 prompt=892
[816/986] item=815 arm=gemma-e2b stop=stop_string tokens=47 prompt=843
[817/986] item=816 arm=gemma-e2b stop=stop_string tokens=40 prompt=1062
[818/986] item=817 arm=gemma-e2b stop=stop_string tokens=12 prompt=999
[819/986] item=818 arm=gemma-e2b stop=stop_string tokens=16 prompt=891
[820/986] item=819 arm=gemma-e2b stop=stop_string tokens=33 prompt=825
[821/986] item=820 arm=gemma-e2b stop=stop_string tokens=105 prompt=832
[822/986] item=821 arm=gemma-e2b stop=stop_string tokens=6 prompt=867
[823/986] item=822 arm=gemma-e2b stop=stop_string tokens=22 prompt=870
[824/986] item=823 arm=gemma-e2b stop=stop_string tokens=13 prompt=831
[825/986] item=824 arm=gemma-e2b stop=stop_string tokens=22 prompt=888
[826/986] item=825 arm=gemma-e2b stop=stop_string tokens=52 prompt=861
[827/986] item=826 arm=gemma-e2b stop=stop_string tokens=19 prompt=990
[828/986] item=827 arm=gemma-e2b stop=stop_string tokens=2 prompt=935
[829/986] item=828 arm=gemma-e2b stop=stop_string tokens=46 prompt=880
[830/986] item=829 arm=gemma-e2b stop=stop_string tokens=42 prompt=985
[831/986] item=830 arm=gemma-e2b stop=stop_string tokens=19 prompt=825
[832/986] item=831 arm=gemma-e2b stop=stop_string tokens=29 prompt=854
[833/986] item=832 arm=gemma-e2b stop=stop_string tokens=17 prompt=830
[834/986] item=833 arm=gemma-e2b stop=stop_string tokens=48 prompt=840
[835/986] item=834 arm=gemma-e2b stop=stop_string tokens=29 prompt=1004
[836/986] item=835 arm=gemma-e2b stop=stop_string tokens=62 prompt=926
[837/986] item=836 arm=gemma-e2b stop=stop_string tokens=15 prompt=739
[838/986] item=837 arm=gemma-e2b stop=stop_string tokens=74 prompt=842
[839/986] item=838 arm=gemma-e2b stop=stop_string tokens=39 prompt=809
[840/986] item=839 arm=gemma-e2b stop=stop_string tokens=16 prompt=868
[841/986] item=840 arm=gemma-e2b stop=stop_string tokens=12 prompt=887
[842/986] item=841 arm=gemma-e2b stop=stop_string tokens=18 prompt=972
[843/986] item=842 arm=gemma-e2b stop=stop_string tokens=11 prompt=826
[844/986] item=843 arm=gemma-e2b stop=stop_string tokens=56 prompt=847
[845/986] item=844 arm=gemma-e2b stop=stop_string tokens=15 prompt=905
[846/986] item=845 arm=gemma-e2b stop=stop_string tokens=63 prompt=928
[847/986] item=846 arm=gemma-e2b stop=stop_string tokens=23 prompt=1003
[848/986] item=847 arm=gemma-e2b stop=stop_string tokens=2 prompt=1009
[849/986] item=848 arm=gemma-e2b stop=stop_string tokens=50 prompt=950
[850/986] item=849 arm=gemma-e2b stop=stop_string tokens=13 prompt=851
[851/986] item=850 arm=gemma-e2b stop=stop_string tokens=23 prompt=898
[852/986] item=851 arm=gemma-e2b stop=stop_string tokens=24 prompt=885
[853/986] item=852 arm=gemma-e2b stop=stop_string tokens=2 prompt=859
[854/986] item=853 arm=gemma-e2b stop=stop_string tokens=49 prompt=843
[855/986] item=854 arm=gemma-e2b stop=stop_string tokens=18 prompt=842
[856/986] item=855 arm=gemma-e2b stop=stop_string tokens=29 prompt=991
[857/986] item=856 arm=gemma-e2b stop=stop_string tokens=40 prompt=909
[858/986] item=857 arm=gemma-e2b stop=stop_string tokens=62 prompt=873
[859/986] item=858 arm=gemma-e2b stop=stop_string tokens=14 prompt=811
[860/986] item=859 arm=gemma-e2b stop=stop_string tokens=18 prompt=828
[861/986] item=860 arm=gemma-e2b stop=stop_string tokens=39 prompt=882
[862/986] item=861 arm=gemma-e2b stop=stop_string tokens=87 prompt=886
[863/986] item=862 arm=gemma-e2b stop=stop_string tokens=19 prompt=884
[864/986] item=863 arm=gemma-e2b stop=stop_string tokens=12 prompt=817
[865/986] item=864 arm=gemma-e2b stop=stop_string tokens=69 prompt=874
[866/986] item=865 arm=gemma-e2b stop=stop_string tokens=19 prompt=983
[867/986] item=866 arm=gemma-e2b stop=stop_string tokens=50 prompt=948
[868/986] item=867 arm=gemma-e2b stop=stop_string tokens=14 prompt=911
[869/986] item=868 arm=gemma-e2b stop=stop_string tokens=9 prompt=858
[870/986] item=869 arm=gemma-e2b stop=stop_string tokens=2 prompt=953
[871/986] item=870 arm=gemma-e2b stop=stop_string tokens=54 prompt=864
[872/986] item=871 arm=gemma-e2b stop=stop_string tokens=24 prompt=907
[873/986] item=872 arm=gemma-e2b stop=stop_string tokens=15 prompt=933
[874/986] item=873 arm=gemma-e2b stop=stop_string tokens=21 prompt=820
[875/986] item=874 arm=gemma-e2b stop=stop_string tokens=13 prompt=970
[876/986] item=875 arm=gemma-e2b stop=stop_string tokens=21 prompt=870
[877/986] item=876 arm=gemma-e2b stop=stop_string tokens=16 prompt=894
[878/986] item=877 arm=gemma-e2b stop=stop_string tokens=17 prompt=929
[879/986] item=878 arm=gemma-e2b stop=stop_string tokens=34 prompt=919
[880/986] item=879 arm=gemma-e2b stop=stop_string tokens=13 prompt=851
[881/986] item=880 arm=gemma-e2b stop=stop_string tokens=16 prompt=908
[882/986] item=881 arm=gemma-e2b stop=stop_string tokens=9 prompt=886
[883/986] item=882 arm=gemma-e2b stop=stop_string tokens=31 prompt=915
[884/986] item=883 arm=gemma-e2b stop=stop_string tokens=41 prompt=892
[885/986] item=884 arm=gemma-e2b stop=stop_string tokens=17 prompt=837
[886/986] item=885 arm=gemma-e2b stop=stop_string tokens=21 prompt=849
[887/986] item=886 arm=gemma-e2b stop=stop_string tokens=2 prompt=983
[888/986] item=887 arm=gemma-e2b stop=stop_string tokens=61 prompt=858
[889/986] item=888 arm=gemma-e2b stop=stop_string tokens=35 prompt=873
[890/986] item=889 arm=gemma-e2b stop=stop_string tokens=20 prompt=823
[891/986] item=890 arm=gemma-e2b stop=stop_string tokens=21 prompt=988
[892/986] item=891 arm=gemma-e2b stop=stop_string tokens=19 prompt=872
[893/986] item=892 arm=gemma-e2b stop=stop_string tokens=22 prompt=849
[894/986] item=893 arm=gemma-e2b stop=stop_string tokens=36 prompt=800
[895/986] item=894 arm=gemma-e2b stop=stop_string tokens=114 prompt=889
[896/986] item=895 arm=gemma-e2b stop=stop_string tokens=12 prompt=965
[897/986] item=896 arm=gemma-e2b stop=stop_string tokens=2 prompt=1059
[898/986] item=897 arm=gemma-e2b stop=stop_string tokens=10 prompt=917
[899/986] item=898 arm=gemma-e2b stop=stop_string tokens=34 prompt=859
[900/986] item=899 arm=gemma-e2b stop=stop_string tokens=16 prompt=919
[901/986] item=900 arm=gemma-e2b stop=stop_string tokens=127 prompt=881
[902/986] item=901 arm=gemma-e2b stop=stop_string tokens=21 prompt=934
[903/986] item=902 arm=gemma-e2b stop=stop_string tokens=11 prompt=867
[904/986] item=903 arm=gemma-e2b stop=stop_string tokens=16 prompt=907
[905/986] item=904 arm=gemma-e2b stop=stop_string tokens=33 prompt=967
[906/986] item=905 arm=gemma-e2b stop=stop_string tokens=16 prompt=910
[907/986] item=906 arm=gemma-e2b stop=stop_string tokens=48 prompt=833
[908/986] item=907 arm=gemma-e2b stop=stop_string tokens=14 prompt=1039
[909/986] item=908 arm=gemma-e2b stop=stop_string tokens=48 prompt=864
[910/986] item=909 arm=gemma-e2b stop=stop_string tokens=12 prompt=882
[911/986] item=910 arm=gemma-e2b stop=stop_string tokens=34 prompt=899
[912/986] item=911 arm=gemma-e2b stop=stop_string tokens=106 prompt=871
[913/986] item=912 arm=gemma-e2b stop=stop_string tokens=18 prompt=919
[914/986] item=913 arm=gemma-e2b stop=stop_string tokens=27 prompt=897
[915/986] item=914 arm=gemma-e2b stop=stop_string tokens=18 prompt=873
[916/986] item=915 arm=gemma-e2b stop=stop_string tokens=9 prompt=989
[917/986] item=916 arm=gemma-e2b stop=stop_string tokens=2 prompt=872
[918/986] item=917 arm=gemma-e2b stop=stop_string tokens=9 prompt=883
[919/986] item=918 arm=gemma-e2b stop=stop_string tokens=104 prompt=846
[920/986] item=919 arm=gemma-e2b stop=stop_string tokens=36 prompt=831
[921/986] item=920 arm=gemma-e2b stop=stop_string tokens=48 prompt=864
[922/986] item=921 arm=gemma-e2b stop=stop_string tokens=19 prompt=861
[923/986] item=922 arm=gemma-e2b stop=stop_string tokens=48 prompt=933
[924/986] item=923 arm=gemma-e2b stop=stop_string tokens=29 prompt=901
[925/986] item=924 arm=gemma-e2b stop=stop_string tokens=28 prompt=842
[926/986] item=925 arm=gemma-e2b stop=stop_string tokens=96 prompt=870
[927/986] item=926 arm=gemma-e2b stop=stop_string tokens=51 prompt=842
[928/986] item=927 arm=gemma-e2b stop=stop_string tokens=22 prompt=986
[929/986] item=928 arm=gemma-e2b stop=stop_string tokens=19 prompt=894
[930/986] item=929 arm=gemma-e2b stop=stop_string tokens=13 prompt=797
[931/986] item=930 arm=gemma-e2b stop=stop_string tokens=16 prompt=927
[932/986] item=931 arm=gemma-e2b stop=stop_string tokens=15 prompt=868
[933/986] item=932 arm=gemma-e2b stop=stop_string tokens=21 prompt=866
[934/986] item=933 arm=gemma-e2b stop=stop_string tokens=49 prompt=855
[935/986] item=934 arm=gemma-e2b stop=stop_string tokens=16 prompt=824
[936/986] item=935 arm=gemma-e2b stop=stop_string tokens=27 prompt=999
[937/986] item=936 arm=gemma-e2b stop=stop_string tokens=24 prompt=909
[938/986] item=937 arm=gemma-e2b stop=stop_string tokens=69 prompt=975
[939/986] item=938 arm=gemma-e2b stop=stop_string tokens=2 prompt=1001
[940/986] item=939 arm=gemma-e2b stop=stop_string tokens=12 prompt=901
[941/986] item=940 arm=gemma-e2b stop=stop_string tokens=56 prompt=934
[942/986] item=941 arm=gemma-e2b stop=stop_string tokens=29 prompt=894
[943/986] item=942 arm=gemma-e2b stop=stop_string tokens=41 prompt=934
[944/986] item=943 arm=gemma-e2b stop=stop_string tokens=16 prompt=919
[945/986] item=944 arm=gemma-e2b stop=stop_string tokens=19 prompt=852
[946/986] item=945 arm=gemma-e2b stop=stop_string tokens=52 prompt=882
[947/986] item=946 arm=gemma-e2b stop=stop_string tokens=17 prompt=876
[948/986] item=947 arm=gemma-e2b stop=stop_string tokens=69 prompt=821
[949/986] item=948 arm=gemma-e2b stop=stop_string tokens=26 prompt=858
[950/986] item=949 arm=gemma-e2b stop=stop_string tokens=33 prompt=863
[951/986] item=950 arm=gemma-e2b stop=stop_string tokens=52 prompt=887
[952/986] item=951 arm=gemma-e2b stop=stop_string tokens=37 prompt=892
[953/986] item=952 arm=gemma-e2b stop=stop_string tokens=112 prompt=855
[954/986] item=953 arm=gemma-e2b stop=stop_string tokens=69 prompt=931
[955/986] item=954 arm=gemma-e2b stop=stop_string tokens=10 prompt=849
[956/986] item=955 arm=gemma-e2b stop=stop_string tokens=18 prompt=1022
[957/986] item=956 arm=gemma-e2b stop=stop_string tokens=17 prompt=891
[958/986] item=957 arm=gemma-e2b stop=stop_string tokens=24 prompt=940
[959/986] item=958 arm=gemma-e2b stop=stop_string tokens=17 prompt=832
[960/986] item=959 arm=gemma-e2b stop=stop_string tokens=9 prompt=1067
[961/986] item=960 arm=gemma-e2b stop=stop_string tokens=15 prompt=940
[962/986] item=961 arm=gemma-e2b stop=stop_string tokens=28 prompt=872
[963/986] item=962 arm=gemma-e2b stop=stop_string tokens=19 prompt=892
[964/986] item=963 arm=gemma-e2b stop=stop_string tokens=58 prompt=929
[965/986] item=964 arm=gemma-e2b stop=stop_string tokens=21 prompt=895
[966/986] item=965 arm=gemma-e2b stop=stop_string tokens=14 prompt=924
[967/986] item=966 arm=gemma-e2b stop=stop_string tokens=17 prompt=975
[968/986] item=967 arm=gemma-e2b stop=stop_string tokens=53 prompt=877
[969/986] item=968 arm=gemma-e2b stop=stop_string tokens=31 prompt=844
[970/986] item=969 arm=gemma-e2b stop=stop_string tokens=10 prompt=1112
[971/986] item=970 arm=gemma-e2b stop=stop_string tokens=13 prompt=939
[972/986] item=971 arm=gemma-e2b stop=stop_string tokens=159 prompt=964
[973/986] item=972 arm=gemma-e2b stop=stop_string tokens=16 prompt=939
[974/986] item=973 arm=gemma-e2b stop=stop_string tokens=24 prompt=1014
[975/986] item=974 arm=gemma-e2b stop=stop_string tokens=34 prompt=890
[976/986] item=975 arm=gemma-e2b stop=stop_string tokens=88 prompt=914
[977/986] item=976 arm=gemma-e2b stop=stop_string tokens=17 prompt=942
[978/986] item=977 arm=gemma-e2b stop=stop_string tokens=17 prompt=1094
[979/986] item=978 arm=gemma-e2b stop=stop_string tokens=16 prompt=847
[980/986] item=979 arm=gemma-e2b stop=stop_string tokens=27 prompt=953
[981/986] item=980 arm=gemma-e2b stop=stop_string tokens=28 prompt=893
[982/986] item=981 arm=gemma-e2b stop=stop_string tokens=19 prompt=895
[983/986] item=982 arm=gemma-e2b stop=stop_string tokens=9 prompt=855
[984/986] item=983 arm=gemma-e2b stop=stop_string tokens=14 prompt=951
[985/986] item=984 arm=gemma-e2b stop=stop_string tokens=60 prompt=830
[986/986] item=985 arm=gemma-e2b stop=stop_string tokens=19 prompt=845
done
