arm=gemma-e2b model=gemma4 E2B Q4_K - Medium file=models/google_gemma-4-E2B-it-Q4_K_M.gguf
system_info=MTL : EMBED_LIBRARY = 1 | CPU : NEON = 1 | ARM_FMA = 1 | FP16_VA = 1 | DOTPROD = 1 | LLAMAFILE = 1 | ACCELERATE = 1 | REPACK = 1 | 
settings: ctx=2500 batch=2500 ubatch=256 threads=2 gpu_layers=99 flash_attn=off max_new_tokens=200 stop=<turn|> seed=1
[1/986] item=0 arm=gemma-e2b stop=stop_string tokens=31 prompt=879
[2/986] item=1 arm=gemma-e2b stop=stop_string tokens=18 prompt=901
[3/986] item=2 arm=gemma-e2b stop=stop_string tokens=21 prompt=1090
[4/986] item=3 arm=gemma-e2b stop=stop_string tokens=18 prompt=1042
[5/986] item=4 arm=gemma-e2b stop=stop_string tokens=17 prompt=975
[6/986] item=5 arm=gemma-e2b stop=stop_string tokens=17 prompt=1108
[7/986] item=6 arm=gemma-e2b stop=stop_string tokens=16 prompt=968
[8/986] item=7 arm=gemma-e2b stop=stop_string tokens=64 prompt=971
[9/986] item=8 arm=gemma-e2b stop=stop_string tokens=11 prompt=940
[10/986] item=9 arm=gemma-e2b stop=stop_string tokens=40 prompt=895
[11/986] item=10 arm=gemma-e2b stop=stop_string tokens=23 prompt=1003
[12/986] item=11 arm=gemma-e2b stop=stop_string tokens=6 prompt=941
[13/986] item=12 arm=gemma-e2b stop=stop_string tokens=122 prompt=1013
[14/986] item=13 arm=gemma-e2b stop=stop_string tokens=29 prompt=946
[15/986] item=14 arm=gemma-e2b stop=stop_string tokens=12 prompt=912
[16/986] item=15 arm=gemma-e2b stop=stop_string tokens=15 prompt=927
[17/986] item=16 arm=gemma-e2b stop=stop_string tokens=29 prompt=932
[18/986] item=17 arm=gemma-e2b stop=stop_string tokens=21 prompt=874
[19/986] item=18 arm=gemma-e2b stop=stop_string tokens=2 prompt=908
[20/986] item=19 arm=gemma-e2b stop=stop_string tokens=20 prompt=1163
[21/986] item=20 arm=gemma-e2b stop=stop_string tokens=13 prompt=906
[22/986] item=21 arm=gemma-e2b stop=stop_string tokens=17 prompt=895
[23/986] item=22 arm=gemma-e2b stop=stop_string tokens=52 prompt=863
[24/986] item=23 arm=gemma-e2b stop=stop_string tokens=12 prompt=1005
[25/986] item=24 arm=gemma-e2b stop=stop_string tokens=38 prompt=939
[26/986] item=25 arm=gemma-e2b stop=stop_string tokens=18 prompt=957
[27/986] item=26 arm=gemma-e2b stop=stop_string tokens=58 prompt=1151
[28/986] item=27 arm=gemma-e2b stop=stop_string tokens=24 prompt=950
[29/986] item=28 arm=gemma-e2b stop=stop_string tokens=138 prompt=1055
[30/986] item=29 arm=gemma-e2b stop=stop_string tokens=32 prompt=875
[31/986] item=30 arm=gemma-e2b stop=stop_string tokens=12 prompt=941
[32/986] item=31 arm=gemma-e2b stop=stop_string tokens=8 prompt=893
[33/986] item=32 arm=gemma-e2b stop=stop_string tokens=50 prompt=951
[34/986] item=33 arm=gemma-e2b stop=stop_string tokens=11 prompt=866
[35/986] item=34 arm=gemma-e2b stop=stop_string tokens=13 prompt=886
[36/986] item=35 arm=gemma-e2b stop=stop_string tokens=13 prompt=990
[37/986] item=36 arm=gemma-e2b stop=stop_string tokens=49 prompt=927
[38/986] item=37 arm=gemma-e2b stop=stop_string tokens=25 prompt=994
[39/986] item=38 arm=gemma-e2b stop=stop_string tokens=19 prompt=925
[40/986] item=39 arm=gemma-e2b stop=stop_string tokens=35 prompt=965
[41/986] item=40 arm=gemma-e2b stop=stop_string tokens=31 prompt=908
[42/986] item=41 arm=gemma-e2b stop=stop_string tokens=24 prompt=936
[43/986] item=42 arm=gemma-e2b stop=stop_string tokens=35 prompt=947
[44/986] item=43 arm=gemma-e2b stop=stop_string tokens=18 prompt=945
[45/986] item=44 arm=gemma-e2b stop=stop_string tokens=15 prompt=905
[46/986] item=45 arm=gemma-e2b stop=stop_string tokens=16 prompt=981
[47/986] item=46 arm=gemma-e2b stop=stop_string tokens=18 prompt=980
[48/986] item=47 arm=gemma-e2b stop=stop_string tokens=24 prompt=703
[49/986] item=48 arm=gemma-e2b stop=stop_string tokens=28 prompt=1009
[50/986] item=49 arm=gemma-e2b stop=stop_string tokens=33 prompt=873
[51/986] item=50 arm=gemma-e2b stop=stop_string tokens=24 prompt=898
[52/986] item=51 arm=gemma-e2b stop=stop_string tokens=39 prompt=988
[53/986] item=52 arm=gemma-e2b stop=stop_string tokens=16 prompt=967
[54/986] item=53 arm=gemma-e2b stop=stop_string tokens=12 prompt=885
[55/986] item=54 arm=gemma-e2b stop=stop_string tokens=28 prompt=897
[56/986] item=55 arm=gemma-e2b stop=stop_string tokens=12 prompt=945
[57/986] item=56 arm=gemma-e2b stop=stop_string tokens=17 prompt=1001
[58/986] item=57 arm=gemma-e2b stop=stop_string tokens=15 prompt=990
[59/986] item=58 arm=gemma-e2b stop=stop_string tokens=102 prompt=882
[60/986] item=59 arm=gemma-e2b stop=stop_string tokens=88 prompt=1028
[61/986] item=60 arm=gemma-e2b stop=stop_string tokens=34 prompt=955
[62/986] item=61 arm=gemma-e2b stop=stop_string tokens=22 prompt=882
[63/986] item=62 arm=gemma-e2b stop=stop_string tokens=16 prompt=982
[64/986] item=63 arm=gemma-e2b stop=stop_string tokens=21 prompt=791
[65/986] item=64 arm=gemma-e2b stop=stop_string tokens=9 prompt=902
[66/986] item=65 arm=gemma-e2b stop=stop_string tokens=16 prompt=1047
[67/986] item=66 arm=gemma-e2b stop=stop_string tokens=15 prompt=913
[68/986] item=67 arm=gemma-e2b stop=stop_string tokens=16 prompt=922
[69/986] item=68 arm=gemma-e2b stop=stop_string tokens=25 prompt=896
[70/986] item=69 arm=gemma-e2b stop=stop_string tokens=25 prompt=905
[71/986] item=70 arm=gemma-e2b stop=stop_string tokens=15 prompt=964
[72/986] item=71 arm=gemma-e2b stop=stop_string tokens=68 prompt=999
[73/986] item=72 arm=gemma-e2b stop=stop_string tokens=31 prompt=891
[74/986] item=73 arm=gemma-e2b stop=stop_string tokens=69 prompt=915
[75/986] item=74 arm=gemma-e2b stop=stop_string tokens=96 prompt=1005
[76/986] item=75 arm=gemma-e2b stop=stop_string tokens=19 prompt=917
[77/986] item=76 arm=gemma-e2b stop=stop_string tokens=39 prompt=1015
[78/986] item=77 arm=gemma-e2b stop=stop_string tokens=22 prompt=970
[79/986] item=78 arm=gemma-e2b stop=stop_string tokens=20 prompt=914
[80/986] item=79 arm=gemma-e2b stop=stop_string tokens=18 prompt=1023
[81/986] item=80 arm=gemma-e2b stop=stop_string tokens=19 prompt=923
[82/986] item=81 arm=gemma-e2b stop=stop_string tokens=19 prompt=881
[83/986] item=82 arm=gemma-e2b stop=stop_string tokens=110 prompt=960
[84/986] item=83 arm=gemma-e2b stop=stop_string tokens=15 prompt=939
[85/986] item=84 arm=gemma-e2b stop=stop_string tokens=9 prompt=992
[86/986] item=85 arm=gemma-e2b stop=stop_string tokens=16 prompt=901
[87/986] item=86 arm=gemma-e2b stop=stop_string tokens=20 prompt=983
[88/986] item=87 arm=gemma-e2b stop=stop_string tokens=21 prompt=966
[89/986] item=88 arm=gemma-e2b stop=stop_string tokens=24 prompt=924
[90/986] item=89 arm=gemma-e2b stop=stop_string tokens=41 prompt=972
[91/986] item=90 arm=gemma-e2b stop=stop_string tokens=83 prompt=1033
[92/986] item=91 arm=gemma-e2b stop=stop_string tokens=25 prompt=912
[93/986] item=92 arm=gemma-e2b stop=stop_string tokens=16 prompt=897
[94/986] item=93 arm=gemma-e2b stop=stop_string tokens=46 prompt=966
[95/986] item=94 arm=gemma-e2b stop=stop_string tokens=19 prompt=910
[96/986] item=95 arm=gemma-e2b stop=stop_string tokens=35 prompt=843
[97/986] item=96 arm=gemma-e2b stop=stop_string tokens=71 prompt=912
[98/986] item=97 arm=gemma-e2b stop=stop_string tokens=21 prompt=911
[99/986] item=98 arm=gemma-e2b stop=stop_string tokens=16 prompt=1057
[100/986] item=99 arm=gemma-e2b stop=stop_string tokens=16 prompt=984
[101/986] item=100 arm=gemma-e2b stop=stop_string tokens=19 prompt=909
[102/986] item=101 arm=gemma-e2b stop=stop_string tokens=55 prompt=899
[103/986] item=102 arm=gemma-e2b stop=stop_string tokens=20 prompt=908
[104/986] item=103 arm=gemma-e2b stop=stop_string tokens=13 prompt=951
[105/986] item=104 arm=gemma-e2b stop=stop_string tokens=63 prompt=895
[106/986] item=105 arm=gemma-e2b stop=stop_string tokens=25 prompt=987
[107/986] item=106 arm=gemma-e2b stop=stop_string tokens=74 prompt=1091
[108/986] item=107 arm=gemma-e2b stop=stop_string tokens=66 prompt=887
[109/986] item=108 arm=gemma-e2b stop=stop_string tokens=15 prompt=760
[110/986] item=109 arm=gemma-e2b stop=stop_string tokens=17 prompt=879
[111/986] item=110 arm=gemma-e2b stop=stop_string tokens=29 prompt=987
[112/986] item=111 arm=gemma-e2b stop=stop_string tokens=28 prompt=913
[113/986] item=112 arm=gemma-e2b stop=stop_string tokens=25 prompt=952
[114/986] item=113 arm=gemma-e2b stop=stop_string tokens=34 prompt=915
[115/986] item=114 arm=gemma-e2b stop=stop_string tokens=16 prompt=988
[116/986] item=115 arm=gemma-e2b stop=stop_string tokens=17 prompt=916
[117/986] item=116 arm=gemma-e2b stop=stop_string tokens=6 prompt=1008
[118/986] item=117 arm=gemma-e2b stop=stop_string tokens=21 prompt=886
[119/986] item=118 arm=gemma-e2b stop=stop_string tokens=18 prompt=746
[120/986] item=119 arm=gemma-e2b stop=stop_string tokens=25 prompt=965
[121/986] item=120 arm=gemma-e2b stop=stop_string tokens=62 prompt=874
[122/986] item=121 arm=gemma-e2b stop=stop_string tokens=11 prompt=819
[123/986] item=122 arm=gemma-e2b stop=stop_string tokens=12 prompt=893
[124/986] item=123 arm=gemma-e2b stop=stop_string tokens=33 prompt=885
[125/986] item=124 arm=gemma-e2b stop=stop_string tokens=18 prompt=974
[126/986] item=125 arm=gemma-e2b stop=stop_string tokens=13 prompt=1005
[127/986] item=126 arm=gemma-e2b stop=stop_string tokens=11 prompt=988
[128/986] item=127 arm=gemma-e2b stop=stop_string tokens=123 prompt=927
[129/986] item=128 arm=gemma-e2b stop=stop_string tokens=38 prompt=994
[130/986] item=129 arm=gemma-e2b stop=stop_string tokens=20 prompt=952
[131/986] item=130 arm=gemma-e2b stop=stop_string tokens=2 prompt=906
[132/986] item=131 arm=gemma-e2b stop=stop_string tokens=52 prompt=960
[133/986] item=132 arm=gemma-e2b stop=stop_string tokens=17 prompt=847
[134/986] item=133 arm=gemma-e2b stop=stop_string tokens=74 prompt=952
[135/986] item=134 arm=gemma-e2b stop=stop_string tokens=2 prompt=886
[136/986] item=135 arm=gemma-e2b stop=stop_string tokens=10 prompt=907
[137/986] item=136 arm=gemma-e2b stop=stop_string tokens=16 prompt=935
[138/986] item=137 arm=gemma-e2b stop=stop_string tokens=20 prompt=1020
[139/986] item=138 arm=gemma-e2b stop=stop_string tokens=12 prompt=969
[140/986] item=139 arm=gemma-e2b stop=stop_string tokens=47 prompt=932
[141/986] item=140 arm=gemma-e2b stop=stop_string tokens=15 prompt=978
[142/986] item=141 arm=gemma-e2b stop=stop_string tokens=25 prompt=895
[143/986] item=142 arm=gemma-e2b stop=stop_string tokens=9 prompt=963
[144/986] item=143 arm=gemma-e2b stop=stop_string tokens=15 prompt=1147
[145/986] item=144 arm=gemma-e2b stop=stop_string tokens=51 prompt=908
[146/986] item=145 arm=gemma-e2b stop=stop_string tokens=18 prompt=909
[147/986] item=146 arm=gemma-e2b stop=stop_string tokens=40 prompt=891
[148/986] item=147 arm=gemma-e2b stop=stop_string tokens=13 prompt=987
[149/986] item=148 arm=gemma-e2b stop=stop_string tokens=25 prompt=891
[150/986] item=149 arm=gemma-e2b stop=stop_string tokens=24 prompt=855
[151/986] item=150 arm=gemma-e2b stop=stop_string tokens=14 prompt=959
[152/986] item=151 arm=gemma-e2b stop=stop_string tokens=15 prompt=890
[153/986] item=152 arm=gemma-e2b stop=stop_string tokens=16 prompt=919
[154/986] item=153 arm=gemma-e2b stop=stop_string tokens=18 prompt=971
[155/986] item=154 arm=gemma-e2b stop=stop_string tokens=16 prompt=877
[156/986] item=155 arm=gemma-e2b stop=stop_string tokens=16 prompt=942
[157/986] item=156 arm=gemma-e2b stop=stop_string tokens=17 prompt=893
[158/986] item=157 arm=gemma-e2b stop=stop_string tokens=33 prompt=962
[159/986] item=158 arm=gemma-e2b stop=stop_string tokens=31 prompt=1055
[160/986] item=159 arm=gemma-e2b stop=stop_string tokens=25 prompt=967
[161/986] item=160 arm=gemma-e2b stop=stop_string tokens=16 prompt=955
[162/986] item=161 arm=gemma-e2b stop=stop_string tokens=24 prompt=901
[163/986] item=162 arm=gemma-e2b stop=stop_string tokens=85 prompt=958
[164/986] item=163 arm=gemma-e2b stop=stop_string tokens=16 prompt=885
[165/986] item=164 arm=gemma-e2b stop=stop_string tokens=17 prompt=964
[166/986] item=165 arm=gemma-e2b stop=stop_string tokens=14 prompt=971
[167/986] item=166 arm=gemma-e2b stop=stop_string tokens=18 prompt=902
[168/986] item=167 arm=gemma-e2b stop=stop_string tokens=11 prompt=826
[169/986] item=168 arm=gemma-e2b stop=stop_string tokens=15 prompt=904
[170/986] item=169 arm=gemma-e2b stop=stop_string tokens=14 prompt=909
[171/986] item=170 arm=gemma-e2b stop=stop_string tokens=61 prompt=966
[172/986] item=171 arm=gemma-e2b stop=stop_string tokens=12 prompt=903
[173/986] item=172 arm=gemma-e2b stop=stop_string tokens=18 prompt=1037
[174/986] item=173 arm=gemma-e2b stop=stop_string tokens=25 prompt=937
[175/986] item=174 arm=gemma-e2b stop=stop_string tokens=12 prompt=921
[176/986] item=175 arm=gemma-e2b stop=stop_string tokens=20 prompt=1087
[177/986] item=176 arm=gemma-e2b stop=stop_string tokens=86 prompt=948
[178/986] item=177 arm=gemma-e2b stop=stop_string tokens=27 prompt=935
[179/986] item=178 arm=gemma-e2b stop=stop_string tokens=59 prompt=966
[180/986] item=179 arm=gemma-e2b stop=stop_string tokens=26 prompt=941
[181/986] item=180 arm=gemma-e2b stop=stop_string tokens=147 prompt=980
[182/986] item=181 arm=gemma-e2b stop=stop_string tokens=62 prompt=869
[183/986] item=182 arm=gemma-e2b stop=stop_string tokens=20 prompt=1039
[184/986] item=183 arm=gemma-e2b stop=stop_string tokens=16 prompt=972
[185/986] item=184 arm=gemma-e2b stop=stop_string tokens=16 prompt=993
[186/986] item=185 arm=gemma-e2b stop=stop_string tokens=40 prompt=1058
[187/986] item=186 arm=gemma-e2b stop=stop_string tokens=19 prompt=850
[188/986] item=187 arm=gemma-e2b stop=stop_string tokens=29 prompt=896
[189/986] item=188 arm=gemma-e2b stop=stop_string tokens=26 prompt=864
[190/986] item=189 arm=gemma-e2b stop=stop_string tokens=20 prompt=1001
[191/986] item=190 arm=gemma-e2b stop=stop_string tokens=54 prompt=1073
[192/986] item=191 arm=gemma-e2b stop=stop_string tokens=38 prompt=995
[193/986] item=192 arm=gemma-e2b stop=stop_string tokens=96 prompt=1009
[194/986] item=193 arm=gemma-e2b stop=stop_string tokens=25 prompt=910
[195/986] item=194 arm=gemma-e2b stop=stop_string tokens=33 prompt=1016
[196/986] item=195 arm=gemma-e2b stop=stop_string tokens=31 prompt=894
[197/986] item=196 arm=gemma-e2b stop=stop_string tokens=43 prompt=1668
[198/986] item=197 arm=gemma-e2b stop=stop_string tokens=19 prompt=885
[199/986] item=198 arm=gemma-e2b stop=stop_string tokens=24 prompt=814
[200/986] item=199 arm=gemma-e2b stop=stop_string tokens=19 prompt=970
[201/986] item=200 arm=gemma-e2b stop=stop_string tokens=22 prompt=897
[202/986] item=201 arm=gemma-e2b stop=stop_string tokens=24 prompt=1189
[203/986] item=202 arm=gemma-e2b stop=stop_string tokens=20 prompt=1069
[204/986] item=203 arm=gemma-e2b stop=stop_string tokens=16 prompt=969
[205/986] item=204 arm=gemma-e2b stop=stop_string tokens=15 prompt=973
[206/986] item=205 arm=gemma-e2b stop=stop_string tokens=142 prompt=984
[207/986] item=206 arm=gemma-e2b stop=stop_string tokens=22 prompt=896
[208/986] item=207 arm=gemma-e2b stop=stop_string tokens=25 prompt=985
[209/986] item=208 arm=gemma-e2b stop=stop_string tokens=28 prompt=920
[210/986] item=209 arm=gemma-e2b stop=stop_string tokens=18 prompt=1099
[211/986] item=210 arm=gemma-e2b stop=stop_string tokens=20 prompt=983
[212/986] item=211 arm=gemma-e2b stop=stop_string tokens=25 prompt=910
[213/986] item=212 arm=gemma-e2b stop=stop_string tokens=8 prompt=902
[214/986] item=213 arm=gemma-e2b stop=stop_string tokens=16 prompt=903
[215/986] item=214 arm=gemma-e2b stop=stop_string tokens=116 prompt=907
[216/986] item=215 arm=gemma-e2b stop=stop_string tokens=16 prompt=923
[217/986] item=216 arm=gemma-e2b stop=stop_string tokens=39 prompt=936
[218/986] item=217 arm=gemma-e2b stop=stop_string tokens=11 prompt=914
[219/986] item=218 arm=gemma-e2b stop=stop_string tokens=32 prompt=893
[220/986] item=219 arm=gemma-e2b stop=stop_string tokens=18 prompt=923
[221/986] item=220 arm=gemma-e2b stop=stop_string tokens=12 prompt=872
[222/986] item=221 arm=gemma-e2b stop=stop_string tokens=54 prompt=997
[223/986] item=222 arm=gemma-e2b stop=stop_string tokens=61 prompt=1013
[224/986] item=223 arm=gemma-e2b stop=stop_string tokens=56 prompt=891
[225/986] item=224 arm=gemma-e2b stop=stop_string tokens=22 prompt=871
[226/986] item=225 arm=gemma-e2b stop=stop_string tokens=48 prompt=906
[227/986] item=226 arm=gemma-e2b stop=stop_string tokens=20 prompt=966
[228/986] item=227 arm=gemma-e2b stop=stop_string tokens=19 prompt=894
[229/986] item=228 arm=gemma-e2b stop=stop_string tokens=24 prompt=1023
[230/986] item=229 arm=gemma-e2b stop=stop_string tokens=2 prompt=1017
[231/986] item=230 arm=gemma-e2b stop=stop_string tokens=28 prompt=927
[232/986] item=231 arm=gemma-e2b stop=stop_string tokens=13 prompt=871
[233/986] item=232 arm=gemma-e2b stop=stop_string tokens=24 prompt=875
[234/986] item=233 arm=gemma-e2b stop=stop_string tokens=15 prompt=955
[235/986] item=234 arm=gemma-e2b stop=stop_string tokens=25 prompt=952
[236/986] item=235 arm=gemma-e2b stop=stop_string tokens=22 prompt=873
[237/986] item=236 arm=gemma-e2b stop=stop_string tokens=48 prompt=923
[238/986] item=237 arm=gemma-e2b stop=stop_string tokens=8 prompt=944
[239/986] item=238 arm=gemma-e2b stop=stop_string tokens=9 prompt=915
[240/986] item=239 arm=gemma-e2b stop=stop_string tokens=9 prompt=862
[241/986] item=240 arm=gemma-e2b stop=stop_string tokens=26 prompt=885
[242/986] item=241 arm=gemma-e2b stop=stop_string tokens=96 prompt=974
[243/986] item=242 arm=gemma-e2b stop=stop_string tokens=27 prompt=1007
[244/986] item=243 arm=gemma-e2b stop=stop_string tokens=36 prompt=906
[245/986] item=244 arm=gemma-e2b stop=stop_string tokens=16 prompt=945
[246/986] item=245 arm=gemma-e2b stop=stop_string tokens=20 prompt=1067
[247/986] item=246 arm=gemma-e2b stop=stop_string tokens=23 prompt=899
[248/986] item=247 arm=gemma-e2b stop=stop_string tokens=34 prompt=915
[249/986] item=248 arm=gemma-e2b stop=stop_string tokens=16 prompt=983
[250/986] item=249 arm=gemma-e2b stop=stop_string tokens=29 prompt=971
[251/986] item=250 arm=gemma-e2b stop=stop_string tokens=23 prompt=931
[252/986] item=251 arm=gemma-e2b stop=stop_string tokens=111 prompt=908
[253/986] item=252 arm=gemma-e2b stop=stop_string tokens=16 prompt=921
[254/986] item=253 arm=gemma-e2b stop=stop_string tokens=13 prompt=891
[255/986] item=254 arm=gemma-e2b stop=stop_string tokens=97 prompt=702
[256/986] item=255 arm=gemma-e2b stop=stop_string tokens=2 prompt=979
[257/986] item=256 arm=gemma-e2b stop=stop_string tokens=13 prompt=914
[258/986] item=257 arm=gemma-e2b stop=stop_string tokens=16 prompt=914
[259/986] item=258 arm=gemma-e2b stop=stop_string tokens=116 prompt=908
[260/986] item=259 arm=gemma-e2b stop=stop_string tokens=32 prompt=983
[261/986] item=260 arm=gemma-e2b stop=stop_string tokens=44 prompt=905
[262/986] item=261 arm=gemma-e2b stop=stop_string tokens=71 prompt=955
[263/986] item=262 arm=gemma-e2b stop=stop_string tokens=19 prompt=851
[264/986] item=263 arm=gemma-e2b stop=stop_string tokens=22 prompt=909
[265/986] item=264 arm=gemma-e2b stop=stop_string tokens=16 prompt=916
[266/986] item=265 arm=gemma-e2b stop=stop_string tokens=43 prompt=1035
[267/986] item=266 arm=gemma-e2b stop=stop_string tokens=20 prompt=1094
[268/986] item=267 arm=gemma-e2b stop=stop_string tokens=37 prompt=987
[269/986] item=268 arm=gemma-e2b stop=stop_string tokens=12 prompt=881
[270/986] item=269 arm=gemma-e2b stop=stop_string tokens=17 prompt=1084
[271/986] item=270 arm=gemma-e2b stop=stop_string tokens=53 prompt=970
[272/986] item=271 arm=gemma-e2b stop=stop_string tokens=17 prompt=883
[273/986] item=272 arm=gemma-e2b stop=stop_string tokens=18 prompt=874
[274/986] item=273 arm=gemma-e2b stop=stop_string tokens=73 prompt=945
[275/986] item=274 arm=gemma-e2b stop=stop_string tokens=34 prompt=987
[276/986] item=275 arm=gemma-e2b stop=stop_string tokens=24 prompt=912
[277/986] item=276 arm=gemma-e2b stop=stop_string tokens=75 prompt=893
[278/986] item=277 arm=gemma-e2b stop=stop_string tokens=12 prompt=909
[279/986] item=278 arm=gemma-e2b stop=stop_string tokens=20 prompt=938
[280/986] item=279 arm=gemma-e2b stop=stop_string tokens=51 prompt=931
[281/986] item=280 arm=gemma-e2b stop=stop_string tokens=25 prompt=959
[282/986] item=281 arm=gemma-e2b stop=stop_string tokens=14 prompt=879
[283/986] item=282 arm=gemma-e2b stop=stop_string tokens=25 prompt=999
[284/986] item=283 arm=gemma-e2b stop=stop_string tokens=46 prompt=893
[285/986] item=284 arm=gemma-e2b stop=stop_string tokens=9 prompt=958
[286/986] item=285 arm=gemma-e2b stop=stop_string tokens=13 prompt=888
[287/986] item=286 arm=gemma-e2b stop=stop_string tokens=16 prompt=948
[288/986] item=287 arm=gemma-e2b stop=stop_string tokens=18 prompt=894
[289/986] item=288 arm=gemma-e2b stop=stop_string tokens=19 prompt=897
[290/986] item=289 arm=gemma-e2b stop=stop_string tokens=22 prompt=1044
[291/986] item=290 arm=gemma-e2b stop=stop_string tokens=12 prompt=959
[292/986] item=291 arm=gemma-e2b stop=stop_string tokens=12 prompt=925
[293/986] item=292 arm=gemma-e2b stop=stop_string tokens=24 prompt=945
[294/986] item=293 arm=gemma-e2b stop=stop_string tokens=60 prompt=955
[295/986] item=294 arm=gemma-e2b stop=stop_string tokens=18 prompt=1145
[296/986] item=295 arm=gemma-e2b stop=stop_string tokens=164 prompt=919
[297/986] item=296 arm=gemma-e2b stop=stop_string tokens=58 prompt=897
[298/986] item=297 arm=gemma-e2b stop=cap tokens=200 prompt=902
[299/986] item=298 arm=gemma-e2b stop=stop_string tokens=24 prompt=1011
[300/986] item=299 arm=gemma-e2b stop=stop_string tokens=18 prompt=931
[301/986] item=300 arm=gemma-e2b stop=stop_string tokens=20 prompt=915
[302/986] item=301 arm=gemma-e2b stop=stop_string tokens=12 prompt=916
[303/986] item=302 arm=gemma-e2b stop=stop_string tokens=143 prompt=984
[304/986] item=303 arm=gemma-e2b stop=stop_string tokens=35 prompt=933
[305/986] item=304 arm=gemma-e2b stop=stop_string tokens=173 prompt=958
[306/986] item=305 arm=gemma-e2b stop=stop_string tokens=13 prompt=930
[307/986] item=306 arm=gemma-e2b stop=stop_string tokens=96 prompt=930
[308/986] item=307 arm=gemma-e2b stop=stop_string tokens=16 prompt=905
[309/986] item=308 arm=gemma-e2b stop=cap tokens=200 prompt=928
[310/986] item=309 arm=gemma-e2b stop=stop_string tokens=38 prompt=1056
[311/986] item=310 arm=gemma-e2b stop=stop_string tokens=53 prompt=986
[312/986] item=311 arm=gemma-e2b stop=stop_string tokens=33 prompt=962
[313/986] item=312 arm=gemma-e2b stop=stop_string tokens=65 prompt=887
[314/986] item=313 arm=gemma-e2b stop=stop_string tokens=25 prompt=919
[315/986] item=314 arm=gemma-e2b stop=stop_string tokens=20 prompt=920
[316/986] item=315 arm=gemma-e2b stop=stop_string tokens=50 prompt=957
[317/986] item=316 arm=gemma-e2b stop=stop_string tokens=28 prompt=918
[318/986] item=317 arm=gemma-e2b stop=stop_string tokens=12 prompt=917
[319/986] item=318 arm=gemma-e2b stop=stop_string tokens=20 prompt=1046
[320/986] item=319 arm=gemma-e2b stop=stop_string tokens=10 prompt=945
[321/986] item=320 arm=gemma-e2b stop=stop_string tokens=15 prompt=892
[322/986] item=321 arm=gemma-e2b stop=stop_string tokens=22 prompt=903
[323/986] item=322 arm=gemma-e2b stop=stop_string tokens=22 prompt=971
[324/986] item=323 arm=gemma-e2b stop=stop_string tokens=14 prompt=926
[325/986] item=324 arm=gemma-e2b stop=stop_string tokens=13 prompt=873
[326/986] item=325 arm=gemma-e2b stop=stop_string tokens=23 prompt=893
[327/986] item=326 arm=gemma-e2b stop=stop_string tokens=145 prompt=933
[328/986] item=327 arm=gemma-e2b stop=stop_string tokens=33 prompt=887
[329/986] item=328 arm=gemma-e2b stop=stop_string tokens=16 prompt=935
[330/986] item=329 arm=gemma-e2b stop=stop_string tokens=20 prompt=889
[331/986] item=330 arm=gemma-e2b stop=stop_string tokens=13 prompt=931
[332/986] item=331 arm=gemma-e2b stop=stop_string tokens=20 prompt=965
[333/986] item=332 arm=gemma-e2b stop=stop_string tokens=16 prompt=869
[334/986] item=333 arm=gemma-e2b stop=stop_string tokens=18 prompt=931
[335/986] item=334 arm=gemma-e2b stop=stop_string tokens=16 prompt=870
[336/986] item=335 arm=gemma-e2b stop=stop_string tokens=18 prompt=916
[337/986] item=336 arm=gemma-e2b stop=stop_string tokens=44 prompt=912
[338/986] item=337 arm=gemma-e2b stop=stop_string tokens=19 prompt=900
[339/986] item=338 arm=gemma-e2b stop=stop_string tokens=29 prompt=946
[340/986] item=339 arm=gemma-e2b stop=stop_string tokens=19 prompt=864
[341/986] item=340 arm=gemma-e2b stop=stop_string tokens=16 prompt=930
[342/986] item=341 arm=gemma-e2b stop=stop_string tokens=20 prompt=1012
[343/986] item=342 arm=gemma-e2b stop=cap tokens=200 prompt=909
[344/986] item=343 arm=gemma-e2b stop=stop_string tokens=15 prompt=930
[345/986] item=344 arm=gemma-e2b stop=stop_string tokens=12 prompt=884
[346/986] item=345 arm=gemma-e2b stop=stop_string tokens=18 prompt=933
[347/986] item=346 arm=gemma-e2b stop=stop_string tokens=19 prompt=923
[348/986] item=347 arm=gemma-e2b stop=stop_string tokens=79 prompt=1084
[349/986] item=348 arm=gemma-e2b stop=stop_string tokens=15 prompt=933
[350/986] item=349 arm=gemma-e2b stop=stop_string tokens=16 prompt=904
[351/986] item=350 arm=gemma-e2b stop=stop_string tokens=16 prompt=895
[352/986] item=351 arm=gemma-e2b stop=stop_string tokens=17 prompt=943
[353/986] item=352 arm=gemma-e2b stop=stop_string tokens=78 prompt=910
[354/986] item=353 arm=gemma-e2b stop=stop_string tokens=21 prompt=1335
[355/986] item=354 arm=gemma-e2b stop=stop_string tokens=12 prompt=952
[356/986] item=355 arm=gemma-e2b stop=stop_string tokens=25 prompt=904
[357/986] item=356 arm=gemma-e2b stop=stop_string tokens=33 prompt=915
[358/986] item=357 arm=gemma-e2b stop=stop_string tokens=29 prompt=959
[359/986] item=358 arm=gemma-e2b stop=stop_string tokens=24 prompt=942
[360/986] item=359 arm=gemma-e2b stop=stop_string tokens=11 prompt=934
[361/986] item=360 arm=gemma-e2b stop=stop_string tokens=15 prompt=1026
[362/986] item=361 arm=gemma-e2b stop=stop_string tokens=21 prompt=806
[363/986] item=362 arm=gemma-e2b stop=stop_string tokens=16 prompt=963
[364/986] item=363 arm=gemma-e2b stop=stop_string tokens=15 prompt=896
[365/986] item=364 arm=gemma-e2b stop=stop_string tokens=15 prompt=906
[366/986] item=365 arm=gemma-e2b stop=stop_string tokens=9 prompt=945
[367/986] item=366 arm=gemma-e2b stop=stop_string tokens=13 prompt=953
[368/986] item=367 arm=gemma-e2b stop=stop_string tokens=78 prompt=868
[369/986] item=368 arm=gemma-e2b stop=stop_string tokens=12 prompt=947
[370/986] item=369 arm=gemma-e2b stop=stop_string tokens=31 prompt=927
[371/986] item=370 arm=gemma-e2b stop=stop_string tokens=20 prompt=1188
[372/986] item=371 arm=gemma-e2b stop=stop_string tokens=34 prompt=953
[373/986] item=372 arm=gemma-e2b stop=stop_string tokens=93 prompt=958
[374/986] item=373 arm=gemma-e2b stop=stop_string tokens=21 prompt=926
[375/986] item=374 arm=gemma-e2b stop=stop_string tokens=27 prompt=933
[376/986] item=375 arm=gemma-e2b stop=stop_string tokens=21 prompt=956
[377/986] item=376 arm=gemma-e2b stop=stop_string tokens=12 prompt=966
[378/986] item=377 arm=gemma-e2b stop=stop_string tokens=35 prompt=928
[379/986] item=378 arm=gemma-e2b stop=stop_string tokens=118 prompt=971
[380/986] item=379 arm=gemma-e2b stop=stop_string tokens=56 prompt=896
[381/986] item=380 arm=gemma-e2b stop=stop_string tokens=18 prompt=897
[382/986] item=381 arm=gemma-e2b stop=stop_string tokens=16 prompt=1001
[383/986] item=382 arm=gemma-e2b stop=stop_string tokens=20 prompt=889
[384/986] item=383 arm=gemma-e2b stop=stop_string tokens=41 prompt=897
[385/986] item=384 arm=gemma-e2b stop=stop_string tokens=28 prompt=904
[386/986] item=385 arm=gemma-e2b stop=stop_string tokens=94 prompt=930
[387/986] item=386 arm=gemma-e2b stop=stop_string tokens=18 prompt=998
[388/986] item=387 arm=gemma-e2b stop=stop_string tokens=22 prompt=926
[389/986] item=388 arm=gemma-e2b stop=stop_string tokens=16 prompt=1257
[390/986] item=389 arm=gemma-e2b stop=stop_string tokens=144 prompt=913
[391/986] item=390 arm=gemma-e2b stop=stop_string tokens=40 prompt=935
[392/986] item=391 arm=gemma-e2b stop=stop_string tokens=20 prompt=864
[393/986] item=392 arm=gemma-e2b stop=stop_string tokens=9 prompt=897
[394/986] item=393 arm=gemma-e2b stop=stop_string tokens=21 prompt=876
[395/986] item=394 arm=gemma-e2b stop=stop_string tokens=16 prompt=1001
[396/986] item=395 arm=gemma-e2b stop=stop_string tokens=53 prompt=985
[397/986] item=396 arm=gemma-e2b stop=stop_string tokens=22 prompt=924
[398/986] item=397 arm=gemma-e2b stop=stop_string tokens=87 prompt=962
[399/986] item=398 arm=gemma-e2b stop=stop_string tokens=20 prompt=935
[400/986] item=399 arm=gemma-e2b stop=stop_string tokens=50 prompt=884
[401/986] item=400 arm=gemma-e2b stop=stop_string tokens=18 prompt=900
[402/986] item=401 arm=gemma-e2b stop=stop_string tokens=16 prompt=996
[403/986] item=402 arm=gemma-e2b stop=stop_string tokens=9 prompt=885
[404/986] item=403 arm=gemma-e2b stop=stop_string tokens=20 prompt=940
[405/986] item=404 arm=gemma-e2b stop=stop_string tokens=44 prompt=840
[406/986] item=405 arm=gemma-e2b stop=stop_string tokens=76 prompt=915
[407/986] item=406 arm=gemma-e2b stop=stop_string tokens=74 prompt=904
[408/986] item=407 arm=gemma-e2b stop=stop_string tokens=171 prompt=912
[409/986] item=408 arm=gemma-e2b stop=stop_string tokens=115 prompt=941
[410/986] item=409 arm=gemma-e2b stop=stop_string tokens=11 prompt=898
[411/986] item=410 arm=gemma-e2b stop=stop_string tokens=25 prompt=945
[412/986] item=411 arm=gemma-e2b stop=stop_string tokens=22 prompt=948
[413/986] item=412 arm=gemma-e2b stop=stop_string tokens=34 prompt=901
[414/986] item=413 arm=gemma-e2b stop=stop_string tokens=14 prompt=1049
[415/986] item=414 arm=gemma-e2b stop=stop_string tokens=13 prompt=935
[416/986] item=415 arm=gemma-e2b stop=stop_string tokens=17 prompt=967
[417/986] item=416 arm=gemma-e2b stop=stop_string tokens=22 prompt=938
[418/986] item=417 arm=gemma-e2b stop=stop_string tokens=12 prompt=949
[419/986] item=418 arm=gemma-e2b stop=stop_string tokens=102 prompt=967
[420/986] item=419 arm=gemma-e2b stop=cap tokens=200 prompt=986
[421/986] item=420 arm=gemma-e2b stop=stop_string tokens=17 prompt=1083
[422/986] item=421 arm=gemma-e2b stop=stop_string tokens=12 prompt=972
[423/986] item=422 arm=gemma-e2b stop=stop_string tokens=20 prompt=808
[424/986] item=423 arm=gemma-e2b stop=stop_string tokens=25 prompt=1032
[425/986] item=424 arm=gemma-e2b stop=stop_string tokens=30 prompt=963
[426/986] item=425 arm=gemma-e2b stop=stop_string tokens=134 prompt=919
[427/986] item=426 arm=gemma-e2b stop=stop_string tokens=20 prompt=943
[428/986] item=427 arm=gemma-e2b stop=stop_string tokens=23 prompt=980
[429/986] item=428 arm=gemma-e2b stop=stop_string tokens=30 prompt=874
[430/986] item=429 arm=gemma-e2b stop=stop_string tokens=111 prompt=973
[431/986] item=430 arm=gemma-e2b stop=stop_string tokens=73 prompt=971
[432/986] item=431 arm=gemma-e2b stop=stop_string tokens=85 prompt=889
[433/986] item=432 arm=gemma-e2b stop=stop_string tokens=17 prompt=939
[434/986] item=433 arm=gemma-e2b stop=stop_string tokens=24 prompt=1003
[435/986] item=434 arm=gemma-e2b stop=stop_string tokens=16 prompt=839
[436/986] item=435 arm=gemma-e2b stop=stop_string tokens=63 prompt=918
[437/986] item=436 arm=gemma-e2b stop=stop_string tokens=76 prompt=896
[438/986] item=437 arm=gemma-e2b stop=stop_string tokens=14 prompt=972
[439/986] item=438 arm=gemma-e2b stop=stop_string tokens=36 prompt=908
[440/986] item=439 arm=gemma-e2b stop=stop_string tokens=21 prompt=1031
[441/986] item=440 arm=gemma-e2b stop=stop_string tokens=15 prompt=864
[442/986] item=441 arm=gemma-e2b stop=stop_string tokens=2 prompt=1002
[443/986] item=442 arm=gemma-e2b stop=stop_string tokens=68 prompt=922
[444/986] item=443 arm=gemma-e2b stop=stop_string tokens=15 prompt=968
[445/986] item=444 arm=gemma-e2b stop=stop_string tokens=26 prompt=868
[446/986] item=445 arm=gemma-e2b stop=stop_string tokens=138 prompt=980
[447/986] item=446 arm=gemma-e2b stop=stop_string tokens=12 prompt=897
[448/986] item=447 arm=gemma-e2b stop=stop_string tokens=18 prompt=934
[449/986] item=448 arm=gemma-e2b stop=stop_string tokens=14 prompt=816
[450/986] item=449 arm=gemma-e2b stop=stop_string tokens=16 prompt=951
[451/986] item=450 arm=gemma-e2b stop=stop_string tokens=51 prompt=998
[452/986] item=451 arm=gemma-e2b stop=stop_string tokens=46 prompt=911
[453/986] item=452 arm=gemma-e2b stop=stop_string tokens=58 prompt=892
[454/986] item=453 arm=gemma-e2b stop=stop_string tokens=20 prompt=874
[455/986] item=454 arm=gemma-e2b stop=stop_string tokens=18 prompt=924
[456/986] item=455 arm=gemma-e2b stop=stop_string tokens=9 prompt=934
[457/986] item=456 arm=gemma-e2b stop=stop_string tokens=33 prompt=958
[458/986] item=457 arm=gemma-e2b stop=stop_string tokens=19 prompt=990
[459/986] item=458 arm=gemma-e2b stop=stop_string tokens=25 prompt=1098
[460/986] item=459 arm=gemma-e2b stop=stop_string tokens=20 prompt=869
[461/986] item=460 arm=gemma-e2b stop=stop_string tokens=34 prompt=968
[462/986] item=461 arm=gemma-e2b stop=stop_string tokens=15 prompt=916
[463/986] item=462 arm=gemma-e2b stop=stop_string tokens=2 prompt=922
[464/986] item=463 arm=gemma-e2b stop=stop_string tokens=17 prompt=860
[465/986] item=464 arm=gemma-e2b stop=stop_string tokens=25 prompt=907
[466/986] item=465 arm=gemma-e2b stop=stop_string tokens=42 prompt=946
[467/986] item=466 arm=gemma-e2b stop=stop_string tokens=23 prompt=886
[468/986] item=467 arm=gemma-e2b stop=stop_string tokens=15 prompt=1039
[469/986] item=468 arm=gemma-e2b stop=stop_string tokens=16 prompt=959
[470/986] item=469 arm=gemma-e2b stop=stop_string tokens=20 prompt=991
[471/986] item=470 arm=gemma-e2b stop=stop_string tokens=18 prompt=910
[472/986] item=471 arm=gemma-e2b stop=stop_string tokens=18 prompt=1024
[473/986] item=472 arm=gemma-e2b stop=stop_string tokens=20 prompt=869
[474/986] item=473 arm=gemma-e2b stop=stop_string tokens=47 prompt=994
[475/986] item=474 arm=gemma-e2b stop=stop_string tokens=38 prompt=981
[476/986] item=475 arm=gemma-e2b stop=stop_string tokens=15 prompt=978
[477/986] item=476 arm=gemma-e2b stop=stop_string tokens=16 prompt=855
[478/986] item=477 arm=gemma-e2b stop=stop_string tokens=33 prompt=937
[479/986] item=478 arm=gemma-e2b stop=stop_string tokens=17 prompt=916
[480/986] item=479 arm=gemma-e2b stop=stop_string tokens=22 prompt=973
[481/986] item=480 arm=gemma-e2b stop=stop_string tokens=20 prompt=996
[482/986] item=481 arm=gemma-e2b stop=stop_string tokens=20 prompt=957
[483/986] item=482 arm=gemma-e2b stop=stop_string tokens=32 prompt=939
[484/986] item=483 arm=gemma-e2b stop=stop_string tokens=60 prompt=991
[485/986] item=484 arm=gemma-e2b stop=stop_string tokens=10 prompt=1107
[486/986] item=485 arm=gemma-e2b stop=stop_string tokens=69 prompt=961
[487/986] item=486 arm=gemma-e2b stop=stop_string tokens=25 prompt=953
[488/986] item=487 arm=gemma-e2b stop=stop_string tokens=104 prompt=922
[489/986] item=488 arm=gemma-e2b stop=stop_string tokens=23 prompt=918
[490/986] item=489 arm=gemma-e2b stop=stop_string tokens=14 prompt=950
[491/986] item=490 arm=gemma-e2b stop=stop_string tokens=72 prompt=909
[492/986] item=491 arm=gemma-e2b stop=stop_string tokens=16 prompt=976
[493/986] item=492 arm=gemma-e2b stop=stop_string tokens=15 prompt=960
[494/986] item=493 arm=gemma-e2b stop=stop_string tokens=36 prompt=991
[495/986] item=494 arm=gemma-e2b stop=stop_string tokens=19 prompt=914
[496/986] item=495 arm=gemma-e2b stop=stop_string tokens=139 prompt=1036
[497/986] item=496 arm=gemma-e2b stop=stop_string tokens=20 prompt=1026
[498/986] item=497 arm=gemma-e2b stop=stop_string tokens=43 prompt=912
[499/986] item=498 arm=gemma-e2b stop=stop_string tokens=60 prompt=892
[500/986] item=499 arm=gemma-e2b stop=stop_string tokens=19 prompt=829
[501/986] item=500 arm=gemma-e2b stop=stop_string tokens=69 prompt=956
[502/986] item=501 arm=gemma-e2b stop=stop_string tokens=33 prompt=861
[503/986] item=502 arm=gemma-e2b stop=stop_string tokens=82 prompt=911
[504/986] item=503 arm=gemma-e2b stop=stop_string tokens=20 prompt=882
[505/986] item=504 arm=gemma-e2b stop=stop_string tokens=22 prompt=935
[506/986] item=505 arm=gemma-e2b stop=stop_string tokens=17 prompt=1271
[507/986] item=506 arm=gemma-e2b stop=stop_string tokens=20 prompt=960
[508/986] item=507 arm=gemma-e2b stop=stop_string tokens=6 prompt=883
[509/986] item=508 arm=gemma-e2b stop=stop_string tokens=15 prompt=989
[510/986] item=509 arm=gemma-e2b stop=stop_string tokens=38 prompt=928
[511/986] item=510 arm=gemma-e2b stop=stop_string tokens=73 prompt=877
[512/986] item=511 arm=gemma-e2b stop=stop_string tokens=16 prompt=997
[513/986] item=512 arm=gemma-e2b stop=stop_string tokens=31 prompt=957
[514/986] item=513 arm=gemma-e2b stop=stop_string tokens=20 prompt=1001
[515/986] item=514 arm=gemma-e2b stop=stop_string tokens=9 prompt=924
[516/986] item=515 arm=gemma-e2b stop=stop_string tokens=33 prompt=965
[517/986] item=516 arm=gemma-e2b stop=stop_string tokens=32 prompt=905
[518/986] item=517 arm=gemma-e2b stop=stop_string tokens=76 prompt=937
[519/986] item=518 arm=gemma-e2b stop=stop_string tokens=21 prompt=880
[520/986] item=519 arm=gemma-e2b stop=stop_string tokens=22 prompt=1056
[521/986] item=520 arm=gemma-e2b stop=stop_string tokens=57 prompt=943
[522/986] item=521 arm=gemma-e2b stop=stop_string tokens=39 prompt=926
[523/986] item=522 arm=gemma-e2b stop=stop_string tokens=11 prompt=958
[524/986] item=523 arm=gemma-e2b stop=stop_string tokens=22 prompt=895
[525/986] item=524 arm=gemma-e2b stop=stop_string tokens=19 prompt=947
[526/986] item=525 arm=gemma-e2b stop=stop_string tokens=15 prompt=1040
[527/986] item=526 arm=gemma-e2b stop=stop_string tokens=16 prompt=976
[528/986] item=527 arm=gemma-e2b stop=stop_string tokens=25 prompt=901
[529/986] item=528 arm=gemma-e2b stop=stop_string tokens=45 prompt=926
[530/986] item=529 arm=gemma-e2b stop=stop_string tokens=24 prompt=878
[531/986] item=530 arm=gemma-e2b stop=stop_string tokens=12 prompt=920
[532/986] item=531 arm=gemma-e2b stop=stop_string tokens=34 prompt=910
[533/986] item=532 arm=gemma-e2b stop=stop_string tokens=43 prompt=925
[534/986] item=533 arm=gemma-e2b stop=stop_string tokens=19 prompt=1036
[535/986] item=534 arm=gemma-e2b stop=stop_string tokens=20 prompt=1048
[536/986] item=535 arm=gemma-e2b stop=stop_string tokens=2 prompt=893
[537/986] item=536 arm=gemma-e2b stop=stop_string tokens=12 prompt=925
[538/986] item=537 arm=gemma-e2b stop=stop_string tokens=44 prompt=978
[539/986] item=538 arm=gemma-e2b stop=stop_string tokens=129 prompt=1002
[540/986] item=539 arm=gemma-e2b stop=stop_string tokens=18 prompt=884
[541/986] item=540 arm=gemma-e2b stop=stop_string tokens=20 prompt=959
[542/986] item=541 arm=gemma-e2b stop=stop_string tokens=27 prompt=974
[543/986] item=542 arm=gemma-e2b stop=stop_string tokens=17 prompt=960
[544/986] item=543 arm=gemma-e2b stop=stop_string tokens=15 prompt=923
[545/986] item=544 arm=gemma-e2b stop=stop_string tokens=24 prompt=1025
[546/986] item=545 arm=gemma-e2b stop=stop_string tokens=37 prompt=946
[547/986] item=546 arm=gemma-e2b stop=stop_string tokens=16 prompt=952
[548/986] item=547 arm=gemma-e2b stop=stop_string tokens=19 prompt=925
[549/986] item=548 arm=gemma-e2b stop=stop_string tokens=75 prompt=950
[550/986] item=549 arm=gemma-e2b stop=stop_string tokens=16 prompt=946
[551/986] item=550 arm=gemma-e2b stop=stop_string tokens=23 prompt=972
[552/986] item=551 arm=gemma-e2b stop=stop_string tokens=17 prompt=1103
[553/986] item=552 arm=gemma-e2b stop=stop_string tokens=68 prompt=973
[554/986] item=553 arm=gemma-e2b stop=stop_string tokens=10 prompt=861
[555/986] item=554 arm=gemma-e2b stop=stop_string tokens=12 prompt=1054
[556/986] item=555 arm=gemma-e2b stop=stop_string tokens=17 prompt=863
[557/986] item=556 arm=gemma-e2b stop=stop_string tokens=15 prompt=903
[558/986] item=557 arm=gemma-e2b stop=stop_string tokens=17 prompt=930
[559/986] item=558 arm=gemma-e2b stop=stop_string tokens=59 prompt=911
[560/986] item=559 arm=gemma-e2b stop=stop_string tokens=26 prompt=892
[561/986] item=560 arm=gemma-e2b stop=stop_string tokens=38 prompt=918
[562/986] item=561 arm=gemma-e2b stop=stop_string tokens=7 prompt=954
[563/986] item=562 arm=gemma-e2b stop=stop_string tokens=26 prompt=910
[564/986] item=563 arm=gemma-e2b stop=stop_string tokens=13 prompt=935
[565/986] item=564 arm=gemma-e2b stop=stop_string tokens=10 prompt=1006
[566/986] item=565 arm=gemma-e2b stop=stop_string tokens=30 prompt=899
[567/986] item=566 arm=gemma-e2b stop=stop_string tokens=34 prompt=934
[568/986] item=567 arm=gemma-e2b stop=stop_string tokens=16 prompt=1161
[569/986] item=568 arm=gemma-e2b stop=stop_string tokens=30 prompt=911
[570/986] item=569 arm=gemma-e2b stop=stop_string tokens=2 prompt=902
[571/986] item=570 arm=gemma-e2b stop=stop_string tokens=32 prompt=956
[572/986] item=571 arm=gemma-e2b stop=stop_string tokens=94 prompt=947
[573/986] item=572 arm=gemma-e2b stop=stop_string tokens=11 prompt=965
[574/986] item=573 arm=gemma-e2b stop=stop_string tokens=42 prompt=890
[575/986] item=574 arm=gemma-e2b stop=stop_string tokens=108 prompt=931
[576/986] item=575 arm=gemma-e2b stop=stop_string tokens=25 prompt=994
[577/986] item=576 arm=gemma-e2b stop=stop_string tokens=59 prompt=882
[578/986] item=577 arm=gemma-e2b stop=stop_string tokens=15 prompt=1282
[579/986] item=578 arm=gemma-e2b stop=stop_string tokens=25 prompt=1043
[580/986] item=579 arm=gemma-e2b stop=stop_string tokens=12 prompt=933
[581/986] item=580 arm=gemma-e2b stop=stop_string tokens=24 prompt=954
[582/986] item=581 arm=gemma-e2b stop=stop_string tokens=103 prompt=921
[583/986] item=582 arm=gemma-e2b stop=stop_string tokens=20 prompt=881
[584/986] item=583 arm=gemma-e2b stop=stop_string tokens=25 prompt=919
[585/986] item=584 arm=gemma-e2b stop=stop_string tokens=44 prompt=889
[586/986] item=585 arm=gemma-e2b stop=stop_string tokens=25 prompt=957
[587/986] item=586 arm=gemma-e2b stop=stop_string tokens=176 prompt=1021
[588/986] item=587 arm=gemma-e2b stop=stop_string tokens=63 prompt=880
[589/986] item=588 arm=gemma-e2b stop=stop_string tokens=35 prompt=951
[590/986] item=589 arm=gemma-e2b stop=stop_string tokens=31 prompt=934
[591/986] item=590 arm=gemma-e2b stop=stop_string tokens=37 prompt=863
[592/986] item=591 arm=gemma-e2b stop=stop_string tokens=29 prompt=1016
[593/986] item=592 arm=gemma-e2b stop=stop_string tokens=14 prompt=945
[594/986] item=593 arm=gemma-e2b stop=stop_string tokens=32 prompt=919
[595/986] item=594 arm=gemma-e2b stop=stop_string tokens=16 prompt=922
[596/986] item=595 arm=gemma-e2b stop=stop_string tokens=17 prompt=876
[597/986] item=596 arm=gemma-e2b stop=stop_string tokens=27 prompt=893
[598/986] item=597 arm=gemma-e2b stop=stop_string tokens=34 prompt=915
[599/986] item=598 arm=gemma-e2b stop=stop_string tokens=26 prompt=883
[600/986] item=599 arm=gemma-e2b stop=stop_string tokens=24 prompt=1055
[601/986] item=600 arm=gemma-e2b stop=stop_string tokens=24 prompt=929
[602/986] item=601 arm=gemma-e2b stop=stop_string tokens=34 prompt=902
[603/986] item=602 arm=gemma-e2b stop=stop_string tokens=13 prompt=967
[604/986] item=603 arm=gemma-e2b stop=stop_string tokens=8 prompt=922
[605/986] item=604 arm=gemma-e2b stop=stop_string tokens=18 prompt=896
[606/986] item=605 arm=gemma-e2b stop=stop_string tokens=77 prompt=978
[607/986] item=606 arm=gemma-e2b stop=stop_string tokens=24 prompt=906
[608/986] item=607 arm=gemma-e2b stop=stop_string tokens=20 prompt=874
[609/986] item=608 arm=gemma-e2b stop=stop_string tokens=54 prompt=980
[610/986] item=609 arm=gemma-e2b stop=stop_string tokens=20 prompt=953
[611/986] item=610 arm=gemma-e2b stop=stop_string tokens=129 prompt=944
[612/986] item=611 arm=gemma-e2b stop=stop_string tokens=17 prompt=962
[613/986] item=612 arm=gemma-e2b stop=stop_string tokens=16 prompt=910
[614/986] item=613 arm=gemma-e2b stop=stop_string tokens=16 prompt=941
[615/986] item=614 arm=gemma-e2b stop=stop_string tokens=74 prompt=915
[616/986] item=615 arm=gemma-e2b stop=stop_string tokens=54 prompt=976
[617/986] item=616 arm=gemma-e2b stop=stop_string tokens=25 prompt=913
[618/986] item=617 arm=gemma-e2b stop=stop_string tokens=52 prompt=1006
[619/986] item=618 arm=gemma-e2b stop=stop_string tokens=179 prompt=914
[620/986] item=619 arm=gemma-e2b stop=stop_string tokens=19 prompt=960
[621/986] item=620 arm=gemma-e2b stop=stop_string tokens=45 prompt=973
[622/986] item=621 arm=gemma-e2b stop=stop_string tokens=10 prompt=1060
[623/986] item=622 arm=gemma-e2b stop=stop_string tokens=48 prompt=958
[624/986] item=623 arm=gemma-e2b stop=stop_string tokens=14 prompt=940
[625/986] item=624 arm=gemma-e2b stop=stop_string tokens=29 prompt=828
[626/986] item=625 arm=gemma-e2b stop=stop_string tokens=25 prompt=942
[627/986] item=626 arm=gemma-e2b stop=stop_string tokens=28 prompt=962
[628/986] item=627 arm=gemma-e2b stop=stop_string tokens=26 prompt=901
[629/986] item=628 arm=gemma-e2b stop=stop_string tokens=170 prompt=951
[630/986] item=629 arm=gemma-e2b stop=stop_string tokens=34 prompt=892
[631/986] item=630 arm=gemma-e2b stop=stop_string tokens=44 prompt=903
[632/986] item=631 arm=gemma-e2b stop=stop_string tokens=24 prompt=909
[633/986] item=632 arm=gemma-e2b stop=stop_string tokens=39 prompt=912
[634/986] item=633 arm=gemma-e2b stop=stop_string tokens=16 prompt=882
[635/986] item=634 arm=gemma-e2b stop=stop_string tokens=74 prompt=872
[636/986] item=635 arm=gemma-e2b stop=stop_string tokens=16 prompt=985
[637/986] item=636 arm=gemma-e2b stop=stop_string tokens=24 prompt=922
[638/986] item=637 arm=gemma-e2b stop=stop_string tokens=20 prompt=901
[639/986] item=638 arm=gemma-e2b stop=stop_string tokens=48 prompt=1007
[640/986] item=639 arm=gemma-e2b stop=stop_string tokens=12 prompt=920
[641/986] item=640 arm=gemma-e2b stop=stop_string tokens=14 prompt=925
[642/986] item=641 arm=gemma-e2b stop=stop_string tokens=24 prompt=941
[643/986] item=642 arm=gemma-e2b stop=stop_string tokens=16 prompt=992
[644/986] item=643 arm=gemma-e2b stop=stop_string tokens=28 prompt=1009
[645/986] item=644 arm=gemma-e2b stop=stop_string tokens=20 prompt=1059
[646/986] item=645 arm=gemma-e2b stop=stop_string tokens=32 prompt=928
[647/986] item=646 arm=gemma-e2b stop=stop_string tokens=46 prompt=988
[648/986] item=647 arm=gemma-e2b stop=stop_string tokens=16 prompt=928
[649/986] item=648 arm=gemma-e2b stop=stop_string tokens=42 prompt=920
[650/986] item=649 arm=gemma-e2b stop=stop_string tokens=20 prompt=1063
[651/986] item=650 arm=gemma-e2b stop=stop_string tokens=18 prompt=884
[652/986] item=651 arm=gemma-e2b stop=stop_string tokens=16 prompt=957
[653/986] item=652 arm=gemma-e2b stop=stop_string tokens=13 prompt=979
[654/986] item=653 arm=gemma-e2b stop=stop_string tokens=57 prompt=975
[655/986] item=654 arm=gemma-e2b stop=stop_string tokens=25 prompt=899
[656/986] item=655 arm=gemma-e2b stop=stop_string tokens=44 prompt=941
[657/986] item=656 arm=gemma-e2b stop=stop_string tokens=57 prompt=886
[658/986] item=657 arm=gemma-e2b stop=stop_string tokens=13 prompt=922
[659/986] item=658 arm=gemma-e2b stop=stop_string tokens=146 prompt=956
[660/986] item=659 arm=gemma-e2b stop=stop_string tokens=44 prompt=904
[661/986] item=660 arm=gemma-e2b stop=stop_string tokens=15 prompt=921
[662/986] item=661 arm=gemma-e2b stop=stop_string tokens=25 prompt=953
[663/986] item=662 arm=gemma-e2b stop=stop_string tokens=22 prompt=999
[664/986] item=663 arm=gemma-e2b stop=stop_string tokens=52 prompt=904
[665/986] item=664 arm=gemma-e2b stop=stop_string tokens=40 prompt=951
[666/986] item=665 arm=gemma-e2b stop=stop_string tokens=24 prompt=902
[667/986] item=666 arm=gemma-e2b stop=stop_string tokens=13 prompt=834
[668/986] item=667 arm=gemma-e2b stop=stop_string tokens=26 prompt=963
[669/986] item=668 arm=gemma-e2b stop=stop_string tokens=22 prompt=983
[670/986] item=669 arm=gemma-e2b stop=stop_string tokens=97 prompt=940
[671/986] item=670 arm=gemma-e2b stop=stop_string tokens=104 prompt=964
[672/986] item=671 arm=gemma-e2b stop=stop_string tokens=18 prompt=920
[673/986] item=672 arm=gemma-e2b stop=stop_string tokens=20 prompt=930
[674/986] item=673 arm=gemma-e2b stop=stop_string tokens=24 prompt=801
[675/986] item=674 arm=gemma-e2b stop=stop_string tokens=20 prompt=1004
[676/986] item=675 arm=gemma-e2b stop=stop_string tokens=16 prompt=995
[677/986] item=676 arm=gemma-e2b stop=stop_string tokens=24 prompt=918
[678/986] item=677 arm=gemma-e2b stop=stop_string tokens=21 prompt=936
[679/986] item=678 arm=gemma-e2b stop=stop_string tokens=17 prompt=917
[680/986] item=679 arm=gemma-e2b stop=stop_string tokens=30 prompt=880
[681/986] item=680 arm=gemma-e2b stop=stop_string tokens=50 prompt=962
[682/986] item=681 arm=gemma-e2b stop=stop_string tokens=22 prompt=954
[683/986] item=682 arm=gemma-e2b stop=stop_string tokens=29 prompt=925
[684/986] item=683 arm=gemma-e2b stop=stop_string tokens=24 prompt=955
[685/986] item=684 arm=gemma-e2b stop=stop_string tokens=17 prompt=938
[686/986] item=685 arm=gemma-e2b stop=stop_string tokens=19 prompt=982
[687/986] item=686 arm=gemma-e2b stop=stop_string tokens=35 prompt=907
[688/986] item=687 arm=gemma-e2b stop=stop_string tokens=16 prompt=886
[689/986] item=688 arm=gemma-e2b stop=stop_string tokens=12 prompt=890
[690/986] item=689 arm=gemma-e2b stop=stop_string tokens=15 prompt=985
[691/986] item=690 arm=gemma-e2b stop=stop_string tokens=21 prompt=938
[692/986] item=691 arm=gemma-e2b stop=stop_string tokens=90 prompt=947
[693/986] item=692 arm=gemma-e2b stop=stop_string tokens=17 prompt=1105
[694/986] item=693 arm=gemma-e2b stop=stop_string tokens=20 prompt=969
[695/986] item=694 arm=gemma-e2b stop=stop_string tokens=32 prompt=928
[696/986] item=695 arm=gemma-e2b stop=stop_string tokens=43 prompt=944
[697/986] item=696 arm=gemma-e2b stop=stop_string tokens=69 prompt=897
[698/986] item=697 arm=gemma-e2b stop=stop_string tokens=16 prompt=999
[699/986] item=698 arm=gemma-e2b stop=stop_string tokens=20 prompt=913
[700/986] item=699 arm=gemma-e2b stop=stop_string tokens=24 prompt=862
[701/986] item=700 arm=gemma-e2b stop=stop_string tokens=39 prompt=943
[702/986] item=701 arm=gemma-e2b stop=stop_string tokens=16 prompt=900
[703/986] item=702 arm=gemma-e2b stop=stop_string tokens=113 prompt=1038
[704/986] item=703 arm=gemma-e2b stop=stop_string tokens=19 prompt=1132
[705/986] item=704 arm=gemma-e2b stop=stop_string tokens=92 prompt=881
[706/986] item=705 arm=gemma-e2b stop=stop_string tokens=17 prompt=927
[707/986] item=706 arm=gemma-e2b stop=stop_string tokens=17 prompt=1450
[708/986] item=707 arm=gemma-e2b stop=stop_string tokens=20 prompt=967
[709/986] item=708 arm=gemma-e2b stop=stop_string tokens=72 prompt=916
[710/986] item=709 arm=gemma-e2b stop=stop_string tokens=19 prompt=1009
[711/986] item=710 arm=gemma-e2b stop=stop_string tokens=54 prompt=856
[712/986] item=711 arm=gemma-e2b stop=stop_string tokens=22 prompt=955
[713/986] item=712 arm=gemma-e2b stop=stop_string tokens=16 prompt=1056
[714/986] item=713 arm=gemma-e2b stop=stop_string tokens=55 prompt=906
[715/986] item=714 arm=gemma-e2b stop=stop_string tokens=15 prompt=905
[716/986] item=715 arm=gemma-e2b stop=stop_string tokens=19 prompt=957
[717/986] item=716 arm=gemma-e2b stop=stop_string tokens=9 prompt=929
[718/986] item=717 arm=gemma-e2b stop=stop_string tokens=69 prompt=916
[719/986] item=718 arm=gemma-e2b stop=stop_string tokens=14 prompt=863
[720/986] item=719 arm=gemma-e2b stop=stop_string tokens=41 prompt=984
[721/986] item=720 arm=gemma-e2b stop=stop_string tokens=64 prompt=955
[722/986] item=721 arm=gemma-e2b stop=stop_string tokens=15 prompt=919
[723/986] item=722 arm=gemma-e2b stop=stop_string tokens=19 prompt=923
[724/986] item=723 arm=gemma-e2b stop=stop_string tokens=20 prompt=945
[725/986] item=724 arm=gemma-e2b stop=stop_string tokens=12 prompt=935
[726/986] item=725 arm=gemma-e2b stop=stop_string tokens=38 prompt=927
[727/986] item=726 arm=gemma-e2b stop=stop_string tokens=16 prompt=885
[728/986] item=727 arm=gemma-e2b stop=stop_string tokens=19 prompt=887
[729/986] item=728 arm=gemma-e2b stop=stop_string tokens=31 prompt=909
[730/986] item=729 arm=gemma-e2b stop=stop_string tokens=32 prompt=941
[731/986] item=730 arm=gemma-e2b stop=stop_string tokens=72 prompt=953
[732/986] item=731 arm=gemma-e2b stop=stop_string tokens=23 prompt=841
[733/986] item=732 arm=gemma-e2b stop=stop_string tokens=11 prompt=1031
[734/986] item=733 arm=gemma-e2b stop=stop_string tokens=23 prompt=916
[735/986] item=734 arm=gemma-e2b stop=stop_string tokens=25 prompt=986
[736/986] item=735 arm=gemma-e2b stop=stop_string tokens=69 prompt=944
[737/986] item=736 arm=gemma-e2b stop=stop_string tokens=39 prompt=842
[738/986] item=737 arm=gemma-e2b stop=stop_string tokens=16 prompt=963
[739/986] item=738 arm=gemma-e2b stop=stop_string tokens=33 prompt=941
[740/986] item=739 arm=gemma-e2b stop=stop_string tokens=11 prompt=1129
[741/986] item=740 arm=gemma-e2b stop=stop_string tokens=25 prompt=942
[742/986] item=741 arm=gemma-e2b stop=stop_string tokens=15 prompt=987
[743/986] item=742 arm=gemma-e2b stop=stop_string tokens=24 prompt=980
[744/986] item=743 arm=gemma-e2b stop=stop_string tokens=11 prompt=903
[745/986] item=744 arm=gemma-e2b stop=stop_string tokens=106 prompt=955
[746/986] item=745 arm=gemma-e2b stop=stop_string tokens=84 prompt=874
[747/986] item=746 arm=gemma-e2b stop=stop_string tokens=65 prompt=971
[748/986] item=747 arm=gemma-e2b stop=stop_string tokens=17 prompt=898
[749/986] item=748 arm=gemma-e2b stop=stop_string tokens=17 prompt=896
[750/986] item=749 arm=gemma-e2b stop=stop_string tokens=30 prompt=940
[751/986] item=750 arm=gemma-e2b stop=stop_string tokens=47 prompt=893
[752/986] item=751 arm=gemma-e2b stop=stop_string tokens=9 prompt=893
[753/986] item=752 arm=gemma-e2b stop=stop_string tokens=91 prompt=990
[754/986] item=753 arm=gemma-e2b stop=stop_string tokens=18 prompt=879
[755/986] item=754 arm=gemma-e2b stop=stop_string tokens=16 prompt=1199
[756/986] item=755 arm=gemma-e2b stop=stop_string tokens=25 prompt=996
[757/986] item=756 arm=gemma-e2b stop=stop_string tokens=17 prompt=883
[758/986] item=757 arm=gemma-e2b stop=stop_string tokens=12 prompt=949
[759/986] item=758 arm=gemma-e2b stop=stop_string tokens=33 prompt=949
[760/986] item=759 arm=gemma-e2b stop=stop_string tokens=22 prompt=1031
[761/986] item=760 arm=gemma-e2b stop=stop_string tokens=12 prompt=956
[762/986] item=761 arm=gemma-e2b stop=stop_string tokens=3 prompt=965
[763/986] item=762 arm=gemma-e2b stop=stop_string tokens=49 prompt=961
[764/986] item=763 arm=gemma-e2b stop=stop_string tokens=30 prompt=956
[765/986] item=764 arm=gemma-e2b stop=stop_string tokens=17 prompt=1064
[766/986] item=765 arm=gemma-e2b stop=stop_string tokens=24 prompt=888
[767/986] item=766 arm=gemma-e2b stop=stop_string tokens=32 prompt=926
[768/986] item=767 arm=gemma-e2b stop=stop_string tokens=14 prompt=1017
[769/986] item=768 arm=gemma-e2b stop=stop_string tokens=24 prompt=922
[770/986] item=769 arm=gemma-e2b stop=stop_string tokens=13 prompt=943
[771/986] item=770 arm=gemma-e2b stop=stop_string tokens=28 prompt=891
[772/986] item=771 arm=gemma-e2b stop=stop_string tokens=22 prompt=883
[773/986] item=772 arm=gemma-e2b stop=stop_string tokens=31 prompt=1033
[774/986] item=773 arm=gemma-e2b stop=stop_string tokens=34 prompt=972
[775/986] item=774 arm=gemma-e2b stop=stop_string tokens=18 prompt=962
[776/986] item=775 arm=gemma-e2b stop=stop_string tokens=12 prompt=863
[777/986] item=776 arm=gemma-e2b stop=stop_string tokens=56 prompt=1061
[778/986] item=777 arm=gemma-e2b stop=stop_string tokens=45 prompt=915
[779/986] item=778 arm=gemma-e2b stop=stop_string tokens=94 prompt=891
[780/986] item=779 arm=gemma-e2b stop=stop_string tokens=13 prompt=866
[781/986] item=780 arm=gemma-e2b stop=stop_string tokens=20 prompt=988
[782/986] item=781 arm=gemma-e2b stop=stop_string tokens=16 prompt=872
[783/986] item=782 arm=gemma-e2b stop=stop_string tokens=31 prompt=934
[784/986] item=783 arm=gemma-e2b stop=stop_string tokens=82 prompt=917
[785/986] item=784 arm=gemma-e2b stop=stop_string tokens=23 prompt=948
[786/986] item=785 arm=gemma-e2b stop=stop_string tokens=20 prompt=1002
[787/986] item=786 arm=gemma-e2b stop=stop_string tokens=11 prompt=860
[788/986] item=787 arm=gemma-e2b stop=stop_string tokens=26 prompt=929
[789/986] item=788 arm=gemma-e2b stop=stop_string tokens=22 prompt=870
[790/986] item=789 arm=gemma-e2b stop=stop_string tokens=67 prompt=925
[791/986] item=790 arm=gemma-e2b stop=stop_string tokens=22 prompt=874
[792/986] item=791 arm=gemma-e2b stop=stop_string tokens=22 prompt=931
[793/986] item=792 arm=gemma-e2b stop=stop_string tokens=17 prompt=942
[794/986] item=793 arm=gemma-e2b stop=stop_string tokens=27 prompt=898
[795/986] item=794 arm=gemma-e2b stop=stop_string tokens=24 prompt=907
[796/986] item=795 arm=gemma-e2b stop=stop_string tokens=20 prompt=1323
[797/986] item=796 arm=gemma-e2b stop=stop_string tokens=31 prompt=948
[798/986] item=797 arm=gemma-e2b stop=stop_string tokens=64 prompt=942
[799/986] item=798 arm=gemma-e2b stop=stop_string tokens=15 prompt=925
[800/986] item=799 arm=gemma-e2b stop=stop_string tokens=41 prompt=911
[801/986] item=800 arm=gemma-e2b stop=stop_string tokens=49 prompt=937
[802/986] item=801 arm=gemma-e2b stop=stop_string tokens=20 prompt=912
[803/986] item=802 arm=gemma-e2b stop=stop_string tokens=17 prompt=950
[804/986] item=803 arm=gemma-e2b stop=stop_string tokens=29 prompt=960
[805/986] item=804 arm=gemma-e2b stop=stop_string tokens=24 prompt=923
[806/986] item=805 arm=gemma-e2b stop=stop_string tokens=118 prompt=861
[807/986] item=806 arm=gemma-e2b stop=stop_string tokens=12 prompt=916
[808/986] item=807 arm=gemma-e2b stop=stop_string tokens=15 prompt=869
[809/986] item=808 arm=gemma-e2b stop=stop_string tokens=17 prompt=976
[810/986] item=809 arm=gemma-e2b stop=stop_string tokens=29 prompt=893
[811/986] item=810 arm=gemma-e2b stop=stop_string tokens=30 prompt=879
[812/986] item=811 arm=gemma-e2b stop=stop_string tokens=62 prompt=939
[813/986] item=812 arm=gemma-e2b stop=stop_string tokens=40 prompt=966
[814/986] item=813 arm=gemma-e2b stop=stop_string tokens=14 prompt=890
[815/986] item=814 arm=gemma-e2b stop=stop_string tokens=29 prompt=934
[816/986] item=815 arm=gemma-e2b stop=stop_string tokens=46 prompt=885
[817/986] item=816 arm=gemma-e2b stop=stop_string tokens=39 prompt=1104
[818/986] item=817 arm=gemma-e2b stop=stop_string tokens=12 prompt=1041
[819/986] item=818 arm=gemma-e2b stop=stop_string tokens=19 prompt=933
[820/986] item=819 arm=gemma-e2b stop=stop_string tokens=23 prompt=867
[821/986] item=820 arm=gemma-e2b stop=stop_string tokens=41 prompt=874
[822/986] item=821 arm=gemma-e2b stop=stop_string tokens=17 prompt=909
[823/986] item=822 arm=gemma-e2b stop=stop_string tokens=25 prompt=912
[824/986] item=823 arm=gemma-e2b stop=stop_string tokens=15 prompt=873
[825/986] item=824 arm=gemma-e2b stop=stop_string tokens=25 prompt=930
[826/986] item=825 arm=gemma-e2b stop=stop_string tokens=105 prompt=903
[827/986] item=826 arm=gemma-e2b stop=stop_string tokens=19 prompt=1032
[828/986] item=827 arm=gemma-e2b stop=stop_string tokens=15 prompt=977
[829/986] item=828 arm=gemma-e2b stop=stop_string tokens=196 prompt=922
[830/986] item=829 arm=gemma-e2b stop=stop_string tokens=42 prompt=1027
[831/986] item=830 arm=gemma-e2b stop=stop_string tokens=19 prompt=867
[832/986] item=831 arm=gemma-e2b stop=stop_string tokens=29 prompt=896
[833/986] item=832 arm=gemma-e2b stop=stop_string tokens=19 prompt=872
[834/986] item=833 arm=gemma-e2b stop=stop_string tokens=56 prompt=882
[835/986] item=834 arm=gemma-e2b stop=stop_string tokens=29 prompt=1046
[836/986] item=835 arm=gemma-e2b stop=stop_string tokens=70 prompt=968
[837/986] item=836 arm=gemma-e2b stop=stop_string tokens=15 prompt=781
[838/986] item=837 arm=gemma-e2b stop=stop_string tokens=18 prompt=884
[839/986] item=838 arm=gemma-e2b stop=stop_string tokens=44 prompt=851
[840/986] item=839 arm=gemma-e2b stop=stop_string tokens=17 prompt=910
[841/986] item=840 arm=gemma-e2b stop=stop_string tokens=12 prompt=929
[842/986] item=841 arm=gemma-e2b stop=stop_string tokens=22 prompt=1014
[843/986] item=842 arm=gemma-e2b stop=stop_string tokens=12 prompt=868
[844/986] item=843 arm=gemma-e2b stop=stop_string tokens=22 prompt=889
[845/986] item=844 arm=gemma-e2b stop=stop_string tokens=16 prompt=947
[846/986] item=845 arm=gemma-e2b stop=stop_string tokens=40 prompt=970
[847/986] item=846 arm=gemma-e2b stop=stop_string tokens=23 prompt=1045
[848/986] item=847 arm=gemma-e2b stop=stop_string tokens=19 prompt=1051
[849/986] item=848 arm=gemma-e2b stop=stop_string tokens=50 prompt=992
[850/986] item=849 arm=gemma-e2b stop=stop_string tokens=13 prompt=893
[851/986] item=850 arm=gemma-e2b stop=stop_string tokens=23 prompt=940
[852/986] item=851 arm=gemma-e2b stop=stop_string tokens=25 prompt=927
[853/986] item=852 arm=gemma-e2b stop=stop_string tokens=53 prompt=901
[854/986] item=853 arm=gemma-e2b stop=stop_string tokens=49 prompt=885
[855/986] item=854 arm=gemma-e2b stop=stop_string tokens=18 prompt=884
[856/986] item=855 arm=gemma-e2b stop=stop_string tokens=17 prompt=1033
[857/986] item=856 arm=gemma-e2b stop=stop_string tokens=41 prompt=951
[858/986] item=857 arm=gemma-e2b stop=stop_string tokens=62 prompt=915
[859/986] item=858 arm=gemma-e2b stop=stop_string tokens=17 prompt=853
[860/986] item=859 arm=gemma-e2b stop=stop_string tokens=9 prompt=870
[861/986] item=860 arm=gemma-e2b stop=stop_string tokens=140 prompt=924
[862/986] item=861 arm=gemma-e2b stop=stop_string tokens=90 prompt=928
[863/986] item=862 arm=gemma-e2b stop=stop_string tokens=20 prompt=926
[864/986] item=863 arm=gemma-e2b stop=stop_string tokens=11 prompt=859
[865/986] item=864 arm=gemma-e2b stop=stop_string tokens=170 prompt=916
[866/986] item=865 arm=gemma-e2b stop=stop_string tokens=20 prompt=1025
[867/986] item=866 arm=gemma-e2b stop=stop_string tokens=29 prompt=990
[868/986] item=867 arm=gemma-e2b stop=stop_string tokens=14 prompt=953
[869/986] item=868 arm=gemma-e2b stop=stop_string tokens=12 prompt=900
[870/986] item=869 arm=gemma-e2b stop=stop_string tokens=20 prompt=995
[871/986] item=870 arm=gemma-e2b stop=stop_string tokens=23 prompt=906
[872/986] item=871 arm=gemma-e2b stop=stop_string tokens=109 prompt=949
[873/986] item=872 arm=gemma-e2b stop=stop_string tokens=15 prompt=975
[874/986] item=873 arm=gemma-e2b stop=stop_string tokens=24 prompt=862
[875/986] item=874 arm=gemma-e2b stop=stop_string tokens=11 prompt=1012
[876/986] item=875 arm=gemma-e2b stop=stop_string tokens=22 prompt=912
[877/986] item=876 arm=gemma-e2b stop=stop_string tokens=16 prompt=936
[878/986] item=877 arm=gemma-e2b stop=stop_string tokens=17 prompt=971
[879/986] item=878 arm=gemma-e2b stop=stop_string tokens=33 prompt=961
[880/986] item=879 arm=gemma-e2b stop=stop_string tokens=13 prompt=893
[881/986] item=880 arm=gemma-e2b stop=stop_string tokens=16 prompt=950
[882/986] item=881 arm=gemma-e2b stop=stop_string tokens=12 prompt=928
[883/986] item=882 arm=gemma-e2b stop=stop_string tokens=13 prompt=957
[884/986] item=883 arm=gemma-e2b stop=stop_string tokens=41 prompt=934
[885/986] item=884 arm=gemma-e2b stop=stop_string tokens=20 prompt=879
[886/986] item=885 arm=gemma-e2b stop=stop_string tokens=21 prompt=891
[887/986] item=886 arm=gemma-e2b stop=stop_string tokens=20 prompt=1025
[888/986] item=887 arm=gemma-e2b stop=stop_string tokens=61 prompt=900
[889/986] item=888 arm=gemma-e2b stop=stop_string tokens=35 prompt=915
[890/986] item=889 arm=gemma-e2b stop=stop_string tokens=22 prompt=865
[891/986] item=890 arm=gemma-e2b stop=stop_string tokens=21 prompt=1030
[892/986] item=891 arm=gemma-e2b stop=stop_string tokens=16 prompt=914
[893/986] item=892 arm=gemma-e2b stop=stop_string tokens=28 prompt=891
[894/986] item=893 arm=gemma-e2b stop=stop_string tokens=36 prompt=842
[895/986] item=894 arm=gemma-e2b stop=stop_string tokens=117 prompt=931
[896/986] item=895 arm=gemma-e2b stop=stop_string tokens=11 prompt=1007
[897/986] item=896 arm=gemma-e2b stop=stop_string tokens=8 prompt=1101
[898/986] item=897 arm=gemma-e2b stop=stop_string tokens=10 prompt=959
[899/986] item=898 arm=gemma-e2b stop=stop_string tokens=72 prompt=901
[900/986] item=899 arm=gemma-e2b stop=stop_string tokens=16 prompt=961
[901/986] item=900 arm=gemma-e2b stop=stop_string tokens=122 prompt=923
[902/986] item=901 arm=gemma-e2b stop=stop_string tokens=21 prompt=976
[903/986] item=902 arm=gemma-e2b stop=stop_string tokens=12 prompt=909
[904/986] item=903 arm=gemma-e2b stop=stop_string tokens=18 prompt=949
[905/986] item=904 arm=gemma-e2b stop=stop_string tokens=42 prompt=1009
[906/986] item=905 arm=gemma-e2b stop=stop_string tokens=18 prompt=952
[907/986] item=906 arm=gemma-e2b stop=stop_string tokens=48 prompt=875
[908/986] item=907 arm=gemma-e2b stop=stop_string tokens=17 prompt=1081
[909/986] item=908 arm=gemma-e2b stop=stop_string tokens=18 prompt=906
[910/986] item=909 arm=gemma-e2b stop=stop_string tokens=12 prompt=924
[911/986] item=910 arm=gemma-e2b stop=stop_string tokens=37 prompt=941
[912/986] item=911 arm=gemma-e2b stop=stop_string tokens=105 prompt=913
[913/986] item=912 arm=gemma-e2b stop=stop_string tokens=27 prompt=961
[914/986] item=913 arm=gemma-e2b stop=stop_string tokens=27 prompt=939
[915/986] item=914 arm=gemma-e2b stop=stop_string tokens=117 prompt=915
[916/986] item=915 arm=gemma-e2b stop=stop_string tokens=12 prompt=1031
[917/986] item=916 arm=gemma-e2b stop=stop_string tokens=20 prompt=914
[918/986] item=917 arm=gemma-e2b stop=stop_string tokens=21 prompt=925
[919/986] item=918 arm=gemma-e2b stop=stop_string tokens=97 prompt=888
[920/986] item=919 arm=gemma-e2b stop=stop_string tokens=36 prompt=873
[921/986] item=920 arm=gemma-e2b stop=stop_string tokens=48 prompt=906
[922/986] item=921 arm=gemma-e2b stop=stop_string tokens=22 prompt=903
[923/986] item=922 arm=gemma-e2b stop=stop_string tokens=20 prompt=975
[924/986] item=923 arm=gemma-e2b stop=stop_string tokens=32 prompt=943
[925/986] item=924 arm=gemma-e2b stop=stop_string tokens=20 prompt=884
[926/986] item=925 arm=gemma-e2b stop=stop_string tokens=93 prompt=912
[927/986] item=926 arm=gemma-e2b stop=stop_string tokens=17 prompt=884
[928/986] item=927 arm=gemma-e2b stop=stop_string tokens=25 prompt=1028
[929/986] item=928 arm=gemma-e2b stop=stop_string tokens=19 prompt=936
[930/986] item=929 arm=gemma-e2b stop=stop_string tokens=13 prompt=839
[931/986] item=930 arm=gemma-e2b stop=stop_string tokens=16 prompt=969
[932/986] item=931 arm=gemma-e2b stop=stop_string tokens=14 prompt=910
[933/986] item=932 arm=gemma-e2b stop=stop_string tokens=24 prompt=908
[934/986] item=933 arm=gemma-e2b stop=stop_string tokens=49 prompt=897
[935/986] item=934 arm=gemma-e2b stop=stop_string tokens=18 prompt=866
[936/986] item=935 arm=gemma-e2b stop=stop_string tokens=21 prompt=1041
[937/986] item=936 arm=gemma-e2b stop=stop_string tokens=25 prompt=951
[938/986] item=937 arm=gemma-e2b stop=stop_string tokens=69 prompt=1017
[939/986] item=938 arm=gemma-e2b stop=stop_string tokens=9 prompt=1043
[940/986] item=939 arm=gemma-e2b stop=stop_string tokens=23 prompt=943
[941/986] item=940 arm=gemma-e2b stop=stop_string tokens=44 prompt=976
[942/986] item=941 arm=gemma-e2b stop=stop_string tokens=15 prompt=936
[943/986] item=942 arm=gemma-e2b stop=stop_string tokens=18 prompt=976
[944/986] item=943 arm=gemma-e2b stop=stop_string tokens=19 prompt=961
[945/986] item=944 arm=gemma-e2b stop=stop_string tokens=19 prompt=894
[946/986] item=945 arm=gemma-e2b stop=stop_string tokens=53 prompt=924
[947/986] item=946 arm=gemma-e2b stop=stop_string tokens=17 prompt=918
[948/986] item=947 arm=gemma-e2b stop=stop_string tokens=15 prompt=863
[949/986] item=948 arm=gemma-e2b stop=stop_string tokens=28 prompt=900
[950/986] item=949 arm=gemma-e2b stop=stop_string tokens=14 prompt=905
[951/986] item=950 arm=gemma-e2b stop=stop_string tokens=52 prompt=929
[952/986] item=951 arm=gemma-e2b stop=stop_string tokens=45 prompt=934
[953/986] item=952 arm=gemma-e2b stop=stop_string tokens=112 prompt=897
[954/986] item=953 arm=gemma-e2b stop=stop_string tokens=70 prompt=973
[955/986] item=954 arm=gemma-e2b stop=stop_string tokens=19 prompt=891
[956/986] item=955 arm=gemma-e2b stop=stop_string tokens=18 prompt=1064
[957/986] item=956 arm=gemma-e2b stop=cap tokens=200 prompt=933
[958/986] item=957 arm=gemma-e2b stop=stop_string tokens=20 prompt=982
[959/986] item=958 arm=gemma-e2b stop=stop_string tokens=17 prompt=874
[960/986] item=959 arm=gemma-e2b stop=stop_string tokens=10 prompt=1109
[961/986] item=960 arm=gemma-e2b stop=stop_string tokens=15 prompt=982
[962/986] item=961 arm=gemma-e2b stop=stop_string tokens=2 prompt=914
[963/986] item=962 arm=gemma-e2b stop=stop_string tokens=20 prompt=934
[964/986] item=963 arm=gemma-e2b stop=stop_string tokens=108 prompt=971
[965/986] item=964 arm=gemma-e2b stop=stop_string tokens=24 prompt=937
[966/986] item=965 arm=gemma-e2b stop=stop_string tokens=14 prompt=966
[967/986] item=966 arm=gemma-e2b stop=stop_string tokens=20 prompt=1017
[968/986] item=967 arm=gemma-e2b stop=stop_string tokens=38 prompt=919
[969/986] item=968 arm=gemma-e2b stop=stop_string tokens=31 prompt=886
[970/986] item=969 arm=gemma-e2b stop=stop_string tokens=10 prompt=1154
[971/986] item=970 arm=gemma-e2b stop=stop_string tokens=16 prompt=981
[972/986] item=971 arm=gemma-e2b stop=stop_string tokens=163 prompt=1006
[973/986] item=972 arm=gemma-e2b stop=stop_string tokens=11 prompt=981
[974/986] item=973 arm=gemma-e2b stop=stop_string tokens=21 prompt=1056
[975/986] item=974 arm=gemma-e2b stop=stop_string tokens=17 prompt=932
[976/986] item=975 arm=gemma-e2b stop=stop_string tokens=95 prompt=956
[977/986] item=976 arm=gemma-e2b stop=stop_string tokens=17 prompt=984
[978/986] item=977 arm=gemma-e2b stop=stop_string tokens=16 prompt=1136
[979/986] item=978 arm=gemma-e2b stop=stop_string tokens=28 prompt=889
[980/986] item=979 arm=gemma-e2b stop=stop_string tokens=14 prompt=995
[981/986] item=980 arm=gemma-e2b stop=stop_string tokens=28 prompt=935
[982/986] item=981 arm=gemma-e2b stop=stop_string tokens=20 prompt=937
[983/986] item=982 arm=gemma-e2b stop=stop_string tokens=12 prompt=897
[984/986] item=983 arm=gemma-e2b stop=stop_string tokens=17 prompt=993
[985/986] item=984 arm=gemma-e2b stop=stop_string tokens=11 prompt=872
[986/986] item=985 arm=gemma-e2b stop=stop_string tokens=39 prompt=887
done
