arm=gemma-e2b model=gemma4 E2B Q4_K - Medium file=models/google_gemma-4-E2B-it-Q4_K_M.gguf
system_info=MTL : EMBED_LIBRARY = 1 | CPU : NEON = 1 | ARM_FMA = 1 | FP16_VA = 1 | DOTPROD = 1 | LLAMAFILE = 1 | ACCELERATE = 1 | REPACK = 1 | 
settings: ctx=2500 batch=2500 ubatch=256 threads=2 gpu_layers=99 flash_attn=off max_new_tokens=200 stop=<turn|> seed=1
[1/986] item=0 arm=gemma-e2b stop=stop_string tokens=9 prompt=901
[2/986] item=1 arm=gemma-e2b stop=stop_string tokens=14 prompt=923
[3/986] item=2 arm=gemma-e2b stop=stop_string tokens=21 prompt=1112
[4/986] item=3 arm=gemma-e2b stop=stop_string tokens=18 prompt=1064
[5/986] item=4 arm=gemma-e2b stop=stop_string tokens=20 prompt=997
[6/986] item=5 arm=gemma-e2b stop=stop_string tokens=18 prompt=1130
[7/986] item=6 arm=gemma-e2b stop=stop_string tokens=20 prompt=990
[8/986] item=7 arm=gemma-e2b stop=stop_string tokens=65 prompt=993
[9/986] item=8 arm=gemma-e2b stop=stop_string tokens=12 prompt=962
[10/986] item=9 arm=gemma-e2b stop=stop_string tokens=38 prompt=917
[11/986] item=10 arm=gemma-e2b stop=stop_string tokens=23 prompt=1025
[12/986] item=11 arm=gemma-e2b stop=stop_string tokens=8 prompt=963
[13/986] item=12 arm=gemma-e2b stop=stop_string tokens=123 prompt=1035
[14/986] item=13 arm=gemma-e2b stop=stop_string tokens=29 prompt=968
[15/986] item=14 arm=gemma-e2b stop=stop_string tokens=12 prompt=934
[16/986] item=15 arm=gemma-e2b stop=stop_string tokens=15 prompt=949
[17/986] item=16 arm=gemma-e2b stop=stop_string tokens=29 prompt=954
[18/986] item=17 arm=gemma-e2b stop=stop_string tokens=21 prompt=896
[19/986] item=18 arm=gemma-e2b stop=stop_string tokens=2 prompt=930
[20/986] item=19 arm=gemma-e2b stop=stop_string tokens=16 prompt=1185
[21/986] item=20 arm=gemma-e2b stop=stop_string tokens=13 prompt=928
[22/986] item=21 arm=gemma-e2b stop=stop_string tokens=9 prompt=917
[23/986] item=22 arm=gemma-e2b stop=stop_string tokens=53 prompt=885
[24/986] item=23 arm=gemma-e2b stop=stop_string tokens=13 prompt=1027
[25/986] item=24 arm=gemma-e2b stop=stop_string tokens=166 prompt=961
[26/986] item=25 arm=gemma-e2b stop=stop_string tokens=8 prompt=979
[27/986] item=26 arm=gemma-e2b stop=stop_string tokens=64 prompt=1173
[28/986] item=27 arm=gemma-e2b stop=stop_string tokens=13 prompt=972
[29/986] item=28 arm=gemma-e2b stop=stop_string tokens=130 prompt=1077
[30/986] item=29 arm=gemma-e2b stop=stop_string tokens=32 prompt=897
[31/986] item=30 arm=gemma-e2b stop=stop_string tokens=9 prompt=963
[32/986] item=31 arm=gemma-e2b stop=stop_string tokens=8 prompt=915
[33/986] item=32 arm=gemma-e2b stop=stop_string tokens=77 prompt=973
[34/986] item=33 arm=gemma-e2b stop=stop_string tokens=22 prompt=888
[35/986] item=34 arm=gemma-e2b stop=stop_string tokens=16 prompt=908
[36/986] item=35 arm=gemma-e2b stop=stop_string tokens=16 prompt=1012
[37/986] item=36 arm=gemma-e2b stop=stop_string tokens=49 prompt=949
[38/986] item=37 arm=gemma-e2b stop=stop_string tokens=25 prompt=1016
[39/986] item=38 arm=gemma-e2b stop=stop_string tokens=20 prompt=947
[40/986] item=39 arm=gemma-e2b stop=stop_string tokens=32 prompt=987
[41/986] item=40 arm=gemma-e2b stop=stop_string tokens=33 prompt=930
[42/986] item=41 arm=gemma-e2b stop=stop_string tokens=24 prompt=958
[43/986] item=42 arm=gemma-e2b stop=stop_string tokens=35 prompt=969
[44/986] item=43 arm=gemma-e2b stop=stop_string tokens=20 prompt=967
[45/986] item=44 arm=gemma-e2b stop=stop_string tokens=53 prompt=927
[46/986] item=45 arm=gemma-e2b stop=stop_string tokens=17 prompt=1003
[47/986] item=46 arm=gemma-e2b stop=stop_string tokens=17 prompt=1002
[48/986] item=47 arm=gemma-e2b stop=stop_string tokens=24 prompt=725
[49/986] item=48 arm=gemma-e2b stop=stop_string tokens=29 prompt=1031
[50/986] item=49 arm=gemma-e2b stop=stop_string tokens=30 prompt=895
[51/986] item=50 arm=gemma-e2b stop=stop_string tokens=24 prompt=920
[52/986] item=51 arm=gemma-e2b stop=stop_string tokens=22 prompt=1010
[53/986] item=52 arm=gemma-e2b stop=stop_string tokens=16 prompt=989
[54/986] item=53 arm=gemma-e2b stop=stop_string tokens=8 prompt=907
[55/986] item=54 arm=gemma-e2b stop=stop_string tokens=17 prompt=919
[56/986] item=55 arm=gemma-e2b stop=stop_string tokens=12 prompt=967
[57/986] item=56 arm=gemma-e2b stop=stop_string tokens=20 prompt=1023
[58/986] item=57 arm=gemma-e2b stop=stop_string tokens=15 prompt=1012
[59/986] item=58 arm=gemma-e2b stop=stop_string tokens=101 prompt=904
[60/986] item=59 arm=gemma-e2b stop=stop_string tokens=82 prompt=1050
[61/986] item=60 arm=gemma-e2b stop=stop_string tokens=22 prompt=977
[62/986] item=61 arm=gemma-e2b stop=stop_string tokens=22 prompt=904
[63/986] item=62 arm=gemma-e2b stop=stop_string tokens=16 prompt=1004
[64/986] item=63 arm=gemma-e2b stop=stop_string tokens=8 prompt=813
[65/986] item=64 arm=gemma-e2b stop=stop_string tokens=8 prompt=924
[66/986] item=65 arm=gemma-e2b stop=stop_string tokens=16 prompt=1069
[67/986] item=66 arm=gemma-e2b stop=stop_string tokens=15 prompt=935
[68/986] item=67 arm=gemma-e2b stop=stop_string tokens=13 prompt=944
[69/986] item=68 arm=gemma-e2b stop=stop_string tokens=29 prompt=918
[70/986] item=69 arm=gemma-e2b stop=stop_string tokens=24 prompt=927
[71/986] item=70 arm=gemma-e2b stop=stop_string tokens=15 prompt=986
[72/986] item=71 arm=gemma-e2b stop=stop_string tokens=68 prompt=1021
[73/986] item=72 arm=gemma-e2b stop=stop_string tokens=2 prompt=913
[74/986] item=73 arm=gemma-e2b stop=stop_string tokens=69 prompt=937
[75/986] item=74 arm=gemma-e2b stop=stop_string tokens=94 prompt=1027
[76/986] item=75 arm=gemma-e2b stop=stop_string tokens=9 prompt=939
[77/986] item=76 arm=gemma-e2b stop=stop_string tokens=39 prompt=1037
[78/986] item=77 arm=gemma-e2b stop=stop_string tokens=22 prompt=992
[79/986] item=78 arm=gemma-e2b stop=stop_string tokens=8 prompt=936
[80/986] item=79 arm=gemma-e2b stop=stop_string tokens=18 prompt=1045
[81/986] item=80 arm=gemma-e2b stop=stop_string tokens=22 prompt=945
[82/986] item=81 arm=gemma-e2b stop=stop_string tokens=9 prompt=903
[83/986] item=82 arm=gemma-e2b stop=stop_string tokens=113 prompt=982
[84/986] item=83 arm=gemma-e2b stop=stop_string tokens=18 prompt=961
[85/986] item=84 arm=gemma-e2b stop=stop_string tokens=12 prompt=1014
[86/986] item=85 arm=gemma-e2b stop=stop_string tokens=16 prompt=923
[87/986] item=86 arm=gemma-e2b stop=stop_string tokens=20 prompt=1005
[88/986] item=87 arm=gemma-e2b stop=stop_string tokens=8 prompt=988
[89/986] item=88 arm=gemma-e2b stop=stop_string tokens=24 prompt=946
[90/986] item=89 arm=gemma-e2b stop=stop_string tokens=44 prompt=994
[91/986] item=90 arm=gemma-e2b stop=stop_string tokens=169 prompt=1055
[92/986] item=91 arm=gemma-e2b stop=stop_string tokens=24 prompt=934
[93/986] item=92 arm=gemma-e2b stop=stop_string tokens=8 prompt=919
[94/986] item=93 arm=gemma-e2b stop=stop_string tokens=11 prompt=988
[95/986] item=94 arm=gemma-e2b stop=stop_string tokens=18 prompt=932
[96/986] item=95 arm=gemma-e2b stop=stop_string tokens=35 prompt=865
[97/986] item=96 arm=gemma-e2b stop=stop_string tokens=82 prompt=934
[98/986] item=97 arm=gemma-e2b stop=stop_string tokens=8 prompt=933
[99/986] item=98 arm=gemma-e2b stop=stop_string tokens=21 prompt=1079
[100/986] item=99 arm=gemma-e2b stop=stop_string tokens=20 prompt=1006
[101/986] item=100 arm=gemma-e2b stop=stop_string tokens=40 prompt=931
[102/986] item=101 arm=gemma-e2b stop=stop_string tokens=55 prompt=921
[103/986] item=102 arm=gemma-e2b stop=stop_string tokens=9 prompt=930
[104/986] item=103 arm=gemma-e2b stop=stop_string tokens=12 prompt=973
[105/986] item=104 arm=gemma-e2b stop=stop_string tokens=62 prompt=917
[106/986] item=105 arm=gemma-e2b stop=stop_string tokens=25 prompt=1009
[107/986] item=106 arm=gemma-e2b stop=stop_string tokens=74 prompt=1113
[108/986] item=107 arm=gemma-e2b stop=stop_string tokens=94 prompt=909
[109/986] item=108 arm=gemma-e2b stop=stop_string tokens=15 prompt=782
[110/986] item=109 arm=gemma-e2b stop=stop_string tokens=8 prompt=901
[111/986] item=110 arm=gemma-e2b stop=stop_string tokens=29 prompt=1009
[112/986] item=111 arm=gemma-e2b stop=stop_string tokens=28 prompt=935
[113/986] item=112 arm=gemma-e2b stop=stop_string tokens=96 prompt=974
[114/986] item=113 arm=gemma-e2b stop=stop_string tokens=36 prompt=937
[115/986] item=114 arm=gemma-e2b stop=stop_string tokens=16 prompt=1010
[116/986] item=115 arm=gemma-e2b stop=stop_string tokens=13 prompt=938
[117/986] item=116 arm=gemma-e2b stop=stop_string tokens=6 prompt=1030
[118/986] item=117 arm=gemma-e2b stop=stop_string tokens=12 prompt=908
[119/986] item=118 arm=gemma-e2b stop=stop_string tokens=21 prompt=768
[120/986] item=119 arm=gemma-e2b stop=stop_string tokens=172 prompt=987
[121/986] item=120 arm=gemma-e2b stop=stop_string tokens=13 prompt=896
[122/986] item=121 arm=gemma-e2b stop=stop_string tokens=12 prompt=841
[123/986] item=122 arm=gemma-e2b stop=stop_string tokens=8 prompt=915
[124/986] item=123 arm=gemma-e2b stop=stop_string tokens=16 prompt=907
[125/986] item=124 arm=gemma-e2b stop=stop_string tokens=9 prompt=996
[126/986] item=125 arm=gemma-e2b stop=stop_string tokens=15 prompt=1027
[127/986] item=126 arm=gemma-e2b stop=stop_string tokens=12 prompt=1010
[128/986] item=127 arm=gemma-e2b stop=stop_string tokens=105 prompt=949
[129/986] item=128 arm=gemma-e2b stop=stop_string tokens=38 prompt=1016
[130/986] item=129 arm=gemma-e2b stop=stop_string tokens=18 prompt=974
[131/986] item=130 arm=gemma-e2b stop=stop_string tokens=50 prompt=928
[132/986] item=131 arm=gemma-e2b stop=stop_string tokens=52 prompt=982
[133/986] item=132 arm=gemma-e2b stop=stop_string tokens=12 prompt=869
[134/986] item=133 arm=gemma-e2b stop=stop_string tokens=49 prompt=974
[135/986] item=134 arm=gemma-e2b stop=stop_string tokens=56 prompt=908
[136/986] item=135 arm=gemma-e2b stop=stop_string tokens=17 prompt=929
[137/986] item=136 arm=gemma-e2b stop=stop_string tokens=13 prompt=957
[138/986] item=137 arm=gemma-e2b stop=stop_string tokens=20 prompt=1042
[139/986] item=138 arm=gemma-e2b stop=stop_string tokens=12 prompt=991
[140/986] item=139 arm=gemma-e2b stop=stop_string tokens=50 prompt=954
[141/986] item=140 arm=gemma-e2b stop=stop_string tokens=27 prompt=1000
[142/986] item=141 arm=gemma-e2b stop=stop_string tokens=25 prompt=917
[143/986] item=142 arm=gemma-e2b stop=stop_string tokens=8 prompt=985
[144/986] item=143 arm=gemma-e2b stop=stop_string tokens=15 prompt=1169
[145/986] item=144 arm=gemma-e2b stop=stop_string tokens=82 prompt=930
[146/986] item=145 arm=gemma-e2b stop=stop_string tokens=18 prompt=931
[147/986] item=146 arm=gemma-e2b stop=stop_string tokens=45 prompt=913
[148/986] item=147 arm=gemma-e2b stop=stop_string tokens=119 prompt=1009
[149/986] item=148 arm=gemma-e2b stop=stop_string tokens=25 prompt=913
[150/986] item=149 arm=gemma-e2b stop=stop_string tokens=24 prompt=877
[151/986] item=150 arm=gemma-e2b stop=stop_string tokens=97 prompt=981
[152/986] item=151 arm=gemma-e2b stop=stop_string tokens=9 prompt=912
[153/986] item=152 arm=gemma-e2b stop=stop_string tokens=16 prompt=941
[154/986] item=153 arm=gemma-e2b stop=stop_string tokens=39 prompt=993
[155/986] item=154 arm=gemma-e2b stop=stop_string tokens=16 prompt=899
[156/986] item=155 arm=gemma-e2b stop=stop_string tokens=14 prompt=964
[157/986] item=156 arm=gemma-e2b stop=stop_string tokens=17 prompt=915
[158/986] item=157 arm=gemma-e2b stop=stop_string tokens=33 prompt=984
[159/986] item=158 arm=gemma-e2b stop=stop_string tokens=31 prompt=1077
[160/986] item=159 arm=gemma-e2b stop=stop_string tokens=25 prompt=989
[161/986] item=160 arm=gemma-e2b stop=stop_string tokens=16 prompt=977
[162/986] item=161 arm=gemma-e2b stop=stop_string tokens=8 prompt=923
[163/986] item=162 arm=gemma-e2b stop=stop_string tokens=27 prompt=980
[164/986] item=163 arm=gemma-e2b stop=stop_string tokens=16 prompt=907
[165/986] item=164 arm=gemma-e2b stop=stop_string tokens=18 prompt=986
[166/986] item=165 arm=gemma-e2b stop=stop_string tokens=20 prompt=993
[167/986] item=166 arm=gemma-e2b stop=stop_string tokens=40 prompt=924
[168/986] item=167 arm=gemma-e2b stop=stop_string tokens=12 prompt=848
[169/986] item=168 arm=gemma-e2b stop=stop_string tokens=18 prompt=926
[170/986] item=169 arm=gemma-e2b stop=stop_string tokens=26 prompt=931
[171/986] item=170 arm=gemma-e2b stop=stop_string tokens=58 prompt=988
[172/986] item=171 arm=gemma-e2b stop=stop_string tokens=9 prompt=925
[173/986] item=172 arm=gemma-e2b stop=stop_string tokens=18 prompt=1059
[174/986] item=173 arm=gemma-e2b stop=stop_string tokens=25 prompt=959
[175/986] item=174 arm=gemma-e2b stop=stop_string tokens=8 prompt=943
[176/986] item=175 arm=gemma-e2b stop=stop_string tokens=20 prompt=1109
[177/986] item=176 arm=gemma-e2b stop=stop_string tokens=92 prompt=970
[178/986] item=177 arm=gemma-e2b stop=stop_string tokens=36 prompt=957
[179/986] item=178 arm=gemma-e2b stop=stop_string tokens=16 prompt=988
[180/986] item=179 arm=gemma-e2b stop=stop_string tokens=25 prompt=963
[181/986] item=180 arm=gemma-e2b stop=stop_string tokens=140 prompt=1002
[182/986] item=181 arm=gemma-e2b stop=stop_string tokens=2 prompt=891
[183/986] item=182 arm=gemma-e2b stop=stop_string tokens=19 prompt=1061
[184/986] item=183 arm=gemma-e2b stop=stop_string tokens=16 prompt=994
[185/986] item=184 arm=gemma-e2b stop=stop_string tokens=16 prompt=1015
[186/986] item=185 arm=gemma-e2b stop=stop_string tokens=15 prompt=1080
[187/986] item=186 arm=gemma-e2b stop=stop_string tokens=8 prompt=872
[188/986] item=187 arm=gemma-e2b stop=stop_string tokens=25 prompt=918
[189/986] item=188 arm=gemma-e2b stop=stop_string tokens=24 prompt=886
[190/986] item=189 arm=gemma-e2b stop=stop_string tokens=15 prompt=1023
[191/986] item=190 arm=gemma-e2b stop=stop_string tokens=47 prompt=1095
[192/986] item=191 arm=gemma-e2b stop=stop_string tokens=25 prompt=1017
[193/986] item=192 arm=gemma-e2b stop=stop_string tokens=62 prompt=1031
[194/986] item=193 arm=gemma-e2b stop=stop_string tokens=25 prompt=932
[195/986] item=194 arm=gemma-e2b stop=stop_string tokens=33 prompt=1038
[196/986] item=195 arm=gemma-e2b stop=stop_string tokens=31 prompt=916
[197/986] item=196 arm=gemma-e2b stop=stop_string tokens=21 prompt=1690
[198/986] item=197 arm=gemma-e2b stop=stop_string tokens=8 prompt=907
[199/986] item=198 arm=gemma-e2b stop=stop_string tokens=12 prompt=836
[200/986] item=199 arm=gemma-e2b stop=stop_string tokens=19 prompt=992
[201/986] item=200 arm=gemma-e2b stop=stop_string tokens=22 prompt=919
[202/986] item=201 arm=gemma-e2b stop=stop_string tokens=24 prompt=1211
[203/986] item=202 arm=gemma-e2b stop=stop_string tokens=21 prompt=1091
[204/986] item=203 arm=gemma-e2b stop=stop_string tokens=16 prompt=991
[205/986] item=204 arm=gemma-e2b stop=stop_string tokens=15 prompt=995
[206/986] item=205 arm=gemma-e2b stop=stop_string tokens=12 prompt=1006
[207/986] item=206 arm=gemma-e2b stop=stop_string tokens=22 prompt=918
[208/986] item=207 arm=gemma-e2b stop=stop_string tokens=25 prompt=1007
[209/986] item=208 arm=gemma-e2b stop=stop_string tokens=10 prompt=942
[210/986] item=209 arm=gemma-e2b stop=stop_string tokens=14 prompt=1121
[211/986] item=210 arm=gemma-e2b stop=stop_string tokens=16 prompt=1005
[212/986] item=211 arm=gemma-e2b stop=stop_string tokens=25 prompt=932
[213/986] item=212 arm=gemma-e2b stop=stop_string tokens=20 prompt=924
[214/986] item=213 arm=gemma-e2b stop=stop_string tokens=13 prompt=925
[215/986] item=214 arm=gemma-e2b stop=stop_string tokens=117 prompt=929
[216/986] item=215 arm=gemma-e2b stop=stop_string tokens=13 prompt=945
[217/986] item=216 arm=gemma-e2b stop=stop_string tokens=22 prompt=958
[218/986] item=217 arm=gemma-e2b stop=stop_string tokens=36 prompt=936
[219/986] item=218 arm=gemma-e2b stop=stop_string tokens=21 prompt=915
[220/986] item=219 arm=gemma-e2b stop=stop_string tokens=17 prompt=945
[221/986] item=220 arm=gemma-e2b stop=stop_string tokens=12 prompt=894
[222/986] item=221 arm=gemma-e2b stop=stop_string tokens=56 prompt=1019
[223/986] item=222 arm=gemma-e2b stop=stop_string tokens=61 prompt=1035
[224/986] item=223 arm=gemma-e2b stop=stop_string tokens=63 prompt=913
[225/986] item=224 arm=gemma-e2b stop=stop_string tokens=22 prompt=893
[226/986] item=225 arm=gemma-e2b stop=stop_string tokens=40 prompt=928
[227/986] item=226 arm=gemma-e2b stop=stop_string tokens=21 prompt=988
[228/986] item=227 arm=gemma-e2b stop=stop_string tokens=20 prompt=916
[229/986] item=228 arm=gemma-e2b stop=stop_string tokens=13 prompt=1045
[230/986] item=229 arm=gemma-e2b stop=stop_string tokens=73 prompt=1039
[231/986] item=230 arm=gemma-e2b stop=stop_string tokens=27 prompt=949
[232/986] item=231 arm=gemma-e2b stop=stop_string tokens=13 prompt=893
[233/986] item=232 arm=gemma-e2b stop=stop_string tokens=8 prompt=897
[234/986] item=233 arm=gemma-e2b stop=stop_string tokens=15 prompt=977
[235/986] item=234 arm=gemma-e2b stop=stop_string tokens=25 prompt=974
[236/986] item=235 arm=gemma-e2b stop=stop_string tokens=112 prompt=895
[237/986] item=236 arm=gemma-e2b stop=stop_string tokens=57 prompt=945
[238/986] item=237 arm=gemma-e2b stop=stop_string tokens=8 prompt=966
[239/986] item=238 arm=gemma-e2b stop=stop_string tokens=8 prompt=937
[240/986] item=239 arm=gemma-e2b stop=stop_string tokens=8 prompt=884
[241/986] item=240 arm=gemma-e2b stop=stop_string tokens=180 prompt=907
[242/986] item=241 arm=gemma-e2b stop=stop_string tokens=94 prompt=996
[243/986] item=242 arm=gemma-e2b stop=stop_string tokens=27 prompt=1029
[244/986] item=243 arm=gemma-e2b stop=stop_string tokens=36 prompt=928
[245/986] item=244 arm=gemma-e2b stop=stop_string tokens=13 prompt=967
[246/986] item=245 arm=gemma-e2b stop=stop_string tokens=16 prompt=1089
[247/986] item=246 arm=gemma-e2b stop=stop_string tokens=22 prompt=921
[248/986] item=247 arm=gemma-e2b stop=stop_string tokens=34 prompt=937
[249/986] item=248 arm=gemma-e2b stop=stop_string tokens=16 prompt=1005
[250/986] item=249 arm=gemma-e2b stop=stop_string tokens=29 prompt=993
[251/986] item=250 arm=gemma-e2b stop=stop_string tokens=23 prompt=953
[252/986] item=251 arm=gemma-e2b stop=stop_string tokens=108 prompt=930
[253/986] item=252 arm=gemma-e2b stop=stop_string tokens=17 prompt=943
[254/986] item=253 arm=gemma-e2b stop=stop_string tokens=16 prompt=913
[255/986] item=254 arm=gemma-e2b stop=stop_string tokens=29 prompt=724
[256/986] item=255 arm=gemma-e2b stop=stop_string tokens=31 prompt=1001
[257/986] item=256 arm=gemma-e2b stop=stop_string tokens=8 prompt=936
[258/986] item=257 arm=gemma-e2b stop=stop_string tokens=16 prompt=936
[259/986] item=258 arm=gemma-e2b stop=stop_string tokens=117 prompt=930
[260/986] item=259 arm=gemma-e2b stop=stop_string tokens=32 prompt=1005
[261/986] item=260 arm=gemma-e2b stop=stop_string tokens=12 prompt=927
[262/986] item=261 arm=gemma-e2b stop=stop_string tokens=69 prompt=977
[263/986] item=262 arm=gemma-e2b stop=stop_string tokens=19 prompt=873
[264/986] item=263 arm=gemma-e2b stop=stop_string tokens=22 prompt=931
[265/986] item=264 arm=gemma-e2b stop=stop_string tokens=16 prompt=938
[266/986] item=265 arm=gemma-e2b stop=stop_string tokens=131 prompt=1057
[267/986] item=266 arm=gemma-e2b stop=stop_string tokens=20 prompt=1116
[268/986] item=267 arm=gemma-e2b stop=stop_string tokens=67 prompt=1009
[269/986] item=268 arm=gemma-e2b stop=stop_string tokens=12 prompt=903
[270/986] item=269 arm=gemma-e2b stop=stop_string tokens=67 prompt=1106
[271/986] item=270 arm=gemma-e2b stop=stop_string tokens=53 prompt=992
[272/986] item=271 arm=gemma-e2b stop=stop_string tokens=19 prompt=905
[273/986] item=272 arm=gemma-e2b stop=stop_string tokens=9 prompt=896
[274/986] item=273 arm=gemma-e2b stop=stop_string tokens=73 prompt=967
[275/986] item=274 arm=gemma-e2b stop=stop_string tokens=98 prompt=1009
[276/986] item=275 arm=gemma-e2b stop=stop_string tokens=13 prompt=934
[277/986] item=276 arm=gemma-e2b stop=stop_string tokens=75 prompt=915
[278/986] item=277 arm=gemma-e2b stop=stop_string tokens=13 prompt=931
[279/986] item=278 arm=gemma-e2b stop=stop_string tokens=20 prompt=960
[280/986] item=279 arm=gemma-e2b stop=stop_string tokens=51 prompt=953
[281/986] item=280 arm=gemma-e2b stop=stop_string tokens=25 prompt=981
[282/986] item=281 arm=gemma-e2b stop=stop_string tokens=29 prompt=901
[283/986] item=282 arm=gemma-e2b stop=stop_string tokens=25 prompt=1021
[284/986] item=283 arm=gemma-e2b stop=stop_string tokens=58 prompt=915
[285/986] item=284 arm=gemma-e2b stop=stop_string tokens=12 prompt=980
[286/986] item=285 arm=gemma-e2b stop=stop_string tokens=13 prompt=910
[287/986] item=286 arm=gemma-e2b stop=stop_string tokens=16 prompt=970
[288/986] item=287 arm=gemma-e2b stop=stop_string tokens=9 prompt=916
[289/986] item=288 arm=gemma-e2b stop=stop_string tokens=19 prompt=919
[290/986] item=289 arm=gemma-e2b stop=stop_string tokens=22 prompt=1066
[291/986] item=290 arm=gemma-e2b stop=stop_string tokens=12 prompt=981
[292/986] item=291 arm=gemma-e2b stop=stop_string tokens=12 prompt=947
[293/986] item=292 arm=gemma-e2b stop=stop_string tokens=8 prompt=967
[294/986] item=293 arm=gemma-e2b stop=stop_string tokens=9 prompt=977
[295/986] item=294 arm=gemma-e2b stop=stop_string tokens=18 prompt=1167
[296/986] item=295 arm=gemma-e2b stop=stop_string tokens=170 prompt=941
[297/986] item=296 arm=gemma-e2b stop=stop_string tokens=57 prompt=919
[298/986] item=297 arm=gemma-e2b stop=stop_string tokens=95 prompt=924
[299/986] item=298 arm=gemma-e2b stop=stop_string tokens=8 prompt=1033
[300/986] item=299 arm=gemma-e2b stop=stop_string tokens=14 prompt=953
[301/986] item=300 arm=gemma-e2b stop=stop_string tokens=8 prompt=937
[302/986] item=301 arm=gemma-e2b stop=stop_string tokens=12 prompt=938
[303/986] item=302 arm=gemma-e2b stop=stop_string tokens=25 prompt=1006
[304/986] item=303 arm=gemma-e2b stop=stop_string tokens=34 prompt=955
[305/986] item=304 arm=gemma-e2b stop=stop_string tokens=70 prompt=980
[306/986] item=305 arm=gemma-e2b stop=stop_string tokens=12 prompt=952
[307/986] item=306 arm=gemma-e2b stop=stop_string tokens=84 prompt=952
[308/986] item=307 arm=gemma-e2b stop=stop_string tokens=7 prompt=927
[309/986] item=308 arm=gemma-e2b stop=stop_string tokens=163 prompt=950
[310/986] item=309 arm=gemma-e2b stop=stop_string tokens=181 prompt=1078
[311/986] item=310 arm=gemma-e2b stop=stop_string tokens=10 prompt=1008
[312/986] item=311 arm=gemma-e2b stop=stop_string tokens=33 prompt=984
[313/986] item=312 arm=gemma-e2b stop=stop_string tokens=55 prompt=909
[314/986] item=313 arm=gemma-e2b stop=stop_string tokens=25 prompt=941
[315/986] item=314 arm=gemma-e2b stop=stop_string tokens=21 prompt=942
[316/986] item=315 arm=gemma-e2b stop=stop_string tokens=49 prompt=979
[317/986] item=316 arm=gemma-e2b stop=stop_string tokens=33 prompt=940
[318/986] item=317 arm=gemma-e2b stop=stop_string tokens=11 prompt=939
[319/986] item=318 arm=gemma-e2b stop=stop_string tokens=20 prompt=1068
[320/986] item=319 arm=gemma-e2b stop=stop_string tokens=134 prompt=967
[321/986] item=320 arm=gemma-e2b stop=stop_string tokens=15 prompt=914
[322/986] item=321 arm=gemma-e2b stop=stop_string tokens=22 prompt=925
[323/986] item=322 arm=gemma-e2b stop=stop_string tokens=22 prompt=993
[324/986] item=323 arm=gemma-e2b stop=stop_string tokens=16 prompt=948
[325/986] item=324 arm=gemma-e2b stop=stop_string tokens=12 prompt=895
[326/986] item=325 arm=gemma-e2b stop=stop_string tokens=73 prompt=915
[327/986] item=326 arm=gemma-e2b stop=stop_string tokens=86 prompt=955
[328/986] item=327 arm=gemma-e2b stop=stop_string tokens=33 prompt=909
[329/986] item=328 arm=gemma-e2b stop=stop_string tokens=16 prompt=957
[330/986] item=329 arm=gemma-e2b stop=stop_string tokens=32 prompt=911
[331/986] item=330 arm=gemma-e2b stop=stop_string tokens=15 prompt=953
[332/986] item=331 arm=gemma-e2b stop=stop_string tokens=20 prompt=987
[333/986] item=332 arm=gemma-e2b stop=stop_string tokens=16 prompt=891
[334/986] item=333 arm=gemma-e2b stop=stop_string tokens=116 prompt=953
[335/986] item=334 arm=gemma-e2b stop=stop_string tokens=20 prompt=892
[336/986] item=335 arm=gemma-e2b stop=stop_string tokens=8 prompt=938
[337/986] item=336 arm=gemma-e2b stop=stop_string tokens=44 prompt=934
[338/986] item=337 arm=gemma-e2b stop=stop_string tokens=29 prompt=922
[339/986] item=338 arm=gemma-e2b stop=stop_string tokens=29 prompt=968
[340/986] item=339 arm=gemma-e2b stop=stop_string tokens=29 prompt=886
[341/986] item=340 arm=gemma-e2b stop=stop_string tokens=20 prompt=952
[342/986] item=341 arm=gemma-e2b stop=stop_string tokens=21 prompt=1034
[343/986] item=342 arm=gemma-e2b stop=cap tokens=200 prompt=931
[344/986] item=343 arm=gemma-e2b stop=stop_string tokens=15 prompt=952
[345/986] item=344 arm=gemma-e2b stop=stop_string tokens=12 prompt=906
[346/986] item=345 arm=gemma-e2b stop=stop_string tokens=17 prompt=955
[347/986] item=346 arm=gemma-e2b stop=stop_string tokens=19 prompt=945
[348/986] item=347 arm=gemma-e2b stop=stop_string tokens=109 prompt=1106
[349/986] item=348 arm=gemma-e2b stop=stop_string tokens=15 prompt=955
[350/986] item=349 arm=gemma-e2b stop=stop_string tokens=16 prompt=926
[351/986] item=350 arm=gemma-e2b stop=stop_string tokens=13 prompt=917
[352/986] item=351 arm=gemma-e2b stop=stop_string tokens=2 prompt=965
[353/986] item=352 arm=gemma-e2b stop=stop_string tokens=78 prompt=932
[354/986] item=353 arm=gemma-e2b stop=stop_string tokens=20 prompt=1357
[355/986] item=354 arm=gemma-e2b stop=stop_string tokens=12 prompt=974
[356/986] item=355 arm=gemma-e2b stop=stop_string tokens=25 prompt=926
[357/986] item=356 arm=gemma-e2b stop=stop_string tokens=33 prompt=937
[358/986] item=357 arm=gemma-e2b stop=stop_string tokens=34 prompt=981
[359/986] item=358 arm=gemma-e2b stop=stop_string tokens=24 prompt=964
[360/986] item=359 arm=gemma-e2b stop=stop_string tokens=12 prompt=956
[361/986] item=360 arm=gemma-e2b stop=stop_string tokens=15 prompt=1048
[362/986] item=361 arm=gemma-e2b stop=stop_string tokens=8 prompt=828
[363/986] item=362 arm=gemma-e2b stop=stop_string tokens=29 prompt=985
[364/986] item=363 arm=gemma-e2b stop=stop_string tokens=15 prompt=918
[365/986] item=364 arm=gemma-e2b stop=stop_string tokens=15 prompt=928
[366/986] item=365 arm=gemma-e2b stop=stop_string tokens=21 prompt=967
[367/986] item=366 arm=gemma-e2b stop=stop_string tokens=13 prompt=975
[368/986] item=367 arm=gemma-e2b stop=stop_string tokens=46 prompt=890
[369/986] item=368 arm=gemma-e2b stop=stop_string tokens=12 prompt=969
[370/986] item=369 arm=gemma-e2b stop=stop_string tokens=30 prompt=949
[371/986] item=370 arm=gemma-e2b stop=stop_string tokens=21 prompt=1210
[372/986] item=371 arm=gemma-e2b stop=stop_string tokens=2 prompt=975
[373/986] item=372 arm=gemma-e2b stop=stop_string tokens=93 prompt=980
[374/986] item=373 arm=gemma-e2b stop=stop_string tokens=20 prompt=948
[375/986] item=374 arm=gemma-e2b stop=stop_string tokens=15 prompt=955
[376/986] item=375 arm=gemma-e2b stop=stop_string tokens=9 prompt=978
[377/986] item=376 arm=gemma-e2b stop=stop_string tokens=12 prompt=988
[378/986] item=377 arm=gemma-e2b stop=stop_string tokens=35 prompt=950
[379/986] item=378 arm=gemma-e2b stop=stop_string tokens=122 prompt=993
[380/986] item=379 arm=gemma-e2b stop=stop_string tokens=115 prompt=918
[381/986] item=380 arm=gemma-e2b stop=stop_string tokens=9 prompt=919
[382/986] item=381 arm=gemma-e2b stop=stop_string tokens=13 prompt=1023
[383/986] item=382 arm=gemma-e2b stop=stop_string tokens=21 prompt=911
[384/986] item=383 arm=gemma-e2b stop=stop_string tokens=41 prompt=919
[385/986] item=384 arm=gemma-e2b stop=stop_string tokens=28 prompt=926
[386/986] item=385 arm=gemma-e2b stop=stop_string tokens=64 prompt=952
[387/986] item=386 arm=gemma-e2b stop=stop_string tokens=18 prompt=1020
[388/986] item=387 arm=gemma-e2b stop=stop_string tokens=22 prompt=948
[389/986] item=388 arm=gemma-e2b stop=stop_string tokens=8 prompt=1279
[390/986] item=389 arm=gemma-e2b stop=stop_string tokens=144 prompt=935
[391/986] item=390 arm=gemma-e2b stop=stop_string tokens=31 prompt=957
[392/986] item=391 arm=gemma-e2b stop=stop_string tokens=20 prompt=886
[393/986] item=392 arm=gemma-e2b stop=stop_string tokens=27 prompt=919
[394/986] item=393 arm=gemma-e2b stop=stop_string tokens=21 prompt=898
[395/986] item=394 arm=gemma-e2b stop=stop_string tokens=16 prompt=1023
[396/986] item=395 arm=gemma-e2b stop=stop_string tokens=21 prompt=1007
[397/986] item=396 arm=gemma-e2b stop=stop_string tokens=22 prompt=946
[398/986] item=397 arm=gemma-e2b stop=stop_string tokens=83 prompt=984
[399/986] item=398 arm=gemma-e2b stop=stop_string tokens=32 prompt=957
[400/986] item=399 arm=gemma-e2b stop=stop_string tokens=38 prompt=906
[401/986] item=400 arm=gemma-e2b stop=stop_string tokens=31 prompt=922
[402/986] item=401 arm=gemma-e2b stop=stop_string tokens=20 prompt=1018
[403/986] item=402 arm=gemma-e2b stop=stop_string tokens=12 prompt=907
[404/986] item=403 arm=gemma-e2b stop=stop_string tokens=20 prompt=962
[405/986] item=404 arm=gemma-e2b stop=stop_string tokens=15 prompt=862
[406/986] item=405 arm=gemma-e2b stop=stop_string tokens=88 prompt=937
[407/986] item=406 arm=gemma-e2b stop=stop_string tokens=122 prompt=926
[408/986] item=407 arm=gemma-e2b stop=stop_string tokens=152 prompt=934
[409/986] item=408 arm=gemma-e2b stop=stop_string tokens=104 prompt=963
[410/986] item=409 arm=gemma-e2b stop=stop_string tokens=2 prompt=920
[411/986] item=410 arm=gemma-e2b stop=stop_string tokens=22 prompt=967
[412/986] item=411 arm=gemma-e2b stop=stop_string tokens=22 prompt=970
[413/986] item=412 arm=gemma-e2b stop=stop_string tokens=42 prompt=923
[414/986] item=413 arm=gemma-e2b stop=stop_string tokens=20 prompt=1071
[415/986] item=414 arm=gemma-e2b stop=stop_string tokens=12 prompt=957
[416/986] item=415 arm=gemma-e2b stop=stop_string tokens=14 prompt=989
[417/986] item=416 arm=gemma-e2b stop=stop_string tokens=9 prompt=960
[418/986] item=417 arm=gemma-e2b stop=stop_string tokens=9 prompt=971
[419/986] item=418 arm=gemma-e2b stop=stop_string tokens=126 prompt=989
[420/986] item=419 arm=gemma-e2b stop=stop_string tokens=90 prompt=1008
[421/986] item=420 arm=gemma-e2b stop=stop_string tokens=9 prompt=1105
[422/986] item=421 arm=gemma-e2b stop=stop_string tokens=10 prompt=994
[423/986] item=422 arm=gemma-e2b stop=stop_string tokens=20 prompt=830
[424/986] item=423 arm=gemma-e2b stop=stop_string tokens=25 prompt=1054
[425/986] item=424 arm=gemma-e2b stop=stop_string tokens=30 prompt=985
[426/986] item=425 arm=gemma-e2b stop=stop_string tokens=130 prompt=941
[427/986] item=426 arm=gemma-e2b stop=stop_string tokens=75 prompt=965
[428/986] item=427 arm=gemma-e2b stop=stop_string tokens=23 prompt=1002
[429/986] item=428 arm=gemma-e2b stop=stop_string tokens=12 prompt=896
[430/986] item=429 arm=gemma-e2b stop=stop_string tokens=63 prompt=995
[431/986] item=430 arm=gemma-e2b stop=stop_string tokens=46 prompt=993
[432/986] item=431 arm=gemma-e2b stop=stop_string tokens=50 prompt=911
[433/986] item=432 arm=gemma-e2b stop=stop_string tokens=8 prompt=961
[434/986] item=433 arm=gemma-e2b stop=stop_string tokens=29 prompt=1025
[435/986] item=434 arm=gemma-e2b stop=stop_string tokens=14 prompt=861
[436/986] item=435 arm=gemma-e2b stop=stop_string tokens=63 prompt=940
[437/986] item=436 arm=gemma-e2b stop=stop_string tokens=87 prompt=918
[438/986] item=437 arm=gemma-e2b stop=stop_string tokens=14 prompt=994
[439/986] item=438 arm=gemma-e2b stop=stop_string tokens=35 prompt=930
[440/986] item=439 arm=gemma-e2b stop=stop_string tokens=21 prompt=1053
[441/986] item=440 arm=gemma-e2b stop=stop_string tokens=15 prompt=886
[442/986] item=441 arm=gemma-e2b stop=stop_string tokens=9 prompt=1024
[443/986] item=442 arm=gemma-e2b stop=stop_string tokens=68 prompt=944
[444/986] item=443 arm=gemma-e2b stop=stop_string tokens=15 prompt=990
[445/986] item=444 arm=gemma-e2b stop=stop_string tokens=26 prompt=890
[446/986] item=445 arm=gemma-e2b stop=stop_string tokens=140 prompt=1002
[447/986] item=446 arm=gemma-e2b stop=stop_string tokens=12 prompt=919
[448/986] item=447 arm=gemma-e2b stop=stop_string tokens=14 prompt=956
[449/986] item=448 arm=gemma-e2b stop=stop_string tokens=14 prompt=838
[450/986] item=449 arm=gemma-e2b stop=stop_string tokens=13 prompt=973
[451/986] item=450 arm=gemma-e2b stop=stop_string tokens=16 prompt=1020
[452/986] item=451 arm=gemma-e2b stop=stop_string tokens=34 prompt=933
[453/986] item=452 arm=gemma-e2b stop=stop_string tokens=57 prompt=914
[454/986] item=453 arm=gemma-e2b stop=stop_string tokens=8 prompt=896
[455/986] item=454 arm=gemma-e2b stop=stop_string tokens=18 prompt=946
[456/986] item=455 arm=gemma-e2b stop=stop_string tokens=12 prompt=956
[457/986] item=456 arm=gemma-e2b stop=stop_string tokens=33 prompt=980
[458/986] item=457 arm=gemma-e2b stop=stop_string tokens=18 prompt=1012
[459/986] item=458 arm=gemma-e2b stop=stop_string tokens=41 prompt=1120
[460/986] item=459 arm=gemma-e2b stop=stop_string tokens=8 prompt=891
[461/986] item=460 arm=gemma-e2b stop=stop_string tokens=34 prompt=990
[462/986] item=461 arm=gemma-e2b stop=stop_string tokens=15 prompt=938
[463/986] item=462 arm=gemma-e2b stop=stop_string tokens=9 prompt=944
[464/986] item=463 arm=gemma-e2b stop=stop_string tokens=2 prompt=882
[465/986] item=464 arm=gemma-e2b stop=stop_string tokens=25 prompt=929
[466/986] item=465 arm=gemma-e2b stop=stop_string tokens=42 prompt=968
[467/986] item=466 arm=gemma-e2b stop=stop_string tokens=23 prompt=908
[468/986] item=467 arm=gemma-e2b stop=stop_string tokens=15 prompt=1061
[469/986] item=468 arm=gemma-e2b stop=stop_string tokens=9 prompt=981
[470/986] item=469 arm=gemma-e2b stop=stop_string tokens=20 prompt=1013
[471/986] item=470 arm=gemma-e2b stop=stop_string tokens=9 prompt=932
[472/986] item=471 arm=gemma-e2b stop=stop_string tokens=9 prompt=1046
[473/986] item=472 arm=gemma-e2b stop=stop_string tokens=20 prompt=891
[474/986] item=473 arm=gemma-e2b stop=stop_string tokens=47 prompt=1016
[475/986] item=474 arm=gemma-e2b stop=stop_string tokens=38 prompt=1003
[476/986] item=475 arm=gemma-e2b stop=stop_string tokens=15 prompt=1000
[477/986] item=476 arm=gemma-e2b stop=stop_string tokens=18 prompt=877
[478/986] item=477 arm=gemma-e2b stop=stop_string tokens=19 prompt=959
[479/986] item=478 arm=gemma-e2b stop=stop_string tokens=9 prompt=938
[480/986] item=479 arm=gemma-e2b stop=stop_string tokens=23 prompt=995
[481/986] item=480 arm=gemma-e2b stop=stop_string tokens=20 prompt=1018
[482/986] item=481 arm=gemma-e2b stop=stop_string tokens=21 prompt=979
[483/986] item=482 arm=gemma-e2b stop=stop_string tokens=32 prompt=961
[484/986] item=483 arm=gemma-e2b stop=stop_string tokens=43 prompt=1013
[485/986] item=484 arm=gemma-e2b stop=stop_string tokens=11 prompt=1129
[486/986] item=485 arm=gemma-e2b stop=stop_string tokens=89 prompt=983
[487/986] item=486 arm=gemma-e2b stop=stop_string tokens=14 prompt=975
[488/986] item=487 arm=gemma-e2b stop=stop_string tokens=97 prompt=944
[489/986] item=488 arm=gemma-e2b stop=stop_string tokens=28 prompt=940
[490/986] item=489 arm=gemma-e2b stop=stop_string tokens=14 prompt=972
[491/986] item=490 arm=gemma-e2b stop=stop_string tokens=72 prompt=931
[492/986] item=491 arm=gemma-e2b stop=stop_string tokens=8 prompt=998
[493/986] item=492 arm=gemma-e2b stop=stop_string tokens=15 prompt=982
[494/986] item=493 arm=gemma-e2b stop=stop_string tokens=36 prompt=1013
[495/986] item=494 arm=gemma-e2b stop=stop_string tokens=17 prompt=936
[496/986] item=495 arm=gemma-e2b stop=stop_string tokens=121 prompt=1058
[497/986] item=496 arm=gemma-e2b stop=stop_string tokens=20 prompt=1048
[498/986] item=497 arm=gemma-e2b stop=stop_string tokens=42 prompt=934
[499/986] item=498 arm=gemma-e2b stop=stop_string tokens=60 prompt=914
[500/986] item=499 arm=gemma-e2b stop=stop_string tokens=19 prompt=851
[501/986] item=500 arm=gemma-e2b stop=stop_string tokens=69 prompt=978
[502/986] item=501 arm=gemma-e2b stop=stop_string tokens=33 prompt=883
[503/986] item=502 arm=gemma-e2b stop=stop_string tokens=78 prompt=933
[504/986] item=503 arm=gemma-e2b stop=stop_string tokens=8 prompt=904
[505/986] item=504 arm=gemma-e2b stop=stop_string tokens=22 prompt=957
[506/986] item=505 arm=gemma-e2b stop=stop_string tokens=15 prompt=1293
[507/986] item=506 arm=gemma-e2b stop=stop_string tokens=8 prompt=982
[508/986] item=507 arm=gemma-e2b stop=stop_string tokens=28 prompt=905
[509/986] item=508 arm=gemma-e2b stop=stop_string tokens=15 prompt=1011
[510/986] item=509 arm=gemma-e2b stop=stop_string tokens=44 prompt=950
[511/986] item=510 arm=gemma-e2b stop=stop_string tokens=94 prompt=899
[512/986] item=511 arm=gemma-e2b stop=stop_string tokens=16 prompt=1019
[513/986] item=512 arm=gemma-e2b stop=stop_string tokens=33 prompt=979
[514/986] item=513 arm=gemma-e2b stop=stop_string tokens=20 prompt=1023
[515/986] item=514 arm=gemma-e2b stop=stop_string tokens=8 prompt=946
[516/986] item=515 arm=gemma-e2b stop=stop_string tokens=25 prompt=987
[517/986] item=516 arm=gemma-e2b stop=stop_string tokens=32 prompt=927
[518/986] item=517 arm=gemma-e2b stop=stop_string tokens=76 prompt=959
[519/986] item=518 arm=gemma-e2b stop=stop_string tokens=8 prompt=902
[520/986] item=519 arm=gemma-e2b stop=stop_string tokens=22 prompt=1078
[521/986] item=520 arm=gemma-e2b stop=stop_string tokens=58 prompt=965
[522/986] item=521 arm=gemma-e2b stop=stop_string tokens=19 prompt=948
[523/986] item=522 arm=gemma-e2b stop=stop_string tokens=22 prompt=980
[524/986] item=523 arm=gemma-e2b stop=stop_string tokens=17 prompt=917
[525/986] item=524 arm=gemma-e2b stop=stop_string tokens=19 prompt=969
[526/986] item=525 arm=gemma-e2b stop=stop_string tokens=15 prompt=1062
[527/986] item=526 arm=gemma-e2b stop=stop_string tokens=13 prompt=998
[528/986] item=527 arm=gemma-e2b stop=stop_string tokens=25 prompt=923
[529/986] item=528 arm=gemma-e2b stop=stop_string tokens=44 prompt=948
[530/986] item=529 arm=gemma-e2b stop=stop_string tokens=25 prompt=900
[531/986] item=530 arm=gemma-e2b stop=stop_string tokens=12 prompt=942
[532/986] item=531 arm=gemma-e2b stop=stop_string tokens=37 prompt=932
[533/986] item=532 arm=gemma-e2b stop=stop_string tokens=50 prompt=947
[534/986] item=533 arm=gemma-e2b stop=stop_string tokens=22 prompt=1058
[535/986] item=534 arm=gemma-e2b stop=stop_string tokens=33 prompt=1070
[536/986] item=535 arm=gemma-e2b stop=stop_string tokens=49 prompt=915
[537/986] item=536 arm=gemma-e2b stop=stop_string tokens=11 prompt=947
[538/986] item=537 arm=gemma-e2b stop=stop_string tokens=24 prompt=1000
[539/986] item=538 arm=gemma-e2b stop=stop_string tokens=128 prompt=1024
[540/986] item=539 arm=gemma-e2b stop=stop_string tokens=9 prompt=906
[541/986] item=540 arm=gemma-e2b stop=stop_string tokens=20 prompt=981
[542/986] item=541 arm=gemma-e2b stop=stop_string tokens=27 prompt=996
[543/986] item=542 arm=gemma-e2b stop=stop_string tokens=17 prompt=982
[544/986] item=543 arm=gemma-e2b stop=stop_string tokens=15 prompt=945
[545/986] item=544 arm=gemma-e2b stop=stop_string tokens=25 prompt=1047
[546/986] item=545 arm=gemma-e2b stop=stop_string tokens=37 prompt=968
[547/986] item=546 arm=gemma-e2b stop=stop_string tokens=22 prompt=974
[548/986] item=547 arm=gemma-e2b stop=stop_string tokens=28 prompt=947
[549/986] item=548 arm=gemma-e2b stop=stop_string tokens=74 prompt=972
[550/986] item=549 arm=gemma-e2b stop=stop_string tokens=16 prompt=968
[551/986] item=550 arm=gemma-e2b stop=stop_string tokens=23 prompt=994
[552/986] item=551 arm=gemma-e2b stop=stop_string tokens=16 prompt=1125
[553/986] item=552 arm=gemma-e2b stop=stop_string tokens=70 prompt=995
[554/986] item=553 arm=gemma-e2b stop=stop_string tokens=12 prompt=883
[555/986] item=554 arm=gemma-e2b stop=stop_string tokens=12 prompt=1076
[556/986] item=555 arm=gemma-e2b stop=stop_string tokens=9 prompt=885
[557/986] item=556 arm=gemma-e2b stop=stop_string tokens=15 prompt=925
[558/986] item=557 arm=gemma-e2b stop=stop_string tokens=44 prompt=952
[559/986] item=558 arm=gemma-e2b stop=stop_string tokens=25 prompt=933
[560/986] item=559 arm=gemma-e2b stop=stop_string tokens=18 prompt=914
[561/986] item=560 arm=gemma-e2b stop=stop_string tokens=39 prompt=940
[562/986] item=561 arm=gemma-e2b stop=stop_string tokens=63 prompt=976
[563/986] item=562 arm=gemma-e2b stop=stop_string tokens=26 prompt=932
[564/986] item=563 arm=gemma-e2b stop=stop_string tokens=12 prompt=957
[565/986] item=564 arm=gemma-e2b stop=stop_string tokens=10 prompt=1028
[566/986] item=565 arm=gemma-e2b stop=stop_string tokens=29 prompt=921
[567/986] item=566 arm=gemma-e2b stop=stop_string tokens=34 prompt=956
[568/986] item=567 arm=gemma-e2b stop=stop_string tokens=16 prompt=1183
[569/986] item=568 arm=gemma-e2b stop=stop_string tokens=30 prompt=933
[570/986] item=569 arm=gemma-e2b stop=stop_string tokens=116 prompt=924
[571/986] item=570 arm=gemma-e2b stop=stop_string tokens=32 prompt=978
[572/986] item=571 arm=gemma-e2b stop=stop_string tokens=131 prompt=969
[573/986] item=572 arm=gemma-e2b stop=stop_string tokens=11 prompt=987
[574/986] item=573 arm=gemma-e2b stop=stop_string tokens=86 prompt=912
[575/986] item=574 arm=gemma-e2b stop=stop_string tokens=108 prompt=953
[576/986] item=575 arm=gemma-e2b stop=stop_string tokens=25 prompt=1016
[577/986] item=576 arm=gemma-e2b stop=stop_string tokens=59 prompt=904
[578/986] item=577 arm=gemma-e2b stop=stop_string tokens=15 prompt=1304
[579/986] item=578 arm=gemma-e2b stop=stop_string tokens=25 prompt=1065
[580/986] item=579 arm=gemma-e2b stop=stop_string tokens=12 prompt=955
[581/986] item=580 arm=gemma-e2b stop=stop_string tokens=25 prompt=976
[582/986] item=581 arm=gemma-e2b stop=stop_string tokens=73 prompt=943
[583/986] item=582 arm=gemma-e2b stop=stop_string tokens=8 prompt=903
[584/986] item=583 arm=gemma-e2b stop=stop_string tokens=25 prompt=941
[585/986] item=584 arm=gemma-e2b stop=stop_string tokens=74 prompt=911
[586/986] item=585 arm=gemma-e2b stop=stop_string tokens=25 prompt=979
[587/986] item=586 arm=gemma-e2b stop=stop_string tokens=199 prompt=1043
[588/986] item=587 arm=gemma-e2b stop=stop_string tokens=98 prompt=902
[589/986] item=588 arm=gemma-e2b stop=stop_string tokens=35 prompt=973
[590/986] item=589 arm=gemma-e2b stop=stop_string tokens=31 prompt=956
[591/986] item=590 arm=gemma-e2b stop=stop_string tokens=37 prompt=885
[592/986] item=591 arm=gemma-e2b stop=stop_string tokens=29 prompt=1038
[593/986] item=592 arm=gemma-e2b stop=stop_string tokens=9 prompt=967
[594/986] item=593 arm=gemma-e2b stop=stop_string tokens=64 prompt=941
[595/986] item=594 arm=gemma-e2b stop=stop_string tokens=13 prompt=944
[596/986] item=595 arm=gemma-e2b stop=stop_string tokens=12 prompt=898
[597/986] item=596 arm=gemma-e2b stop=stop_string tokens=27 prompt=915
[598/986] item=597 arm=gemma-e2b stop=stop_string tokens=62 prompt=937
[599/986] item=598 arm=gemma-e2b stop=stop_string tokens=28 prompt=905
[600/986] item=599 arm=gemma-e2b stop=stop_string tokens=22 prompt=1077
[601/986] item=600 arm=gemma-e2b stop=stop_string tokens=25 prompt=951
[602/986] item=601 arm=gemma-e2b stop=stop_string tokens=38 prompt=924
[603/986] item=602 arm=gemma-e2b stop=stop_string tokens=30 prompt=989
[604/986] item=603 arm=gemma-e2b stop=stop_string tokens=69 prompt=944
[605/986] item=604 arm=gemma-e2b stop=stop_string tokens=14 prompt=918
[606/986] item=605 arm=gemma-e2b stop=stop_string tokens=17 prompt=1000
[607/986] item=606 arm=gemma-e2b stop=stop_string tokens=8 prompt=928
[608/986] item=607 arm=gemma-e2b stop=stop_string tokens=19 prompt=896
[609/986] item=608 arm=gemma-e2b stop=stop_string tokens=39 prompt=1002
[610/986] item=609 arm=gemma-e2b stop=stop_string tokens=15 prompt=975
[611/986] item=610 arm=gemma-e2b stop=cap tokens=200 prompt=966
[612/986] item=611 arm=gemma-e2b stop=stop_string tokens=12 prompt=984
[613/986] item=612 arm=gemma-e2b stop=stop_string tokens=13 prompt=932
[614/986] item=613 arm=gemma-e2b stop=stop_string tokens=16 prompt=963
[615/986] item=614 arm=gemma-e2b stop=stop_string tokens=32 prompt=937
[616/986] item=615 arm=gemma-e2b stop=stop_string tokens=54 prompt=998
[617/986] item=616 arm=gemma-e2b stop=stop_string tokens=25 prompt=935
[618/986] item=617 arm=gemma-e2b stop=stop_string tokens=16 prompt=1028
[619/986] item=618 arm=gemma-e2b stop=stop_string tokens=176 prompt=936
[620/986] item=619 arm=gemma-e2b stop=stop_string tokens=8 prompt=982
[621/986] item=620 arm=gemma-e2b stop=stop_string tokens=124 prompt=995
[622/986] item=621 arm=gemma-e2b stop=stop_string tokens=8 prompt=1082
[623/986] item=622 arm=gemma-e2b stop=stop_string tokens=9 prompt=980
[624/986] item=623 arm=gemma-e2b stop=stop_string tokens=14 prompt=962
[625/986] item=624 arm=gemma-e2b stop=stop_string tokens=29 prompt=850
[626/986] item=625 arm=gemma-e2b stop=stop_string tokens=25 prompt=964
[627/986] item=626 arm=gemma-e2b stop=stop_string tokens=71 prompt=984
[628/986] item=627 arm=gemma-e2b stop=stop_string tokens=26 prompt=923
[629/986] item=628 arm=gemma-e2b stop=stop_string tokens=164 prompt=973
[630/986] item=629 arm=gemma-e2b stop=stop_string tokens=16 prompt=914
[631/986] item=630 arm=gemma-e2b stop=stop_string tokens=57 prompt=925
[632/986] item=631 arm=gemma-e2b stop=stop_string tokens=31 prompt=931
[633/986] item=632 arm=gemma-e2b stop=stop_string tokens=14 prompt=934
[634/986] item=633 arm=gemma-e2b stop=stop_string tokens=12 prompt=904
[635/986] item=634 arm=gemma-e2b stop=stop_string tokens=88 prompt=894
[636/986] item=635 arm=gemma-e2b stop=stop_string tokens=16 prompt=1007
[637/986] item=636 arm=gemma-e2b stop=stop_string tokens=25 prompt=944
[638/986] item=637 arm=gemma-e2b stop=stop_string tokens=20 prompt=923
[639/986] item=638 arm=gemma-e2b stop=stop_string tokens=71 prompt=1029
[640/986] item=639 arm=gemma-e2b stop=stop_string tokens=12 prompt=942
[641/986] item=640 arm=gemma-e2b stop=stop_string tokens=14 prompt=947
[642/986] item=641 arm=gemma-e2b stop=stop_string tokens=25 prompt=963
[643/986] item=642 arm=gemma-e2b stop=stop_string tokens=10 prompt=1014
[644/986] item=643 arm=gemma-e2b stop=stop_string tokens=28 prompt=1031
[645/986] item=644 arm=gemma-e2b stop=stop_string tokens=21 prompt=1081
[646/986] item=645 arm=gemma-e2b stop=stop_string tokens=27 prompt=950
[647/986] item=646 arm=gemma-e2b stop=stop_string tokens=95 prompt=1010
[648/986] item=647 arm=gemma-e2b stop=stop_string tokens=85 prompt=950
[649/986] item=648 arm=gemma-e2b stop=stop_string tokens=52 prompt=942
[650/986] item=649 arm=gemma-e2b stop=stop_string tokens=21 prompt=1085
[651/986] item=650 arm=gemma-e2b stop=stop_string tokens=12 prompt=906
[652/986] item=651 arm=gemma-e2b stop=stop_string tokens=20 prompt=979
[653/986] item=652 arm=gemma-e2b stop=stop_string tokens=12 prompt=1001
[654/986] item=653 arm=gemma-e2b stop=stop_string tokens=19 prompt=997
[655/986] item=654 arm=gemma-e2b stop=stop_string tokens=25 prompt=921
[656/986] item=655 arm=gemma-e2b stop=stop_string tokens=34 prompt=963
[657/986] item=656 arm=gemma-e2b stop=stop_string tokens=104 prompt=908
[658/986] item=657 arm=gemma-e2b stop=stop_string tokens=23 prompt=944
[659/986] item=658 arm=gemma-e2b stop=stop_string tokens=148 prompt=978
[660/986] item=659 arm=gemma-e2b stop=stop_string tokens=46 prompt=926
[661/986] item=660 arm=gemma-e2b stop=stop_string tokens=15 prompt=943
[662/986] item=661 arm=gemma-e2b stop=stop_string tokens=25 prompt=975
[663/986] item=662 arm=gemma-e2b stop=stop_string tokens=22 prompt=1021
[664/986] item=663 arm=gemma-e2b stop=stop_string tokens=37 prompt=926
[665/986] item=664 arm=gemma-e2b stop=stop_string tokens=40 prompt=973
[666/986] item=665 arm=gemma-e2b stop=stop_string tokens=8 prompt=924
[667/986] item=666 arm=gemma-e2b stop=stop_string tokens=13 prompt=856
[668/986] item=667 arm=gemma-e2b stop=stop_string tokens=27 prompt=985
[669/986] item=668 arm=gemma-e2b stop=stop_string tokens=22 prompt=1005
[670/986] item=669 arm=gemma-e2b stop=stop_string tokens=42 prompt=962
[671/986] item=670 arm=gemma-e2b stop=stop_string tokens=105 prompt=986
[672/986] item=671 arm=gemma-e2b stop=stop_string tokens=22 prompt=942
[673/986] item=672 arm=gemma-e2b stop=stop_string tokens=21 prompt=952
[674/986] item=673 arm=gemma-e2b stop=stop_string tokens=25 prompt=823
[675/986] item=674 arm=gemma-e2b stop=stop_string tokens=20 prompt=1026
[676/986] item=675 arm=gemma-e2b stop=stop_string tokens=16 prompt=1017
[677/986] item=676 arm=gemma-e2b stop=stop_string tokens=22 prompt=940
[678/986] item=677 arm=gemma-e2b stop=stop_string tokens=9 prompt=958
[679/986] item=678 arm=gemma-e2b stop=stop_string tokens=17 prompt=939
[680/986] item=679 arm=gemma-e2b stop=stop_string tokens=18 prompt=902
[681/986] item=680 arm=gemma-e2b stop=stop_string tokens=29 prompt=984
[682/986] item=681 arm=gemma-e2b stop=stop_string tokens=18 prompt=976
[683/986] item=682 arm=gemma-e2b stop=stop_string tokens=29 prompt=947
[684/986] item=683 arm=gemma-e2b stop=stop_string tokens=13 prompt=977
[685/986] item=684 arm=gemma-e2b stop=stop_string tokens=17 prompt=960
[686/986] item=685 arm=gemma-e2b stop=stop_string tokens=19 prompt=1004
[687/986] item=686 arm=gemma-e2b stop=stop_string tokens=35 prompt=929
[688/986] item=687 arm=gemma-e2b stop=stop_string tokens=13 prompt=908
[689/986] item=688 arm=gemma-e2b stop=stop_string tokens=20 prompt=912
[690/986] item=689 arm=gemma-e2b stop=stop_string tokens=15 prompt=1007
[691/986] item=690 arm=gemma-e2b stop=stop_string tokens=21 prompt=960
[692/986] item=691 arm=gemma-e2b stop=stop_string tokens=91 prompt=969
[693/986] item=692 arm=gemma-e2b stop=stop_string tokens=9 prompt=1127
[694/986] item=693 arm=gemma-e2b stop=stop_string tokens=20 prompt=991
[695/986] item=694 arm=gemma-e2b stop=stop_string tokens=43 prompt=950
[696/986] item=695 arm=gemma-e2b stop=stop_string tokens=43 prompt=966
[697/986] item=696 arm=gemma-e2b stop=stop_string tokens=69 prompt=919
[698/986] item=697 arm=gemma-e2b stop=stop_string tokens=19 prompt=1021
[699/986] item=698 arm=gemma-e2b stop=stop_string tokens=20 prompt=935
[700/986] item=699 arm=gemma-e2b stop=stop_string tokens=25 prompt=884
[701/986] item=700 arm=gemma-e2b stop=stop_string tokens=23 prompt=965
[702/986] item=701 arm=gemma-e2b stop=stop_string tokens=13 prompt=922
[703/986] item=702 arm=gemma-e2b stop=stop_string tokens=113 prompt=1060
[704/986] item=703 arm=gemma-e2b stop=stop_string tokens=19 prompt=1154
[705/986] item=704 arm=gemma-e2b stop=stop_string tokens=118 prompt=903
[706/986] item=705 arm=gemma-e2b stop=stop_string tokens=17 prompt=949
[707/986] item=706 arm=gemma-e2b stop=stop_string tokens=17 prompt=1472
[708/986] item=707 arm=gemma-e2b stop=stop_string tokens=20 prompt=989
[709/986] item=708 arm=gemma-e2b stop=stop_string tokens=74 prompt=938
[710/986] item=709 arm=gemma-e2b stop=stop_string tokens=19 prompt=1031
[711/986] item=710 arm=gemma-e2b stop=stop_string tokens=64 prompt=878
[712/986] item=711 arm=gemma-e2b stop=stop_string tokens=26 prompt=977
[713/986] item=712 arm=gemma-e2b stop=stop_string tokens=9 prompt=1078
[714/986] item=713 arm=gemma-e2b stop=stop_string tokens=24 prompt=928
[715/986] item=714 arm=gemma-e2b stop=stop_string tokens=15 prompt=927
[716/986] item=715 arm=gemma-e2b stop=stop_string tokens=19 prompt=979
[717/986] item=716 arm=gemma-e2b stop=stop_string tokens=2 prompt=951
[718/986] item=717 arm=gemma-e2b stop=stop_string tokens=70 prompt=938
[719/986] item=718 arm=gemma-e2b stop=stop_string tokens=15 prompt=885
[720/986] item=719 arm=gemma-e2b stop=stop_string tokens=43 prompt=1006
[721/986] item=720 arm=gemma-e2b stop=stop_string tokens=25 prompt=977
[722/986] item=721 arm=gemma-e2b stop=stop_string tokens=14 prompt=941
[723/986] item=722 arm=gemma-e2b stop=stop_string tokens=19 prompt=945
[724/986] item=723 arm=gemma-e2b stop=stop_string tokens=20 prompt=967
[725/986] item=724 arm=gemma-e2b stop=stop_string tokens=12 prompt=957
[726/986] item=725 arm=gemma-e2b stop=stop_string tokens=46 prompt=949
[727/986] item=726 arm=gemma-e2b stop=stop_string tokens=57 prompt=907
[728/986] item=727 arm=gemma-e2b stop=stop_string tokens=14 prompt=909
[729/986] item=728 arm=gemma-e2b stop=stop_string tokens=37 prompt=931
[730/986] item=729 arm=gemma-e2b stop=stop_string tokens=86 prompt=963
[731/986] item=730 arm=gemma-e2b stop=stop_string tokens=150 prompt=975
[732/986] item=731 arm=gemma-e2b stop=stop_string tokens=23 prompt=863
[733/986] item=732 arm=gemma-e2b stop=stop_string tokens=50 prompt=1053
[734/986] item=733 arm=gemma-e2b stop=stop_string tokens=23 prompt=938
[735/986] item=734 arm=gemma-e2b stop=stop_string tokens=25 prompt=1008
[736/986] item=735 arm=gemma-e2b stop=stop_string tokens=2 prompt=966
[737/986] item=736 arm=gemma-e2b stop=stop_string tokens=39 prompt=864
[738/986] item=737 arm=gemma-e2b stop=stop_string tokens=16 prompt=985
[739/986] item=738 arm=gemma-e2b stop=stop_string tokens=26 prompt=963
[740/986] item=739 arm=gemma-e2b stop=stop_string tokens=12 prompt=1151
[741/986] item=740 arm=gemma-e2b stop=stop_string tokens=25 prompt=964
[742/986] item=741 arm=gemma-e2b stop=stop_string tokens=15 prompt=1009
[743/986] item=742 arm=gemma-e2b stop=stop_string tokens=25 prompt=1002
[744/986] item=743 arm=gemma-e2b stop=stop_string tokens=20 prompt=925
[745/986] item=744 arm=gemma-e2b stop=cap tokens=200 prompt=977
[746/986] item=745 arm=gemma-e2b stop=stop_string tokens=84 prompt=896
[747/986] item=746 arm=gemma-e2b stop=stop_string tokens=65 prompt=993
[748/986] item=747 arm=gemma-e2b stop=stop_string tokens=9 prompt=920
[749/986] item=748 arm=gemma-e2b stop=stop_string tokens=10 prompt=918
[750/986] item=749 arm=gemma-e2b stop=stop_string tokens=26 prompt=962
[751/986] item=750 arm=gemma-e2b stop=stop_string tokens=46 prompt=915
[752/986] item=751 arm=gemma-e2b stop=stop_string tokens=9 prompt=915
[753/986] item=752 arm=gemma-e2b stop=stop_string tokens=91 prompt=1012
[754/986] item=753 arm=gemma-e2b stop=stop_string tokens=18 prompt=901
[755/986] item=754 arm=gemma-e2b stop=stop_string tokens=16 prompt=1221
[756/986] item=755 arm=gemma-e2b stop=stop_string tokens=40 prompt=1018
[757/986] item=756 arm=gemma-e2b stop=stop_string tokens=17 prompt=905
[758/986] item=757 arm=gemma-e2b stop=stop_string tokens=13 prompt=971
[759/986] item=758 arm=gemma-e2b stop=stop_string tokens=33 prompt=971
[760/986] item=759 arm=gemma-e2b stop=stop_string tokens=30 prompt=1053
[761/986] item=760 arm=gemma-e2b stop=stop_string tokens=12 prompt=978
[762/986] item=761 arm=gemma-e2b stop=stop_string tokens=140 prompt=987
[763/986] item=762 arm=gemma-e2b stop=stop_string tokens=50 prompt=983
[764/986] item=763 arm=gemma-e2b stop=stop_string tokens=30 prompt=978
[765/986] item=764 arm=gemma-e2b stop=stop_string tokens=9 prompt=1086
[766/986] item=765 arm=gemma-e2b stop=stop_string tokens=8 prompt=910
[767/986] item=766 arm=gemma-e2b stop=stop_string tokens=32 prompt=948
[768/986] item=767 arm=gemma-e2b stop=stop_string tokens=14 prompt=1039
[769/986] item=768 arm=gemma-e2b stop=stop_string tokens=49 prompt=944
[770/986] item=769 arm=gemma-e2b stop=stop_string tokens=76 prompt=965
[771/986] item=770 arm=gemma-e2b stop=stop_string tokens=26 prompt=913
[772/986] item=771 arm=gemma-e2b stop=stop_string tokens=22 prompt=905
[773/986] item=772 arm=gemma-e2b stop=stop_string tokens=31 prompt=1055
[774/986] item=773 arm=gemma-e2b stop=stop_string tokens=15 prompt=994
[775/986] item=774 arm=gemma-e2b stop=stop_string tokens=18 prompt=984
[776/986] item=775 arm=gemma-e2b stop=stop_string tokens=8 prompt=885
[777/986] item=776 arm=gemma-e2b stop=stop_string tokens=15 prompt=1083
[778/986] item=777 arm=gemma-e2b stop=stop_string tokens=70 prompt=937
[779/986] item=778 arm=gemma-e2b stop=stop_string tokens=20 prompt=913
[780/986] item=779 arm=gemma-e2b stop=stop_string tokens=14 prompt=888
[781/986] item=780 arm=gemma-e2b stop=stop_string tokens=20 prompt=1010
[782/986] item=781 arm=gemma-e2b stop=stop_string tokens=13 prompt=894
[783/986] item=782 arm=gemma-e2b stop=stop_string tokens=32 prompt=956
[784/986] item=783 arm=gemma-e2b stop=stop_string tokens=82 prompt=939
[785/986] item=784 arm=gemma-e2b stop=stop_string tokens=23 prompt=970
[786/986] item=785 arm=gemma-e2b stop=stop_string tokens=20 prompt=1024
[787/986] item=786 arm=gemma-e2b stop=stop_string tokens=12 prompt=882
[788/986] item=787 arm=gemma-e2b stop=stop_string tokens=2 prompt=951
[789/986] item=788 arm=gemma-e2b stop=stop_string tokens=22 prompt=892
[790/986] item=789 arm=gemma-e2b stop=stop_string tokens=68 prompt=947
[791/986] item=790 arm=gemma-e2b stop=stop_string tokens=22 prompt=896
[792/986] item=791 arm=gemma-e2b stop=stop_string tokens=22 prompt=953
[793/986] item=792 arm=gemma-e2b stop=stop_string tokens=9 prompt=964
[794/986] item=793 arm=gemma-e2b stop=stop_string tokens=18 prompt=920
[795/986] item=794 arm=gemma-e2b stop=stop_string tokens=12 prompt=929
[796/986] item=795 arm=gemma-e2b stop=stop_string tokens=21 prompt=1345
[797/986] item=796 arm=gemma-e2b stop=stop_string tokens=28 prompt=970
[798/986] item=797 arm=gemma-e2b stop=stop_string tokens=63 prompt=964
[799/986] item=798 arm=gemma-e2b stop=stop_string tokens=15 prompt=947
[800/986] item=799 arm=gemma-e2b stop=stop_string tokens=14 prompt=933
[801/986] item=800 arm=gemma-e2b stop=stop_string tokens=20 prompt=959
[802/986] item=801 arm=gemma-e2b stop=stop_string tokens=17 prompt=934
[803/986] item=802 arm=gemma-e2b stop=stop_string tokens=18 prompt=972
[804/986] item=803 arm=gemma-e2b stop=stop_string tokens=29 prompt=982
[805/986] item=804 arm=gemma-e2b stop=stop_string tokens=8 prompt=945
[806/986] item=805 arm=gemma-e2b stop=stop_string tokens=107 prompt=883
[807/986] item=806 arm=gemma-e2b stop=stop_string tokens=12 prompt=938
[808/986] item=807 arm=gemma-e2b stop=stop_string tokens=15 prompt=891
[809/986] item=808 arm=gemma-e2b stop=stop_string tokens=9 prompt=998
[810/986] item=809 arm=gemma-e2b stop=stop_string tokens=17 prompt=915
[811/986] item=810 arm=gemma-e2b stop=stop_string tokens=30 prompt=901
[812/986] item=811 arm=gemma-e2b stop=stop_string tokens=62 prompt=961
[813/986] item=812 arm=gemma-e2b stop=stop_string tokens=130 prompt=988
[814/986] item=813 arm=gemma-e2b stop=stop_string tokens=20 prompt=912
[815/986] item=814 arm=gemma-e2b stop=stop_string tokens=29 prompt=956
[816/986] item=815 arm=gemma-e2b stop=stop_string tokens=82 prompt=907
[817/986] item=816 arm=gemma-e2b stop=stop_string tokens=38 prompt=1126
[818/986] item=817 arm=gemma-e2b stop=stop_string tokens=12 prompt=1063
[819/986] item=818 arm=gemma-e2b stop=stop_string tokens=8 prompt=955
[820/986] item=819 arm=gemma-e2b stop=stop_string tokens=33 prompt=889
[821/986] item=820 arm=gemma-e2b stop=stop_string tokens=41 prompt=896
[822/986] item=821 arm=gemma-e2b stop=stop_string tokens=18 prompt=931
[823/986] item=822 arm=gemma-e2b stop=stop_string tokens=25 prompt=934
[824/986] item=823 arm=gemma-e2b stop=stop_string tokens=15 prompt=895
[825/986] item=824 arm=gemma-e2b stop=stop_string tokens=25 prompt=952
[826/986] item=825 arm=gemma-e2b stop=stop_string tokens=134 prompt=925
[827/986] item=826 arm=gemma-e2b stop=stop_string tokens=19 prompt=1054
[828/986] item=827 arm=gemma-e2b stop=stop_string tokens=15 prompt=999
[829/986] item=828 arm=gemma-e2b stop=stop_string tokens=40 prompt=944
[830/986] item=829 arm=gemma-e2b stop=stop_string tokens=42 prompt=1049
[831/986] item=830 arm=gemma-e2b stop=stop_string tokens=19 prompt=889
[832/986] item=831 arm=gemma-e2b stop=stop_string tokens=17 prompt=918
[833/986] item=832 arm=gemma-e2b stop=stop_string tokens=8 prompt=894
[834/986] item=833 arm=gemma-e2b stop=stop_string tokens=51 prompt=904
[835/986] item=834 arm=gemma-e2b stop=stop_string tokens=30 prompt=1068
[836/986] item=835 arm=gemma-e2b stop=stop_string tokens=71 prompt=990
[837/986] item=836 arm=gemma-e2b stop=stop_string tokens=47 prompt=803
[838/986] item=837 arm=gemma-e2b stop=stop_string tokens=74 prompt=906
[839/986] item=838 arm=gemma-e2b stop=stop_string tokens=19 prompt=873
[840/986] item=839 arm=gemma-e2b stop=stop_string tokens=20 prompt=932
[841/986] item=840 arm=gemma-e2b stop=stop_string tokens=9 prompt=951
[842/986] item=841 arm=gemma-e2b stop=stop_string tokens=22 prompt=1036
[843/986] item=842 arm=gemma-e2b stop=stop_string tokens=12 prompt=890
[844/986] item=843 arm=gemma-e2b stop=stop_string tokens=9 prompt=911
[845/986] item=844 arm=gemma-e2b stop=stop_string tokens=16 prompt=969
[846/986] item=845 arm=gemma-e2b stop=stop_string tokens=72 prompt=992
[847/986] item=846 arm=gemma-e2b stop=stop_string tokens=23 prompt=1067
[848/986] item=847 arm=gemma-e2b stop=stop_string tokens=12 prompt=1073
[849/986] item=848 arm=gemma-e2b stop=stop_string tokens=51 prompt=1014
[850/986] item=849 arm=gemma-e2b stop=stop_string tokens=15 prompt=915
[851/986] item=850 arm=gemma-e2b stop=stop_string tokens=25 prompt=962
[852/986] item=851 arm=gemma-e2b stop=stop_string tokens=8 prompt=949
[853/986] item=852 arm=gemma-e2b stop=stop_string tokens=2 prompt=923
[854/986] item=853 arm=gemma-e2b stop=stop_string tokens=46 prompt=907
[855/986] item=854 arm=gemma-e2b stop=stop_string tokens=9 prompt=906
[856/986] item=855 arm=gemma-e2b stop=stop_string tokens=9 prompt=1055
[857/986] item=856 arm=gemma-e2b stop=stop_string tokens=41 prompt=973
[858/986] item=857 arm=gemma-e2b stop=stop_string tokens=61 prompt=937
[859/986] item=858 arm=gemma-e2b stop=stop_string tokens=9 prompt=875
[860/986] item=859 arm=gemma-e2b stop=stop_string tokens=9 prompt=892
[861/986] item=860 arm=gemma-e2b stop=stop_string tokens=140 prompt=946
[862/986] item=861 arm=gemma-e2b stop=stop_string tokens=113 prompt=950
[863/986] item=862 arm=gemma-e2b stop=stop_string tokens=9 prompt=948
[864/986] item=863 arm=gemma-e2b stop=stop_string tokens=12 prompt=881
[865/986] item=864 arm=gemma-e2b stop=stop_string tokens=69 prompt=938
[866/986] item=865 arm=gemma-e2b stop=stop_string tokens=21 prompt=1047
[867/986] item=866 arm=gemma-e2b stop=stop_string tokens=29 prompt=1012
[868/986] item=867 arm=gemma-e2b stop=stop_string tokens=13 prompt=975
[869/986] item=868 arm=gemma-e2b stop=stop_string tokens=12 prompt=922
[870/986] item=869 arm=gemma-e2b stop=stop_string tokens=17 prompt=1017
[871/986] item=870 arm=gemma-e2b stop=stop_string tokens=44 prompt=928
[872/986] item=871 arm=gemma-e2b stop=stop_string tokens=109 prompt=971
[873/986] item=872 arm=gemma-e2b stop=stop_string tokens=15 prompt=997
[874/986] item=873 arm=gemma-e2b stop=stop_string tokens=8 prompt=884
[875/986] item=874 arm=gemma-e2b stop=stop_string tokens=12 prompt=1034
[876/986] item=875 arm=gemma-e2b stop=stop_string tokens=22 prompt=934
[877/986] item=876 arm=gemma-e2b stop=stop_string tokens=8 prompt=958
[878/986] item=877 arm=gemma-e2b stop=stop_string tokens=9 prompt=993
[879/986] item=878 arm=gemma-e2b stop=stop_string tokens=15 prompt=983
[880/986] item=879 arm=gemma-e2b stop=stop_string tokens=139 prompt=915
[881/986] item=880 arm=gemma-e2b stop=stop_string tokens=18 prompt=972
[882/986] item=881 arm=gemma-e2b stop=stop_string tokens=12 prompt=950
[883/986] item=882 arm=gemma-e2b stop=stop_string tokens=31 prompt=979
[884/986] item=883 arm=gemma-e2b stop=stop_string tokens=41 prompt=956
[885/986] item=884 arm=gemma-e2b stop=stop_string tokens=20 prompt=901
[886/986] item=885 arm=gemma-e2b stop=stop_string tokens=21 prompt=913
[887/986] item=886 arm=gemma-e2b stop=stop_string tokens=12 prompt=1047
[888/986] item=887 arm=gemma-e2b stop=stop_string tokens=8 prompt=922
[889/986] item=888 arm=gemma-e2b stop=stop_string tokens=35 prompt=937
[890/986] item=889 arm=gemma-e2b stop=stop_string tokens=22 prompt=887
[891/986] item=890 arm=gemma-e2b stop=stop_string tokens=22 prompt=1052
[892/986] item=891 arm=gemma-e2b stop=stop_string tokens=20 prompt=936
[893/986] item=892 arm=gemma-e2b stop=stop_string tokens=22 prompt=913
[894/986] item=893 arm=gemma-e2b stop=stop_string tokens=2 prompt=864
[895/986] item=894 arm=gemma-e2b stop=stop_string tokens=112 prompt=953
[896/986] item=895 arm=gemma-e2b stop=stop_string tokens=12 prompt=1029
[897/986] item=896 arm=gemma-e2b stop=stop_string tokens=15 prompt=1123
[898/986] item=897 arm=gemma-e2b stop=stop_string tokens=12 prompt=981
[899/986] item=898 arm=gemma-e2b stop=stop_string tokens=34 prompt=923
[900/986] item=899 arm=gemma-e2b stop=stop_string tokens=8 prompt=983
[901/986] item=900 arm=gemma-e2b stop=stop_string tokens=9 prompt=945
[902/986] item=901 arm=gemma-e2b stop=stop_string tokens=21 prompt=998
[903/986] item=902 arm=gemma-e2b stop=stop_string tokens=13 prompt=931
[904/986] item=903 arm=gemma-e2b stop=stop_string tokens=9 prompt=971
[905/986] item=904 arm=gemma-e2b stop=stop_string tokens=8 prompt=1031
[906/986] item=905 arm=gemma-e2b stop=stop_string tokens=8 prompt=974
[907/986] item=906 arm=gemma-e2b stop=stop_string tokens=46 prompt=897
[908/986] item=907 arm=gemma-e2b stop=stop_string tokens=18 prompt=1103
[909/986] item=908 arm=gemma-e2b stop=stop_string tokens=47 prompt=928
[910/986] item=909 arm=gemma-e2b stop=stop_string tokens=12 prompt=946
[911/986] item=910 arm=gemma-e2b stop=stop_string tokens=34 prompt=963
[912/986] item=911 arm=gemma-e2b stop=stop_string tokens=104 prompt=935
[913/986] item=912 arm=gemma-e2b stop=stop_string tokens=30 prompt=983
[914/986] item=913 arm=gemma-e2b stop=stop_string tokens=27 prompt=961
[915/986] item=914 arm=gemma-e2b stop=stop_string tokens=75 prompt=937
[916/986] item=915 arm=gemma-e2b stop=stop_string tokens=12 prompt=1053
[917/986] item=916 arm=gemma-e2b stop=stop_string tokens=8 prompt=936
[918/986] item=917 arm=gemma-e2b stop=stop_string tokens=9 prompt=947
[919/986] item=918 arm=gemma-e2b stop=stop_string tokens=104 prompt=910
[920/986] item=919 arm=gemma-e2b stop=stop_string tokens=41 prompt=895
[921/986] item=920 arm=gemma-e2b stop=stop_string tokens=99 prompt=928
[922/986] item=921 arm=gemma-e2b stop=stop_string tokens=22 prompt=925
[923/986] item=922 arm=gemma-e2b stop=stop_string tokens=21 prompt=997
[924/986] item=923 arm=gemma-e2b stop=stop_string tokens=54 prompt=965
[925/986] item=924 arm=gemma-e2b stop=stop_string tokens=8 prompt=906
[926/986] item=925 arm=gemma-e2b stop=stop_string tokens=13 prompt=934
[927/986] item=926 arm=gemma-e2b stop=stop_string tokens=21 prompt=906
[928/986] item=927 arm=gemma-e2b stop=stop_string tokens=25 prompt=1050
[929/986] item=928 arm=gemma-e2b stop=stop_string tokens=19 prompt=958
[930/986] item=929 arm=gemma-e2b stop=stop_string tokens=12 prompt=861
[931/986] item=930 arm=gemma-e2b stop=stop_string tokens=16 prompt=991
[932/986] item=931 arm=gemma-e2b stop=stop_string tokens=2 prompt=932
[933/986] item=932 arm=gemma-e2b stop=stop_string tokens=13 prompt=930
[934/986] item=933 arm=gemma-e2b stop=stop_string tokens=20 prompt=919
[935/986] item=934 arm=gemma-e2b stop=stop_string tokens=9 prompt=888
[936/986] item=935 arm=gemma-e2b stop=stop_string tokens=29 prompt=1063
[937/986] item=936 arm=gemma-e2b stop=stop_string tokens=26 prompt=973
[938/986] item=937 arm=gemma-e2b stop=stop_string tokens=70 prompt=1039
[939/986] item=938 arm=gemma-e2b stop=stop_string tokens=8 prompt=1065
[940/986] item=939 arm=gemma-e2b stop=stop_string tokens=16 prompt=965
[941/986] item=940 arm=gemma-e2b stop=stop_string tokens=16 prompt=998
[942/986] item=941 arm=gemma-e2b stop=stop_string tokens=15 prompt=958
[943/986] item=942 arm=gemma-e2b stop=stop_string tokens=20 prompt=998
[944/986] item=943 arm=gemma-e2b stop=stop_string tokens=8 prompt=983
[945/986] item=944 arm=gemma-e2b stop=stop_string tokens=19 prompt=916
[946/986] item=945 arm=gemma-e2b stop=stop_string tokens=54 prompt=946
[947/986] item=946 arm=gemma-e2b stop=stop_string tokens=17 prompt=940
[948/986] item=947 arm=gemma-e2b stop=stop_string tokens=15 prompt=885
[949/986] item=948 arm=gemma-e2b stop=stop_string tokens=28 prompt=922
[950/986] item=949 arm=gemma-e2b stop=stop_string tokens=17 prompt=927
[951/986] item=950 arm=gemma-e2b stop=stop_string tokens=55 prompt=951
[952/986] item=951 arm=gemma-e2b stop=stop_string tokens=45 prompt=956
[953/986] item=952 arm=gemma-e2b stop=stop_string tokens=112 prompt=919
[954/986] item=953 arm=gemma-e2b stop=stop_string tokens=72 prompt=995
[955/986] item=954 arm=gemma-e2b stop=stop_string tokens=22 prompt=913
[956/986] item=955 arm=gemma-e2b stop=stop_string tokens=17 prompt=1086
[957/986] item=956 arm=gemma-e2b stop=stop_string tokens=52 prompt=955
[958/986] item=957 arm=gemma-e2b stop=stop_string tokens=8 prompt=1004
[959/986] item=958 arm=gemma-e2b stop=stop_string tokens=9 prompt=896
[960/986] item=959 arm=gemma-e2b stop=stop_string tokens=12 prompt=1131
[961/986] item=960 arm=gemma-e2b stop=stop_string tokens=15 prompt=1004
[962/986] item=961 arm=gemma-e2b stop=stop_string tokens=2 prompt=936
[963/986] item=962 arm=gemma-e2b stop=stop_string tokens=20 prompt=956
[964/986] item=963 arm=gemma-e2b stop=stop_string tokens=107 prompt=993
[965/986] item=964 arm=gemma-e2b stop=stop_string tokens=25 prompt=959
[966/986] item=965 arm=gemma-e2b stop=stop_string tokens=32 prompt=988
[967/986] item=966 arm=gemma-e2b stop=stop_string tokens=20 prompt=1039
[968/986] item=967 arm=gemma-e2b stop=stop_string tokens=53 prompt=941
[969/986] item=968 arm=gemma-e2b stop=stop_string tokens=16 prompt=908
[970/986] item=969 arm=gemma-e2b stop=stop_string tokens=10 prompt=1176
[971/986] item=970 arm=gemma-e2b stop=stop_string tokens=16 prompt=1003
[972/986] item=971 arm=gemma-e2b stop=stop_string tokens=155 prompt=1028
[973/986] item=972 arm=gemma-e2b stop=stop_string tokens=9 prompt=1003
[974/986] item=973 arm=gemma-e2b stop=stop_string tokens=24 prompt=1078
[975/986] item=974 arm=gemma-e2b stop=stop_string tokens=12 prompt=954
[976/986] item=975 arm=gemma-e2b stop=stop_string tokens=94 prompt=978
[977/986] item=976 arm=gemma-e2b stop=stop_string tokens=17 prompt=1006
[978/986] item=977 arm=gemma-e2b stop=stop_string tokens=16 prompt=1158
[979/986] item=978 arm=gemma-e2b stop=stop_string tokens=25 prompt=911
[980/986] item=979 arm=gemma-e2b stop=stop_string tokens=16 prompt=1017
[981/986] item=980 arm=gemma-e2b stop=stop_string tokens=36 prompt=957
[982/986] item=981 arm=gemma-e2b stop=stop_string tokens=18 prompt=959
[983/986] item=982 arm=gemma-e2b stop=stop_string tokens=12 prompt=919
[984/986] item=983 arm=gemma-e2b stop=stop_string tokens=17 prompt=1015
[985/986] item=984 arm=gemma-e2b stop=stop_string tokens=12 prompt=894
[986/986] item=985 arm=gemma-e2b stop=stop_string tokens=40 prompt=909
done
